no_clear_surface | CSC Financial -> no_clear_surface
skip (done) Fuyao Group
skip (done) Lenovo
no_clear_surface | SG Automotive -> no_clear_surface
skip (done) WuXi Biologics
skip (done) OmniVision
skip (done) Foxconn Industrial Internet
skip (done) UP Fintech
no_clear_surface | Nan Nan Resources -> no_clear_surface
skip (done) BeOne Medicines
custom_surface | Aesthetic Medical International -> custom
skip (done) Mattson Technology
skip (done) Oasis Management
no_clear_surface | Yum China -> no_clear_surface
skip (done) Pop Mart
marker_surface | Shanghai Forte Land -> successfactors
skip (done) Techtronic Industries
skip (done) Enlight Media
skip (done) Black Sesame Technologies
skip (done) GAC Commercial Vehicle
no_clear_surface | GAC Mitsubishi -> no_clear_surface
no_clear_surface | GAC Toyota -> no_clear_surface
skip (done) Mango TV
skip (done) Hailiang Group
skip (done) China Merchants Bank
skip (done) Ant Group
skip (done) Autel Intelligent Technology
no_clear_surface | Brite Semiconductor -> no_clear_surface
skip (done) China CITIC Bank
no_clear_surface | China Unicom -> no_clear_surface
skip (done) MTR Corporation
no_clear_surface | Zhong Lun -> no_clear_surface
skip (done) Bitdeer
no_clear_surface | BBK Electronics -> no_clear_surface
skip (done) Dreame Technology
skip (done) JAC Group
skip (done) WuXi AppTec
skip (done) DeepRoute.ai
skip (done) EVE Energy
skip (done) Webull
skip (done) Aden Group
skip (done) AUX
no_clear_surface | Chinatex -> no_clear_surface
skip (done) Chint Group
skip (done) Joyson Safety Systems
skip (done) Marvelous
skip (done) Paramount Skydance
skip (done) Robam
no_clear_surface | TPV Technology -> no_clear_surface
skip (done) Weichai
skip (done) Fang Holdings
no_clear_surface | GreenTree Hospitality -> no_clear_surface
skip (done) Canaan
skip (done) Agora
skip (done) Antalpha Platform Holding Co
skip (done) Amer Sports
skip (done) BGI Group
skip (done) Bluestar Company
skip (done) Camel Group
no_clear_surface | Chaoda Modern Agriculture -> no_clear_surface
skip (done) Cheetah Mobile
skip (done) COFCO Group
skip (done) Fufeng Group
skip (done) Jereh Group
skip (done) King & Wood Mallesons
skip (done) Lee Kum Kee
skip (done) Niu Technologies
no_clear_surface | Ofo -> no_clear_surface
custom_surface | Tecno Mobile -> custom
custom_surface | ThinkPad -> custom
custom_surface | Tianjin Development -> custom
skip (done) Tianjin Port
skip (done) Trina Solar
skip (done) Val Morgan
marker_surface | Yili -> workday
no_clear_surface | COSCO Shipping -> no_clear_surface
custom_surface | Sieyuan Electric -> custom
no_clear_surface | Simcere Pharmaceutical -> no_clear_surface
skip (done) CLPS
skip (done) Paranovus Entertainment Technology
skip (done) Afya
skip (done) Baosheng Media
probe done for 82 records from probe_A
