Airwallex board-watch 2026-10-02: +137 new, -0 gone (137 active [airwallex_us_fulltime])
NEW Staff Product Manager, Card Schemes | US - San Francisco | Posted 239 Days Ago — 194 applicants | https://jobs.ashbyhq.com/airwallex/2fd283e7-a736-46b0-ba17-5fd3a5cefe17
NEW Senior Account Executive, Enterprise | US - San Francisco; {'location': 'US - New York', 'address': {'postalAddress': {'addressRegion': 'New York', 'addressCountry': 'United States', 'addressLocality': 'New York'}}} | Posted 526 Days Ago — 126 applicants | https://jobs.ashbyhq.com/airwallex/194ce53e-ed27-4976-bb64-58b2c77e5e93
NEW Head of Strategic Accounts, Enterprise, Americas | US - San Francisco | Posted 43 Days Ago — 25 applicants | https://jobs.ashbyhq.com/airwallex/34d5ea3b-08f0-465d-967b-ad2a054f3e36
NEW Senior Manager, Strategic Partnerships | US - San Francisco; {'location': 'US - New York', 'address': {'postalAddress': {'addressRegion': 'New York', 'addressCountry': 'United States', 'addressLocality': 'New York'}}} | Posted 221 Days Ago — 200 applicants | https://jobs.ashbyhq.com/airwallex/af69bf70-cb05-49c1-8773-ff3950173d97
NEW Senior Technical Account Manager | US - San Francisco | Posted 28 Days Ago — 153 applicants | https://jobs.ashbyhq.com/airwallex/b8059bae-1a9e-4f4a-86f2-3eddb43d0d7e
NEW Senior Technical Account Manager | US - New York | Posted 28 Days Ago — 95 applicants | https://jobs.ashbyhq.com/airwallex/024757a7-7c4f-49e7-a981-2dafa0b6ae0d
NEW Manager, Operations Strategy (Data and AI Governance) | US - San Francisco | Posted 58 Days Ago — 105 applicants | https://jobs.ashbyhq.com/airwallex/8629321e-2ef3-44a2-9e39-bdf8a1332451
NEW Senior Frontend Engineer, Expenses | US - San Francisco | Posted 133 Days Ago | https://jobs.ashbyhq.com/airwallex/c581a0dd-619f-4462-87e0-5ee946b3283a
NEW T0 AI Engineer | US - San Francisco | Posted 209 Days Ago | https://jobs.ashbyhq.com/airwallex/1d4b22cd-33cd-44b8-83fe-108d11907f2f
NEW Senior Software Engineer, AI Tooling | US - San Francisco | Posted 334 Days Ago | https://jobs.ashbyhq.com/airwallex/d943812b-edf6-4f92-bce3-1bbab2d8a480
NEW Director, Sales, Enterprise | US - New York; {'location': 'US - San Francisco', 'address': {'postalAddress': {'addressRegion': 'California', 'addressCountry': 'United States', 'addressLocality': 'San Francisco'}}} | Posted 67 Days Ago — 27 applicants | https://jobs.ashbyhq.com/airwallex/92e5b670-da4a-4cc3-94ed-740ff37d68df
NEW Senior Data Scientist, Growth Analytics  | US - San Francisco | Posted 42 Days Ago | https://jobs.ashbyhq.com/airwallex/0c33f286-3f00-4b2b-8f8b-70e1fd7ff7ff
NEW Director of Software Sales | US - San Francisco; {'location': 'US - New York', 'address': {'postalAddress': {'addressRegion': 'New York', 'addressCountry': 'United States', 'addressLocality': 'New York'}}} | Posted 259 Days Ago — 56 applicants | https://jobs.ashbyhq.com/airwallex/0fb96b8b-65fe-439a-b0ce-3f9015945f84
NEW Associate Director, Revenue Strategy, Enterprise, Americas | US - San Francisco | Posted 147 Days Ago — 152 applicants | https://jobs.ashbyhq.com/airwallex/d6497250-bc29-4c4f-bafb-4d64688b607f
NEW Staff Backend Engineer, Agentic AI  | US - San Francisco | Posted 225 Days Ago | https://jobs.ashbyhq.com/airwallex/613cbcbf-18df-4f97-b17a-1a30821755d6
NEW Product Lead, Growth (AI) | US - San Francisco | Posted 25 Days Ago — 113 applicants | https://jobs.ashbyhq.com/airwallex/1282ed12-37d7-415d-927a-2c4d33a3067a
NEW Senior Manager, Performance Marketing, SEM | US - San Francisco | Posted 128 Days Ago | https://jobs.ashbyhq.com/airwallex/59c2714f-eba8-4336-85c5-a47c3071b15d
NEW Manager, Paid Media | US - San Francisco | Posted 113 Days Ago | https://jobs.ashbyhq.com/airwallex/36fcec16-18f6-49e7-b621-bffdde569fd1
NEW Sales Manager, SME & Growth  | US - San Francisco | Posted 128 Days Ago — 58 applicants | https://jobs.ashbyhq.com/airwallex/66b75273-4ac3-4cd2-a538-20a85cd29338
NEW Staff Data Scientist, Growth Analytics | US - San Francisco | Posted 134 Days Ago — 200 applicants | https://jobs.ashbyhq.com/airwallex/d028d728-2474-41f9-a48f-f9c65ae207a1
NEW Senior Product Sales, Billing | US - San Francisco; {'location': 'US - New York', 'address': {'postalAddress': {'addressRegion': 'New York', 'addressCountry': 'United States', 'addressLocality': 'New York'}}} | Posted 9 Days Ago — 25 applicants | https://jobs.ashbyhq.com/airwallex/69f419e5-97a6-4efb-951a-ff33324fbbf6
NEW Director, Global Performance Marketing | US - San Francisco | Posted 64 Days Ago — 178 applicants | https://jobs.ashbyhq.com/airwallex/287f8f70-a008-474e-b40a-efe8db850f04
NEW Staff Product Manager, Corporate Site (Website) | US - San Francisco | Posted 46 Days Ago — 50 applicants | https://jobs.ashbyhq.com/airwallex/3aeb4a81-9dcd-4e32-811c-97c2812241e6
NEW Account Executive, Mid-Market | US - New York | Posted 37 Days Ago | https://jobs.ashbyhq.com/airwallex/2958f5e1-d7cf-4547-a7aa-a793e8022ab7
NEW Senior Manager, Global Influencer Marketing | US - San Francisco | Posted 15 Days Ago — 93 applicants | https://jobs.ashbyhq.com/airwallex/eb134812-9960-444b-82a4-188169942462
NEW … and 112 more (newposts.jsonl)
(2026-10-02T13:14:24)

Airwallex board-watch 2026-10-03: +2 new, -0 gone (139 active [airwallex_us_fulltime])
NEW Counsel, Product Legal (Yield) | US - San Francisco; {'location': 'US - New York', 'address': {'postalAddress': {'addressRegion': 'New York', 'addressCountry': 'United States', 'addressLocality': 'New York'}}} | Posted 1 Days Ago — 28 applicants | https://jobs.ashbyhq.com/airwallex/b82e24a0-7a87-40e5-a0dd-2ebdcea5cf57
NEW Senior Counsel, Product Legal (Yield) | US - San Francisco; {'location': 'US - New York', 'address': {'postalAddress': {'addressRegion': 'New York', 'addressCountry': 'United States', 'addressLocality': 'New York'}}} | Posted 1 Days Ago — 25 applicants | https://jobs.ashbyhq.com/airwallex/8cee1122-8fdf-4a75-a105-f5cd14771142
(2026-10-03T12:30:50)

Airwallex board-watch 2026-10-06: +0 new, -4 gone (135 active [airwallex_us_fulltime])
GONE Senior Manager, Performance Marketing, SEM (first seen 2026-10-02)
GONE Manager, Paid Media (first seen 2026-10-02)
GONE Manager, Performance Marketing, Paid Social (first seen 2026-10-02)
GONE Manager, Performance Marketing, Paid Search (first seen 2026-10-02)
(2026-10-06T14:01:14)

Airwallex board-watch 2026-10-06: +0 new, -1 gone (134 active [airwallex_us_fulltime])
GONE Counsel, Product Legal (Strategic Partnerships) (first seen 2026-10-02)
(2026-10-06T17:07:35)

Airwallex board-watch 2026-10-07: +1 new, -2 gone (133 active [airwallex_us_fulltime])
NEW Product Marketing Manager, Business Accounts | US - San Francisco | Posted 1 Days Ago — 25 applicants | https://jobs.ashbyhq.com/airwallex/ce5adcaa-73ae-4e6f-a5d8-5fe5e8dc09fb
GONE Senior Manager, Global Influencer Marketing (first seen 2026-10-02)
GONE Associate Director, Strategic Finance (first seen 2026-10-02)
REPOSTED (1)
REPOSTED Senior Product Marketing Manager, Payments (label reset 68d→1d)
(2026-10-07T01:19:18)

