Alibaba Group board-watch 2026-09-24: +37 new, -0 gone (47 active [alibaba_us_fulltime])
NEW Alibaba Cloud-Site Reliability Engineer-Sunnyvale | Sunnyvale | 2026-09-24 | /en/off-campus/position-detail?positionId=100037340001&track_id=SSP1790258157012yzMkDaYxWG4978
NEW Alibaba Cloud-Senior Security Engineer - Network Security and Product Security-Sunnyvale | Sunnyvale | 2026-09-23 | /en/off-campus/position-detail?positionId=100037380001&track_id=SSP1790258157012vdipwrtLBE7385
NEW Alibaba Cloud-Office Network Operations and Maintenance Engineer-Sunnyvale | Sunnyvale | 2026-09-23 | /en/off-campus/position-detail?positionId=100037420001&track_id=SSP1790258157012LfFTBUXaWN8470
NEW Alibaba Cloud Intelligence-Technical Account Manager-US (Sunnyvale) | Sunnyvale | 2026-09-23 | /en/off-campus/position-detail?positionId=100015403017&track_id=SSP1790258157012ANXPxDKpmV7951
NEW Alibaba Cloud-Facility Manager-Washington, D.C. | Washington D.C. | 2026-09-21 | /en/off-campus/position-detail?positionId=100040220003&track_id=SSP1790258157012HmlxmLxseM1958
NEW Alibaba Cloud-Facility Manager-Atlanta | Atlanta | 2026-09-21 | /en/off-campus/position-detail?positionId=100013963002&track_id=SSP1790258157012eshfrxtpXv3562
NEW Alibaba Cloud Intelligence-Senior Solutions Architect-Sunnyvale, CA, US | Sunnyvale | 2026-09-21 | /en/off-campus/position-detail?positionId=100015643012&track_id=SSP1790258158285xTVGurxXiT9874
NEW Alibaba Cloud Intelligence-Gen AI  Business Development-Sunnyvale, CA | Sunnyvale | 2026-09-21 | /en/off-campus/position-detail?positionId=100017343002&track_id=SSP1790258158285JqkdiLuqeH4457
NEW Alibaba Cloud Intelligence-Business Development-Key Accounts Management-Retail, FinTech, Hospitality | Sunnyvale | 2026-09-21 | /en/off-campus/position-detail?positionId=100003983004&track_id=SSP1790258158285GeiPQMuqrZ6254
NEW Alibaba Cloud-Staff Software Engineer-Sunnyvale, CA | Sunnyvale | 2026-09-21 | /en/off-campus/position-detail?positionId=100009783005&track_id=SSP1790258158285AbByrauSVZ4937
NEW Alibaba Cloud-Staff SRE-Sunnyvale | Sunnyvale | 2026-09-21 | /en/off-campus/position-detail?positionId=100037140001&track_id=SSP1790258158285OfzGkJXYfj6516
NEW Alibaba Cloud Intelligence-GenAI Solution Architect-International AI Native (Sunnyvale) | Sunnyvale | 2026-09-18 | /en/off-campus/position-detail?positionId=100007523011&track_id=SSP1790258158285UfbNzTSJkj5813
NEW Alibaba Cloud Intelligence-AI-native Business Development-US Region | Sunnyvale | 2026-09-17 | /en/off-campus/position-detail?positionId=100015103002&track_id=SSP1790258159308niMqnXTPDF3472
NEW Alibaba Cloud-Network SRE-Sunnyvale | Sunnyvale | 2026-09-16 | /en/off-campus/position-detail?positionId=2000073201&track_id=SSP1790258159308mkqhEWaZUN9672
NEW Alibaba Cloud-RDMA Ops Engineer - Computing Infrastructure Networking-Sunnyvale | Sunnyvale | 2026-09-16 | /en/off-campus/position-detail?positionId=100009683006&track_id=SSP1790258159308ZLDVSXHsqU1436
NEW Alibaba Cloud-Cloud Infrastructure – Site Reliability Engineer (SRE)-Sunnyvale | Sunnyvale | 2026-09-16 | /en/off-campus/position-detail?positionId=100009663007&track_id=SSP1790258159308HquJIpgtoL1610
NEW Alibaba Cloud-Site Reliability Engineer - Product & Data Security-Sunnyvale | Sunnyvale | 2026-09-16 | /en/off-campus/position-detail?positionId=100037360001&track_id=SSP1790258159308RSLlcWKxJN4086
NEW Alibaba Cloud-Infra Operations SRE-Sunnyvale | Sunnyvale | 2026-09-16 | /en/off-campus/position-detail?positionId=100037380002&track_id=SSP1790258159308UGZbClmONY3806
NEW Alibaba Cloud-ECS Site Reliability Engineer-Bellevue | Bellevue | 2026-09-14 | /en/off-campus/position-detail?positionId=100015483012&track_id=SSP1790258159308OxqGKIwFNR8402
NEW Alibaba Cloud-SRE of Container Service-Bellevue | Bellevue | 2026-09-12 | /en/off-campus/position-detail?positionId=100009943001&track_id=SSP1790258159308WDRGHPeNJz2613
NEW Alibaba Cloud-Software Engineer-Seattle | Seattle | 2026-09-11 | /en/off-campus/position-detail?positionId=100009583008&track_id=SSP1790258160497gEZUQbibZA4864
NEW Alibaba Cloud-Senior Network Engineer-Sunnyvale | Sunnyvale | 2026-09-11 | /en/off-campus/position-detail?positionId=100009683005&track_id=SSP1790258160497tycmNuNLPQ1583
NEW Alibaba Cloud-Project Engineering - AMER Region-Sunnyvale | Sunnyvale | 2026-09-11 | /en/off-campus/position-detail?positionId=100009683009&track_id=SSP1790258160497ItXWqAnTlX5296
NEW Alibaba Cloud-Infrastructure Technical Program Manager - IT Infrastructure Deployment-Sunnyvale | Sunnyvale | 2026-09-11 | /en/off-campus/position-detail?positionId=100009763009&track_id=SSP1790258160497SjfjBIRAgh3615
NEW Alibaba Cloud-Technical Program Manager, Data Center Deployment-Sunnyvale | Sunnyvale | 2026-09-11 | /en/off-campus/position-detail?positionId=100015423010&track_id=SSP1790258160497ugzvwYymzr4146
NEW … and 12 more (newposts.jsonl)
(2026-09-24T13:57:55)

Alibaba Group board-watch 2026-09-24: +0 new, -1 gone (46 active [alibaba_us_fulltime])
GONE Alibaba Cloud Intelligence-Senior Solutions Architect-Sunnyvale, CA, US (first seen 2026-09-24)
(2026-09-24T20:52:53)

Alibaba Group board-watch 2026-09-28: +2 new, -2 gone (46 active [alibaba_us_fulltime])
NEW Alibaba Cloud Intelligence-Senior Solutions Architect-Sunnyvale, CA, USA | Sunnyvale | 2026-09-28 | /en/off-campus/position-detail?positionId=100046160008&track_id=SSP1790605880946eHFTgGCQcL2493
NEW Alibaba Cloud Intelligence-Senior Solutions Architect-Sunnyvale, CA, US | Sunnyvale | 2026-09-28 | /en/off-campus/position-detail?positionId=100015643012&track_id=SSP1790605880946zjAWQntPCI9434
GONE Alibaba.com-Accio-Senior Applied Scientist-Sunnyvale (first seen 2026-09-19)
GONE Alibaba Cloud-Facility Manager-Atlanta (first seen 2026-09-24)
REPOSTED (1)
REPOSTED Alibaba Cloud-Site Reliability Engineering (SRE) Specialist-Bellevue (label reset 23d→0d, startDate +24d)
(2026-09-28T14:32:05)

Alibaba Group board-watch 2026-09-29: +0 new, -1 gone (45 active [alibaba_us_fulltime])
GONE Alibaba Cloud-Senior Network Engineer-Sunnyvale (first seen 2026-09-24)
REPOSTED (12)
REPOSTED Alibaba Cloud-Site Reliability Engineer-Sunnyvale (label reset 4d→0d, startDate +5d)
REPOSTED Alibaba Cloud-Network SRE-Sunnyvale (label reset 12d→0d, startDate +13d)
REPOSTED Alibaba Cloud-DevOps Expert of Storage (Block Storage)-Bellevue (label reset 25d→0d, startDate +26d)
REPOSTED Alibaba Cloud-ECS Site Reliability Engineer-Bellevue (label reset 14d→0d, startDate +15d)
REPOSTED Alibaba Cloud-Staff SRE-Sunnyvale (label reset 7d→0d, startDate +8d)
REPOSTED Alibaba Cloud-Infra Operations SRE-Sunnyvale (label reset 12d→0d)
REPOSTED Alibaba Cloud-Office Network Operations and Maintenance Engineer-Sunnyvale (label reset 5d→0d)
REPOSTED Alibaba Cloud-Site Reliability Engineer - Product & Data Security-Sunnyvale (label reset 12d→0d)
REPOSTED Alibaba Cloud-Senior Security Engineer - Network Security and Product Security-Sunnyvale (label reset 5d→0d)
REPOSTED Alibaba Cloud-Senior Security Engineer/Security Expert - Data Security and Business Risk Control-Sunnyvale (label reset 18d→0d)
REPOSTED … and 2 more (reposts.jsonl)
(2026-09-29T13:21:55)

Alibaba Group board-watch 2026-09-30: +1 new, -1 gone (45 active [alibaba_us_fulltime])
NEW Alibaba Cloud-Facility Manager-Atlanta | Atlanta | 2026-09-29 | /en/off-campus/position-detail?positionId=100013963002&track_id=SSP1790773313872KAjgAjOLBh8139
GONE Alibaba.com-Accio-Research Intern (Fall 2026)-Sunnyvale (first seen 2026-09-19)
(2026-09-30T13:02:33)

Alibaba Group board-watch 2026-10-01: +0 new, -0 gone (45 active [alibaba_us_fulltime])
REPOSTED (3)
REPOSTED Alibaba Cloud-Staff Software Engineer-Sunnyvale, CA (label reset 9d→1d, startDate +9d)
REPOSTED Alibaba Cloud-Software Engineer-Seattle (label reset 19d→1d, startDate +19d)
REPOSTED Alibaba Cloud-Technical Program Manager, Data Center Deployment-Sunnyvale (label reset 19d→1d, startDate +19d)
(2026-10-01T13:55:59)

Alibaba Group board-watch 2026-10-02: +3 new, -0 gone (48 active [alibaba_us_fulltime])
NEW Alibaba Cloud-Facility Lead Engineer-Sunnyvale, CA, US | Sunnyvale | 2026-10-01 | /en/off-campus/position-detail?positionId=100046660001&track_id=SSP1790911900188oOnzkZLQxi7801
NEW Alibaba Cloud-Facility Lead Engineer-Washington DC, US | Washington D.C. | 2026-10-01 | /en/off-campus/position-detail?positionId=100046620002&track_id=SSP1790911900188iyfvnQGSqM1859
NEW Alibaba Cloud-Facility Lead Engineer-Atlanta | Atlanta | 2026-10-01 | /en/off-campus/position-detail?positionId=100046620001&track_id=SSP1790911900188zmjVXRBztt9584
(2026-10-02T03:32:22)

Alibaba Group board-watch 2026-10-04: +0 new, -1 gone (47 active [alibaba_us_fulltime])
GONE Alibaba.com-Partner Marketing Expert-Sunnyvale (first seen 2026-09-19)
(2026-10-04T12:52:56)

Alibaba Group board-watch 2026-10-05: +0 new, -0 gone (47 active [alibaba_us_fulltime])
REPOSTED (1)
REPOSTED Alibaba Cloud Intelligence-Senior Solutions Architect-Sunnyvale, CA, USA (label reset 6d→1d, startDate +6d)
(2026-10-05T15:19:39)

Alibaba Group board-watch 2026-10-08: +1 new, -0 gone (48 active [alibaba_us_fulltime])
NEW Alibaba.com-Accio-Senior Applied Scientist-Sunnyvale | Sunnyvale | 2026-10-08 — 57 applicants | /en/off-campus/position-detail?positionId=300024421&track_id=SSP1791468213940tAoGJpDrWu8759
REPOSTED (1)
REPOSTED Alibaba Cloud-SRE of Container Service-Bellevue (label reset 25d→0d, startDate +26d)
(2026-10-08T14:04:06)

