Amer Sports board-watch 2026-09-30: +12 new, -0 gone (12 active [amersports_us_fulltime])
NEW IT Field Services & Support (FSS) Specialist | New York City | 2026-08-27T14:14:00Z | https://ats.talentadore.com/apply/it-field-services-support-fss-specialist/Zk4KMo
NEW IT Field Services & Support Technician | Pittston Township | 2026-07-23T20:37:02Z — 55 applicants | https://ats.talentadore.com/apply/it-field-services-support-technician/Dw1J6r
NEW Senior Analyst, SAP FI/CO | Chicago | 2026-08-03T14:17:00Z — 131 applicants | https://ats.talentadore.com/apply/senior-analyst-sap-fi-co/ZY5v9v
NEW Manager, OneStream Administrator | New York City | 2026-08-17T21:35:00Z — 25 applicants | https://ats.talentadore.com/apply/manager-onestream-administrator/DokyN7
NEW Manager, OneStream Administrator | Chicago | 2026-08-17T21:42:00Z — 25 applicants | https://ats.talentadore.com/apply/manager-onestream-administrator/mexjKW
NEW Director, Global Tax | New York City | 2026-08-26T14:10:00Z — 143 applicants | https://ats.talentadore.com/apply/director-global-tax/mMNYEk
NEW Manager, Tax | New York City | 2026-08-21T13:54:49Z — 96 applicants | https://ats.talentadore.com/apply/manager-tax/m6rGgG
NEW Senior Accountant, Consolidations & Reporting  | New York City | 2026-09-02T12:50:00Z | https://ats.talentadore.com/apply/senior-accountant-consolidations-reporting/Z0zBLq
NEW Manager, Financial Controller (Inventory)  | New York City | 2026-09-11T14:03:00Z — 25 applicants | https://ats.talentadore.com/apply/manager-financial-controller-inventory/mex6LR
NEW Director, Financial Controller (Corporate) | New York City | 2026-09-10T13:47:00Z — 94 applicants | https://ats.talentadore.com/apply/director-financial-controller-corporate/m7lBEn
NEW Manager, Workforce Planning & Controlling | New York City | 2026-09-16T11:41:00Z — 34 applicants | https://ats.talentadore.com/apply/manager-workforce-planning-controlling/Zy10pe
NEW HR Business Partner  | Pittston Township | 2026-09-30T13:35:01.699863Z — 25 applicants | https://ats.talentadore.com/apply/hr-business-partner/DapqPy
(2026-09-30T13:38:09)

Amer Sports board-watch 2026-10-01: +0 new, -1 gone (11 active [amersports_us_fulltime])
GONE IT Field Services & Support (FSS) Specialist (first seen 2026-09-30)
(2026-10-01T14:21:16)

Amer Sports board-watch 2026-10-03: +0 new, -2 gone (9 active [amersports_us_fulltime])
GONE Manager, Tax (first seen 2026-09-30)
GONE Senior Accountant, Consolidations & Reporting  (first seen 2026-09-30)
(2026-10-03T12:19:21)

Amer Sports board-watch 2026-10-05: +1 new, -0 gone (10 active [amersports_us_fulltime])
NEW Systems Coordinator | Pittston Township | 2026-10-05T11:02:41Z | https://ats.talentadore.com/apply/systems-coordinator/8dRpke
(2026-10-05T15:30:56)

Amer Sports board-watch 2026-10-09: +3 new, -0 gone (13 active [amersports_us_fulltime])
NEW Senior Manager, Finance AI Enablement | New York City | 2026-10-08T21:00:00Z | https://ats.talentadore.com/apply/senior-manager-finance-ai-enablement/ZqJA12
NEW Senior Manager, Finance AI Enablement | Chicago | 2026-10-08T21:26:00Z | https://ats.talentadore.com/apply/senior-manager-finance-ai-enablement/ZzJ2JK
NEW Manager, Technical Accounting | New York City | 2026-10-08T21:22:10Z — 25 applicants | https://ats.talentadore.com/apply/manager-technical-accounting/m5nOX7
(2026-10-09T04:16:49)

