Anker (US) board-watch 2026-10-02: +27 new, -0 gone (27 active [ankerus_us_fulltime])
NEW Store Development Manager | Seattle | 2026-09-22 | https://anker-in.jobs.feishu.cn/index/position/7688172994141161778/detail
NEW Product Security Engineer — Connected Devices | Seattle | 2026-09-21 | https://anker-in.jobs.feishu.cn/index/position/7688071909821319466/detail
NEW Product Security Test Engineer — Connected Devices | Seattle | 2026-09-21 | https://anker-in.jobs.feishu.cn/index/position/7688064330424715539/detail
NEW Retail Marketing Specialist - Freelance | Los Angeles | 2026-09-16 — 121 applicants | https://anker-in.jobs.feishu.cn/index/position/7686254827739547940/detail
NEW Sr. System Engineer - eufy B2B Security Solutions | Seattle | 2026-09-08 | https://anker-in.jobs.feishu.cn/index/position/7683310074899515675/detail
NEW Senior Failure Analysis Engineer – Mechanical | Los Angeles | 2026-08-20 | https://anker-in.jobs.feishu.cn/index/position/7676221358732822822/detail
NEW Senior Failure Analysis Engineer - Electronics | Los Angeles | 2026-08-20 | https://anker-in.jobs.feishu.cn/index/position/7676211184677013766/detail
NEW GTM Manager_eufy | Seattle | 2026-08-17 | https://anker-in.jobs.feishu.cn/index/position/7675083378530666758/detail
NEW Key Account Manager (Telecom) - Charging | Seattle | 2026-08-12 | https://anker-in.jobs.feishu.cn/index/position/7673268676464806180/detail
NEW Service Partner Operations Manager - Contractor | Los Angeles | 2026-08-06 | https://anker-in.jobs.feishu.cn/index/position/7670699134370662697/detail
NEW Key Account Manager | Seattle | 2026-08-05 | https://anker-in.jobs.feishu.cn/index/position/7670675936388008234/detail
NEW Experiential Marketing Partnerships Manager - eufyMake | Seattle | 2026-07-27 | https://anker-in.jobs.feishu.cn/index/position/7667343415944726811/detail
NEW Channel Development Manager - Security Solutions | Seattle | 2026-07-15 | https://anker-in.jobs.feishu.cn/index/position/7662645146932152618/detail
NEW Business Development Specialist - Vancouver/Toronto Area | Los Angeles | 2026-07-07 | https://anker-in.jobs.feishu.cn/index/position/7659687327175182643/detail
NEW Business Development Specialist_Soundcore | Los Angeles | 2026-05-28 | https://anker-in.jobs.feishu.cn/index/position/7644861481050212617/detail
NEW GTM Specialist_Soundcore | Seattle | 2026-05-28 | https://anker-in.jobs.feishu.cn/index/position/7644858647428057353/detail
NEW Key Account Manager - Projector Experience | Seattle | 2026-04-15 | https://anker-in.jobs.feishu.cn/index/position/7628821164106418478/detail
NEW Regional Sales_Zhixin | Seattle | 2026-03-20 | https://anker-in.jobs.feishu.cn/index/position/7619147051896899866/detail
NEW Human Resources Specialist | Seattle | 2026-03-02 | https://anker-in.jobs.feishu.cn/index/position/7612590844361722166/detail
NEW Head of Regional Sales_Zhixin | Seattle | 2026-01-05 | https://anker-in.jobs.feishu.cn/index/position/7591943599190886697/detail
NEW Offline Sales Specialist | Seattle | 2026-01-05 | https://anker-in.jobs.feishu.cn/index/position/7591803513275287834/detail
NEW 海外区域销售专员 | Melbourne; Carterton; Seattle | 2026-01-05 | https://anker-in.jobs.feishu.cn/index/position/7591766665559722259/detail
NEW MKT Specialist | Seattle | 2026-01-05 | https://anker-in.jobs.feishu.cn/index/position/7591726642591959323/detail
NEW 物流经理-海外 | Los Angeles; Mönchengladbach; Düsseldorf | 2025-10-14 | https://anker-in.jobs.feishu.cn/index/position/7560990557708011830/detail
NEW 区域供应链高级经理【欧洲/北美/中东】 | Düsseldorf; Los Angeles | 2025-03-03 | https://anker-in.jobs.feishu.cn/index/position/7477506447582120230/detail
NEW … and 2 more (newposts.jsonl)
(2026-10-02T13:31:18)

Anker (US) board-watch 2026-10-07: +72 new, -0 gone (99 active [ankerus_us_fulltime])
NEW Retail Growth Strategist - Canada | Vancouver | 2026-07-28 | https://anker-in.jobs.feishu.cn/index/position/7667455932452243731/detail
NEW Associate Marketing Manager | Düsseldorf; Munich; Shenzhen | 2026-07-23 | https://anker-in.jobs.feishu.cn/index/position/7665567259050346795/detail
NEW Key Account Manager - Canada | Vancouver | 2026-07-07 | https://anker-in.jobs.feishu.cn/index/position/7659681739993188651/detail
NEW 渠专专项-海外Local sales | Melbourne; Bogotá; Dublin; Madrid; London; Mechelen; Rotterdam; Berlin; Sundbyberg; Budapest; Paris; Balveren; Shenzhen; Warsaw | 2026-05-26 | https://anker-in.jobs.feishu.cn/index/position/7644173489008249107/detail
NEW NL-Junior Sales Manager | Rotterdam | 2026-05-09 | https://anker-in.jobs.feishu.cn/index/position/7637828580932569394/detail
NEW GTM Specialist（Rotterdam） | Rotterdam | 2026-04-15 | https://anker-in.jobs.feishu.cn/index/position/7628883972412000518/detail
NEW Belgium-Sales Manager | Mechelen | 2026-04-13 | https://anker-in.jobs.feishu.cn/index/position/7628166236442315018/detail
NEW 中大充销售（for 英文外籍） | Sydney | 2026-04-10 | https://anker-in.jobs.feishu.cn/index/position/7627050614454815002/detail
NEW Spain-Sales leader | Shenzhen; Madrid | 2026-03-18 | https://anker-in.jobs.feishu.cn/index/position/7618492366282934547/detail
NEW Failure Analysis Engineer | Düsseldorf | 2026-02-10 | https://anker-in.jobs.feishu.cn/index/position/7605041084079851814/detail
NEW Junior Sales Specialist | Warsaw; Grad Zagreb | 2026-01-05 | https://anker-in.jobs.feishu.cn/index/position/7591803527447415083/detail
NEW 全球品牌专员 | Shenzhen; Melbourne | 2026-01-05 | https://anker-in.jobs.feishu.cn/index/position/7591727215545583899/detail
NEW Brand Specialist（Warszawa） | Warsaw | 2026-01-05 | https://anker-in.jobs.feishu.cn/index/position/7591723291830094121/detail
NEW Branding Manager（ID） | Jakarta | 2025-12-17 | https://anker-in.jobs.feishu.cn/index/position/7584746505824700723/detail
NEW Swiss-Sales Manager | Zürich | 2025-12-10 | https://anker-in.jobs.feishu.cn/index/position/7582275435564878118/detail
NEW Swiss-Channel Marketing Manager | Zürich | 2025-12-10 | https://anker-in.jobs.feishu.cn/index/position/7582267542359542052/detail
NEW 渠道经理（MEA） | Dubai; Riyadh | 2025-12-04 | https://anker-in.jobs.feishu.cn/index/position/7579918439055345947/detail
NEW 区域零售-MEA | Dubai | 2025-12-04 | https://anker-in.jobs.feishu.cn/index/position/7579901649180723519/detail
NEW 采购经理 | Dubai | 2025-12-03 | https://anker-in.jobs.feishu.cn/index/position/7579589371654523162/detail
NEW 区域经理-MEA | Dubai | 2025-12-03 | https://anker-in.jobs.feishu.cn/index/position/7579548194599618879/detail
NEW 区域/国家GTM -MEA | Dubai; Riyadh; Bengaluru; Masqat; Capital province (Kuwait); Van Reenen; Basyoun | 2025-12-03 | https://anker-in.jobs.feishu.cn/index/position/7579456025820924210/detail
NEW DACH-Sales Manager | Düsseldorf | 2025-11-21 | https://anker-in.jobs.feishu.cn/index/position/7575154975429839145/detail
NEW 品牌营销专员 | Dubai; Riyadh | 2025-11-14 | https://anker-in.jobs.feishu.cn/index/position/7572447343681964298/detail
NEW 区域销售经理 | Toronto | 2025-11-13 | https://anker-in.jobs.feishu.cn/index/position/7572176767839602994/detail
NEW 中亚五国GTM and Sales Leader | Astana | 2025-11-12 | https://anker-in.jobs.feishu.cn/index/position/7571740466367482166/detail
NEW … and 47 more (newposts.jsonl)
(2026-10-07T04:44:26)

