Ant International board-watch 2026-09-30: +7 new, -0 gone (7 active [antintl_us_fulltime])
NEW Ant International-SRE Engineer (US)-Americas & EMEA Tech | Sunnyvale | 2026-09-10T22:56:53.000+00:00 | https://talent.antgroup.com/off-campus-position?positionId=260826011693255&from=intl
NEW Ant International-Account Management, Associate Director/Senior Manager-Antom US | Sunnyvale | 2026-08-19T19:46:45.000+00:00 | https://talent.antgroup.com/off-campus-position?positionId=260820011560206&from=intl
NEW Ant International-Antom US Senior Business Development Lead-General Industry | Sunnyvale | 2026-08-03T21:46:26.000+00:00 | https://talent.antgroup.com/off-campus-position?positionId=26012308516603&from=intl
NEW Ant International-Antom US Senior Business Development Lead-AI Vertical | Sunnyvale | 2026-07-30T21:14:32.000+00:00 | https://talent.antgroup.com/off-campus-position?positionId=26041809658292&from=intl
NEW Ant International-Software Development Engineer-U.S. | Sunnyvale | 2026-07-30T03:51:51.000+00:00 | https://talent.antgroup.com/off-campus-position?positionId=26030609013798&from=intl
NEW Ant International-Senior Manager, AML Testing & Control Assurance-US AML Compliance | Sunnyvale, New York | 2026-07-20T18:39:03.000+00:00 | https://talent.antgroup.com/off-campus-position?positionId=260708010806748&from=intl
NEW Ant International-US Marketing Specialist-Antom | Sunnyvale | 2026-07-08T20:26:31.000+00:00 | https://talent.antgroup.com/off-campus-position?positionId=260709010827900&from=intl
(2026-09-30T13:45:28)

Ant International board-watch 2026-10-02: +2 new, -0 gone (9 active [antintl_us_fulltime])
NEW Ant International-Business Development Manage-U.S. Offline Payments | Sunnyvale | 2026-10-01T23:41:31.000+00:00 | https://talent.antgroup.com/off-campus-position?positionId=261002012293949&from=intl
NEW Ant International-U.S. Software Engineer-Antom | Sunnyvale | 2026-10-01T22:29:09.000+00:00 | https://talent.antgroup.com/off-campus-position?positionId=261002012292893&from=intl
(2026-10-02T03:57:45)

Ant International board-watch 2026-10-04: +0 new, -1 gone (8 active [antintl_us_fulltime])
GONE Ant International-Senior Manager, AML Testing & Control Assurance-US AML Compliance (first seen 2026-09-30)
(2026-10-04T13:03:05)

Ant International board-watch 2026-10-05: +0 new, -1 gone (7 active [antintl_us_fulltime])
GONE Ant International-US Marketing Specialist-Antom (first seen 2026-09-30)
(2026-10-05T15:31:37)

Ant International board-watch 2026-10-08: +1 new, -1 gone (7 active [antintl_us_fulltime])
NEW Ant International-Site Reliability Engineer (SRE)-Americas & EMEA Tech | Sunnyvale | 2026-10-07T20:19:22.000+00:00 | https://talent.antgroup.com/off-campus-position?positionId=260709010829277&from=intl
GONE Ant International-Software Development Engineer-U.S. (first seen 2026-09-30)
(2026-10-08T14:27:51)

