BeOne Medicines board-watch 2026-09-30: +36 new, -0 gone (36 active [beone_us_fulltime])
NEW Senior Clinical Research Associate - West Coast | Remote (US) | 2026-09-29 | https://beigene.wd5.myworkdayjobs.com/BeiGene/job/Remote-US/Senior-Clinical-Research-Associate_R34730-1
NEW Global Clinical Process Management Senior Specialist | Remote (US) | 2026-09-29 | https://beigene.wd5.myworkdayjobs.com/BeiGene/job/Remote-US/Global-Clinical-Process-Management-Senior-Specialist_R37054
NEW Division Sales Manager - Hematology (Tristate-NY/NJ/CT) | Remote (US); US-NY-Home Office; US-CT-Home Office; US-NJ-Home Office | 2026-09-28 — 25 applicants | https://beigene.wd5.myworkdayjobs.com/BeiGene/job/Remote-US/Division-Sales-Manager---Hematology--Tristate-NY-NJ-CT-_R37049
NEW Manager/Senior Manager, Clinical Supply Chain | Remote (US) | 2026-09-26 | https://beigene.wd5.myworkdayjobs.com/BeiGene/job/Remote-US/Manager-Senior-Manager--Clinical-Supply-Chain_R36879
NEW Principal Scientist, Discovery Chemistry - San Carlos, California | San Carlos | 2026-09-25 — 131 applicants | https://beigene.wd5.myworkdayjobs.com/BeiGene/job/San-Carlos/Principal-Scientist--Discovery-Chemistry---San-Carlos--California_R36387
NEW Associate Director, Maintenance & Facilities | Hopewell | 2026-09-25 — 57 applicants | https://beigene.wd5.myworkdayjobs.com/BeiGene/job/Hopewell/Associate-Director--Maintenance---Facilities_R36132-1
NEW Senior Engineer I, Site Automation (Hopewell, NJ) | Hopewell | 2026-09-24 | https://beigene.wd5.myworkdayjobs.com/BeiGene/job/Hopewell/Senior-Engineer-I--Site-Automation--Hopewell--NJ-_R34965
NEW Manager, GMP Training | Hopewell | 2026-09-24 — 52 applicants | https://beigene.wd5.myworkdayjobs.com/BeiGene/job/Hopewell/Manager--GMP-Training_R36548
NEW Engineer II, Utilities Engineer Small Molecule (Hopewell, NJ) | Hopewell | 2026-09-24 — 28 applicants | https://beigene.wd5.myworkdayjobs.com/BeiGene/job/Hopewell/Engineer-II--Utilities-Engineer-Small-Molecule--Hopewell--NJ-_R36260
NEW Line Maintenance Technician – Packaging (Hopewell, NJ) | Hopewell | 2026-09-24 | https://beigene.wd5.myworkdayjobs.com/BeiGene/job/Hopewell/Line-Maintenance-Technician---Packaging--Hopewell--NJ-_R36268
NEW Associate Director, Portfolio Strategy | Remote (US) | 2026-09-23 — 64 applicants | https://beigene.wd5.myworkdayjobs.com/BeiGene/job/Remote-US/Associate-Director--Portfolio-Strategy_R36973
NEW Director, Process Optimization Lead | Remote (US) | 2026-09-21 | https://beigene.wd5.myworkdayjobs.com/BeiGene/job/Remote-US/Director--Process-Optimization-Lead_R34851
NEW Associate Director, Quality Control Compliance | Hopewell | 2026-09-21 — 36 applicants | https://beigene.wd5.myworkdayjobs.com/BeiGene/job/Hopewell/Associate-Director--Quality-Control-Compliance_R36949-1
NEW Director, Safety Scientist | Remote (US) | 2026-09-21 | https://beigene.wd5.myworkdayjobs.com/BeiGene/job/Remote-US/Director--Safety-Scientist_R36043
NEW Account Manager - Hematology (Columbus, OH) | US-OH-Home Office; Remote (US) | 2026-09-21 — 25 applicants | https://beigene.wd5.myworkdayjobs.com/BeiGene/job/US-OH-Home-Office/Account-Manager---Hematology--Columbus--OH-_R36946-1
NEW Biotechnician II | Hopewell | 2026-09-21 | https://beigene.wd5.myworkdayjobs.com/BeiGene/job/Hopewell/Biotechnician-II_R34579
NEW Senior Director, Global Strategic Feasibility and Study Start Up | Remote (US) | 2026-09-18 — 39 applicants | https://beigene.wd5.myworkdayjobs.com/BeiGene/job/Remote-US/Senior-Director--Global-Strategic-Feasibility-and-Study-Start-Up_R36915
NEW Quality Control Specialist, Medical Writing | Remote (US) | 2026-09-18 — 200 applicants | https://beigene.wd5.myworkdayjobs.com/BeiGene/job/Remote-US/Quality-Control-Specialist--Medical-Writing_R36912
NEW Project Data Manager | Remote (US) | 2026-09-16 | https://beigene.wd5.myworkdayjobs.com/BeiGene/job/Remote-US/Project-Data-Manager_R36886
NEW Senior Clinical Data Manager | Remote (US) | 2026-09-16 | https://beigene.wd5.myworkdayjobs.com/BeiGene/job/Remote-US/Senior-Clinical-Data-Manager_R36885
NEW Manager, Quality Control Chemistry | Hopewell | 2026-09-16 — 120 applicants | https://beigene.wd5.myworkdayjobs.com/BeiGene/job/Hopewell/Manager--Quality-Control-Chemistry_R34712
NEW Senior Director, Portfolio Strategy and Governance - Hematology | Remote (US) | 2026-09-16 — 92 applicants | https://beigene.wd5.myworkdayjobs.com/BeiGene/job/Remote-US/Senior-Director--Portfolio-Strategy-and-Governance---Hematology_R36863
NEW Senior Manager, GxP Computerized Systems Auditing | Remote (US) | 2026-09-15 — 200 applicants | https://beigene.wd5.myworkdayjobs.com/BeiGene/job/Remote-US/Senior-Manager--GxP-Computerized-Systems-Auditing_R36263
NEW Associate Group Leader, BeOne Institute, San Carlos, California | Remote (US) | 2026-09-11 | https://beigene.wd5.myworkdayjobs.com/BeiGene/job/Remote-US/Group-Leader--BeOne-Institute--San-Carlos--California_R36805
NEW Specialist, Warehouse - Hopewell, NJ | Hopewell | 2026-09-10 — 25 applicants | https://beigene.wd5.myworkdayjobs.com/BeiGene/job/Hopewell/Specialist--Warehouse---Hopewell--NJ_R36776
NEW … and 11 more (newposts.jsonl)
(2026-09-30T13:23:31)

BeOne Medicines board-watch 2026-10-01: +27 new, -1 gone (62 active [beone_us_fulltime])
NEW Global Clinical Study Senior Manager | Remote (US) | 2026-09-30 | https://beigene.wd5.myworkdayjobs.com/BeiGene/job/Remote-US/Global-Clinical-Study-Senior-Manager_R36818
NEW Director CDx Development | Remote (US) | 2026-09-30 — 130 applicants | https://beigene.wd5.myworkdayjobs.com/BeiGene/job/Remote-US/Director-CDx-Development_R35753
NEW Engineer II, Automation Validation | Hopewell | 2026-09-30 — 25 applicants | https://beigene.wd5.myworkdayjobs.com/BeiGene/job/Hopewell/Engineer-II--Automation-Validation_R37068
NEW Senior Analyst, QC Chemistry, Capillary Electrophoresis  (Hopewell, NJ) | Hopewell | 2026-08-27 — 171 applicants | https://beigene.wd5.myworkdayjobs.com/BeiGene/job/Hopewell/Senior-Analyst--QC-Chemistry--US-Site--Hopewell--NJ-_R32674
NEW Associate Director, R&D Quality Good Pharmacovigilance Practice | Remote (US) | 2026-08-27 — 134 applicants | https://beigene.wd5.myworkdayjobs.com/BeiGene/job/Remote-US/Associate-Director--R-D-Quality-Good-Pharmacovigilance-Practice_R35036
NEW Director, Small Molecule, Manufacturing Sciences and Technology | Hopewell | 2026-08-26 — 71 applicants | https://beigene.wd5.myworkdayjobs.com/BeiGene/job/Hopewell/Director--Small-Molecule--Manufacturing-Sciences-and-Technology_R36143
NEW Division Sales Manager, Targeted Accounts - Northeast | US-NY-Home Office; Remote (US) | 2026-08-25 — 33 applicants | https://beigene.wd5.myworkdayjobs.com/BeiGene/job/US-NY-Home-Office/Division-Sales-Manager--Targeted-Accounts---Northeast_R36527
NEW Senior Packaging Engineer (Hopewell, NJ) | Hopewell | 2026-08-25 | https://beigene.wd5.myworkdayjobs.com/BeiGene/job/Hopewell/Senior-Packaging-Engineer--Hopewell--NJ-_R35073
NEW Director, Pharmaceutical/Biotechnology Program Management | Remote (US) | 2026-08-21 — 200 applicants | https://beigene.wd5.myworkdayjobs.com/BeiGene/job/Remote-US/Director--Program-Management_R36447
NEW Senior Director, Global Regulatory Affairs – Biotech Unit | Remote (US) | 2026-08-17 — 41 applicants | https://beigene.wd5.myworkdayjobs.com/BeiGene/job/Remote-US/Senior-Director--Global-Regulatory-Affairs---Biotech-Unit_R36419-1
NEW Director, Quality Analytical Technical Lead, Small Molecule | Remote (US) | 2026-08-17 — 191 applicants | https://beigene.wd5.myworkdayjobs.com/BeiGene/job/Remote-US/Director--Quality-Analytical-Technical-Lead--Small-Molecule_R36362
NEW Director, GCO Clinical Program Lead (GCPL) | Remote (US) | 2026-08-14 — 109 applicants | https://beigene.wd5.myworkdayjobs.com/BeiGene/job/Remote-US/Director--GCO-Clinical-Program-Lead--GCPL-_R36388
NEW Sr. Scientist, Drug Product, MST | Hopewell | 2026-08-13 | https://beigene.wd5.myworkdayjobs.com/BeiGene/job/Hopewell/Sr-Scientist--Drug-Product--MST_R36359
NEW Associate Director, QC Microbiology | Hopewell | 2026-08-11 — 47 applicants | https://beigene.wd5.myworkdayjobs.com/BeiGene/job/Hopewell/Associate-Director--QC-Microbiology_R36310
NEW Director, Capital Project Management | Hopewell | 2026-07-30 — 79 applicants | https://beigene.wd5.myworkdayjobs.com/BeiGene/job/Hopewell/Director--Capital-Project-Management_R36090
NEW Associate Director, Group Leader, BeOne Institute, San Carlos, California | Remote (US) | 2026-07-28 | https://beigene.wd5.myworkdayjobs.com/BeiGene/job/Remote-US/Associate-Group-Leader--BeOne-Institute--San-Carlos--California_R35420
NEW Associate Manager, US Regulatory Affairs | Remote (US) | 2026-07-23 — 200 applicants | https://beigene.wd5.myworkdayjobs.com/BeiGene/job/Remote-US/Senior-Associate--US-Regulatory-Affairs--NALA-_R35567
NEW Associate Director, Global Program Management | Remote (US) | 2026-07-21 — 200 applicants | https://beigene.wd5.myworkdayjobs.com/BeiGene/job/Remote-US/Associate-Director--Global-Program-Management_R35950
NEW Associate Director, Clinical Supply Chain Sourcing Strategy and Innovation | Remote (US) | 2026-07-15 — 188 applicants | https://beigene.wd5.myworkdayjobs.com/BeiGene/job/Remote-US/Associate-Director--Clinical-Supply-Chain-Sourcing-Strategy-and-Innovation_R35812
NEW Senior Director, Regional Clinical Study Management | Remote (US) | 2026-07-10 — 200 applicants | https://beigene.wd5.myworkdayjobs.com/BeiGene/job/Remote-US/Senior-Director--Regional-Clinical-Study-Management_R35308
NEW Senior Project Manager, Clinical Biomarker | Remote (US) | 2026-07-09 — 200 applicants | https://beigene.wd5.myworkdayjobs.com/BeiGene/job/Remote-US/Senior-Manager--Clinical-Biomarker-Operations-Projects_R29654
NEW Senior Director, Head of Site Feasibility and Enablement, Americas | Remote (US) | 2026-07-08 — 198 applicants | https://beigene.wd5.myworkdayjobs.com/BeiGene/job/Remote-US/Head-of-Senior-Director--Site-Feasibility-and-Enablement--Americas_R35171
NEW Director, Regional Clinical Study Management | Remote (US) | 2026-07-08 | https://beigene.wd5.myworkdayjobs.com/BeiGene/job/Remote-US/Director--Regional-Clinical-Study-Management_R35313
NEW Principal Clinical Datawarehouse Programmer | Remote (US) | 2026-06-16 — 86 applicants | https://beigene.wd5.myworkdayjobs.com/BeiGene/job/Remote-US/Principal-Clinical-Datawarehouse-Programmer_R35205
NEW Job Title: Senior Manager QC Microbiology, (Hopewell, NJ) | Hopewell | 2026-05-27 — 125 applicants | https://beigene.wd5.myworkdayjobs.com/BeiGene/job/Hopewell/Job-Title--Senior-Manager-QC-Microbiology---Hopewell--NJ-_R34160
NEW … and 2 more (newposts.jsonl)
GONE Global Clinical Study Senior Manager (first seen 2026-09-30)
(2026-10-01T14:15:51)

