Binance board-watch 2026-10-02: +262 new, -0 gone (262 active [binance_us_fulltime])
NEW Affiliate BD - Greater China | Asia | Posted 456 Days Ago | https://jobs.lever.co/binance/0cb402ad-7715-4127-ad25-14ab4b142983
NEW Affiliate Operations - Greater China | Asia | Posted 316 Days Ago | https://jobs.lever.co/binance/a1806ff4-923d-4758-82de-d607a5d28011
NEW Affiliate Relationship Manager (APAC) | Asia; Hong Kong; Taiwan, Taipei; Kuala Lumpur | Posted 135 Days Ago | https://jobs.lever.co/binance/87033fe9-9dfd-4df4-97b5-d767d86c1634
NEW AI Product Manager | Asia; Taiwan, Taipei; Hong Kong | Posted 120 Days Ago | https://jobs.lever.co/binance/44b997f0-ec80-442d-93e0-3210f0915216
NEW Algorithm Engineer - Recommendation & Search | Asia; Hong Kong; Taiwan, Taipei; Australia, Sydney | Posted 115 Days Ago | https://jobs.lever.co/binance/6b21b701-03c9-42ab-8519-a294c7256b0c
NEW Algorithm Engineer, Market Growth | Asia; Hong Kong; Taiwan, Taipei; Australia, Brisbane; Australia, Melbourne; Australia, Sydney; Japan, Tokyo; South Korea, Seoul | Posted 315 Days Ago | https://jobs.lever.co/binance/16d56d5d-98c0-4942-9a22-54ca4b2b33e9
NEW Android Developer - Risk Control | Asia; Taiwan, Taipei; Hong Kong; New Zealand, Auckland; New Zealand, Wellington; Australia, Brisbane; Australia, Melbourne; Australia, Sydney | Posted 927 Days Ago | https://jobs.lever.co/binance/a26e0e55-ee40-412d-b2e6-521dbbe8aa52
NEW Android Engineer | Asia | Posted 14 Days Ago | https://jobs.lever.co/binance/44817b9e-0e46-4397-a13e-76c6866ac48c
NEW Android Engineer (C++) | Asia | Posted 14 Days Ago | https://jobs.lever.co/binance/6619fde1-244d-45e9-afe7-5bb02b432c8b
NEW Backend Architect - Pay&Card Tech | Asia; UAE, Dubai; Taiwan, Taipei; Japan, Tokyo; South East Asia; Argentina, Buenos Aires; Latin America; Mexico, Mexico City | Posted 79 Days Ago | https://jobs.lever.co/binance/4ad6cbc1-8919-43c9-9221-6fc616305347
NEW Backend Engineer (Java) - KYC Tech | Asia; Taiwan, Taipei; UAE, Dubai; Vietnam, Ho Chi Minh | Posted 51 Days Ago | https://jobs.lever.co/binance/81ea9e57-cc36-480b-b831-0575adf421f0
NEW Backend Engineer (Java) -Trading | Asia; Taiwan, Taipei; UAE, Dubai; Vietnam, Ho Chi Minh | Posted 8 Days Ago | https://jobs.lever.co/binance/e2ff393c-1ca5-4c31-adcd-a2e373bab71f
NEW Backend Engineer, Java - Web 3 Wallet | Taiwan, Taipei; Japan, Tokyo; UAE, Dubai; Australia, Brisbane; Australia, Melbourne; Australia, Sydney | Posted 612 Days Ago | https://jobs.lever.co/binance/b47da2b5-fbd0-4b17-b0db-2b5b33e92ed0
NEW Backend Engineer, Spot | Asia | Posted 14 Days Ago | https://jobs.lever.co/binance/60ee32bb-4dfb-4055-98a1-ec3be5479359
NEW Backend Engineer, Trading | Asia | Posted 23 Days Ago | https://jobs.lever.co/binance/212847ec-7c07-4b30-a253-43e9224de882
NEW Backend Java Engineer - Kazakhstan/Russian speaker (6 months Contract) | Europe; Remote; Poland, Warsaw; Norway, Oslo; Global; Poland, Krakow; Romania, Bucharest; Romania, Iași; Southern Europe; Spain, Barcelona; Spain, Madrid; United Kingdom, London | Posted 1620 Days Ago | https://jobs.lever.co/binance/60a2d99e-4882-470c-8ffb-356d17f04c47
NEW BAP - Data Analyst | Hong Kong; Asia | Posted 52 Days Ago | https://jobs.lever.co/binance/c4246256-8696-433b-a1fe-0e569aba9d52
NEW Billing & Legal Admin Executive - 12 months contract | Asia; Hong Kong | Posted 18 Days Ago | https://jobs.lever.co/binance/02e2379e-9828-40c2-af39-16933a51549a
NEW Binance Accelerator Program -  AI Supportability Engineer | Asia; Taiwan, Taipei | Posted 102 Days Ago | https://jobs.lever.co/binance/8cd93838-3c12-4386-8dc2-8dfe69873e27
NEW Binance Accelerator Program -  Applied AI Agent Engineer (Top Talent Program) | Taiwan, Taipei; Hong Kong; Asia; Australia, Brisbane; Australia, Melbourne; Australia, Sydney; New Zealand, Auckland; New Zealand, Wellington | Posted 415 Days Ago | https://jobs.lever.co/binance/303def79-701c-4b29-aceb-e07877a22d1d
NEW Binance Accelerator Program -  Web3 Operations (for current university students) | Asia; Taiwan, Taipei; UAE, Dubai; Middle East & North Africa | Posted 520 Days Ago | https://jobs.lever.co/binance/73a6e166-eb27-4079-8780-a9bf2d211121
NEW Binance Accelerator Program - Affiliate BD | UAE, Dubai; Armenia, Yerevan; Georgia, Tbilisi; Middle East & North Africa; UAE, Abu Dhabi; South Africa, Cape Town | Posted 213 Days Ago | https://jobs.lever.co/binance/e67b325a-2e6d-4856-a719-51b409bdb231
NEW Binance Accelerator Program - Affiliate BD (Greater China) | Asia | Posted 352 Days Ago | https://jobs.lever.co/binance/492e6349-e1c2-4a0c-b5ea-42b81f418192
NEW Binance Accelerator Program - AI Agent Engineer | Asia; Hong Kong; Taiwan, Taipei | Posted 80 Days Ago | https://jobs.lever.co/binance/439d6f0a-bf27-45b5-8cd2-0783d105bb7b
NEW Binance Accelerator Program - AI Agent Engineer | Asia; Hong Kong; Taiwan, Taipei | Posted 70 Days Ago | https://jobs.lever.co/binance/53f4727b-89a8-4b19-8b1a-65781808c5dd
NEW … and 237 more (newposts.jsonl)
(2026-10-02T13:27:09)

