Bitdeer board-watch 2026-09-30: +46 new, -0 gone (46 active [bitdeer_us_fulltime])
NEW 2026 GTT: Indication of Interest | Singapore; Singapore; United States; Hong Kong | 2026-09-17T02:36:56.796Z | https://bitdeer.breezy.hr/p/4e1b1785fe35-2026-gtt-indication-of-interest
NEW AI & Cloud Infra Software Engineer (Fresh Grad) | Austin, TX; Massillon, OH; TN, US | 2026-08-26T02:12:20.396Z | https://bitdeer.breezy.hr/p/611f14be34db-ai-cloud-infra-software-engineer-fresh-grad
NEW AI Cloud Senior DevOps Engineer | San Jose, CA; Austin, TX | 2026-08-25T16:19:58.079Z | https://bitdeer.breezy.hr/p/c61db6faf41b-ai-cloud-senior-devops-engineer
NEW Account Manager - Mining Datacenter / Seal Miner | Austin, TX | 2026-08-12T23:24:08.692Z | https://bitdeer.breezy.hr/p/6a9e745f68c0-account-manager-mining-datacenter-seal-miner
NEW Applied Scientist, Agent Evaluation & Adaptive Model Routing | Singapore, SG; Austin, TX | 2026-08-31T05:11:35.385Z | https://bitdeer.breezy.hr/p/6ee5ca6d8912-applied-scientist-agent-evaluation-adaptive-model-routing
NEW Business Development Manager - Powered Land / Infrastructure | San Jose, CA | 2026-08-26T05:49:09.839Z | https://bitdeer.breezy.hr/p/c51eb03633a2-business-development-manager-powered-land-infrastructure
NEW Cloud Network / SDN Engineer | San Jose, CA; Austin, TX | 2026-08-27T22:18:34.027Z | https://bitdeer.breezy.hr/p/c1274faaf4fd-cloud-network-sdn-engineer
NEW Cloud Storage Integration Engineer (Storage / Image / Registry) | San Jose, CA; Austin, TX | 2026-08-27T22:18:56.927Z | https://bitdeer.breezy.hr/p/0781b7282214-cloud-storage-integration-engineer-storage-image-registry
NEW Cloud Validation & Release Engineer | San Jose, CA; Austin, TX | 2026-08-27T22:19:55.708Z | https://bitdeer.breezy.hr/p/aa5d90212578-cloud-validation-release-engineer
NEW Control Plane / Portal / API Engineer | San Jose, CA; Austin, TX | 2026-08-27T22:17:51.988Z | https://bitdeer.breezy.hr/p/b5310240ef04-control-plane-portal-api-engineer
NEW Data Center Operations Engineer | Needham, MA | 2026-09-15T18:45:24.258Z | https://bitdeer.breezy.hr/p/30b7087d2b87-data-center-operations-engineer
NEW Data Center Operations Engineer | Aurora, CO | 2026-09-15T18:45:14.495Z | https://bitdeer.breezy.hr/p/d9f8331fe9d7-data-center-operations-engineer
NEW Data Center Site Manager / Supervisor | Needham, MA | 2026-09-15T18:45:42.247Z | https://bitdeer.breezy.hr/p/4632884de326-data-center-site-manager-supervisor
NEW Data Center Site Manager / Supervisor | Aurora, CO | 2026-09-15T18:45:33.483Z | https://bitdeer.breezy.hr/p/87af2fa42456-data-center-site-manager-supervisor
NEW Electrician (Mining Data Center) | Rockdale, TX | 2026-09-17T17:13:18.483Z | https://bitdeer.breezy.hr/p/1856111af13f-electrician-mining-data-center
NEW GPU Compute & Bare Metal / DPU Engineer | San Jose, CA; Austin, TX | 2026-08-27T22:17:08.957Z | https://bitdeer.breezy.hr/p/9c114be400cd-gpu-compute-bare-metal-dpu-engineer
NEW Linux System Engineer | San Jose, CA | 2026-09-11T23:04:08.055Z | https://bitdeer.breezy.hr/p/ab8b7eac4143-linux-system-engineer
NEW Operations Technician (Night Shift-Mining Data Center) | Rockdale, US | 2026-09-08T20:11:32.175Z | https://bitdeer.breezy.hr/p/eeab1edbc9db-operations-technician-night-shift-mining-data-center
NEW Payroll Manager | Austin, TX | 2026-09-25T22:18:58.646Z | https://bitdeer.breezy.hr/p/00bcfe7d8cce-payroll-manager
NEW Principal Kubernetes Control Plane Engineer | San Jose, CA; Austin, TX | 2026-08-25T16:23:42.934Z | https://bitdeer.breezy.hr/p/3ac7146f7627-principal-kubernetes-control-plane-engineer
NEW Project Manager - Datacenter Construction | Clarington, OH | 2026-08-12T23:31:07.307Z | https://bitdeer.breezy.hr/p/6b41a9de9c45-project-manager-datacenter-construction
NEW Repair Technician (Mining Data Center - Rockdale TX) | Rockdale, TX | 2026-09-01T21:32:13.546Z | https://bitdeer.breezy.hr/p/a2675cc9c5d0-repair-technician-mining-data-center-rockdale-tx
NEW Research Kernel Engineer | Singapore, SG; Austin, US | 2026-08-25T13:47:45.881Z | https://bitdeer.breezy.hr/p/b61e09e8c782-research-kernel-engineer
NEW Research Scientist-Model Efficiency | Singapore, SG; Austin, US; san jose, CA | 2026-08-18T07:48:45.107Z | https://bitdeer.breezy.hr/p/a1dbb5eec050-research-scientist-model-efficiency
NEW Research Scientist-Model Efficiency (Intern) | Singapore, SG; Austin, US | 2026-08-10T01:24:31.427Z | https://bitdeer.breezy.hr/p/c45e44fa50c6-research-scientist-model-efficiency-intern
NEW … and 21 more (newposts.jsonl)
(2026-09-30T13:29:07)

Bitdeer board-watch 2026-10-01: +1 new, -0 gone (47 active [bitdeer_us_fulltime])
NEW Global Data Center Operation Analyst | Austin, TX | 2026-09-30T21:12:19.911Z | https://bitdeer.breezy.hr/p/96a4343d86ac-global-data-center-operation-analyst
(2026-10-01T14:17:52)

Bitdeer board-watch 2026-10-02: +0 new, -2 gone (45 active [bitdeer_us_fulltime])
GONE Project Manager - Datacenter Construction (first seen 2026-09-30)
GONE Senior IT Application Lead (first seen 2026-09-30)
(2026-10-02T15:26:49)

Bitdeer board-watch 2026-10-04: +0 new, -1 gone (44 active [bitdeer_us_fulltime])
GONE 2026 GTT: Indication of Interest (first seen 2026-09-30)
(2026-10-04T13:01:05)

