Canadian Solar board-watch 2026-10-02: +29 new, -0 gone (29 active [canadiansolar_us_fulltime])
NEW IE Engineer | Mesquite, TX | 2026-09-30 | https://canadiansolar.wd5.myworkdayjobs.com/CanadianSolar/job/Mesquite-TX/IE-Engineer_10001453
NEW Accountant II | Mesquite, TX | 2026-09-29 | https://canadiansolar.wd5.myworkdayjobs.com/CanadianSolar/job/Mesquite-TX/Accountant-II_10001334
NEW EHS System and Audit Program Engineer | Jeffersonville, IN | 2026-09-29 | https://canadiansolar.wd5.myworkdayjobs.com/CanadianSolar/job/Jeffersonville-IN/EHS-System-and-Audit-Program-Engineer_10001483
NEW Team lead II | Mesquite, TX | 2026-09-21 | https://canadiansolar.wd5.myworkdayjobs.com/CanadianSolar/job/Mesquite-TX/Team-lead-II_10001457
NEW Operator I, Material Center | Mesquite, TX | 2026-09-21 | https://canadiansolar.wd5.myworkdayjobs.com/CanadianSolar/job/Mesquite-TX/Operator-I--Material-Center_10001458
NEW Equipment Technician | Mesquite, TX | 2026-09-21 | https://canadiansolar.wd5.myworkdayjobs.com/CanadianSolar/job/Mesquite-TX/Equipment-Technician_10000098
NEW Production Shift Supervisor (Rotating Shifts) | Mesquite, TX | 2026-09-18 | https://canadiansolar.wd5.myworkdayjobs.com/CanadianSolar/job/Mesquite-TX/Production-Shift-Supervisor--Rotating-Shifts-_10001088
NEW Indirect Sourcing Supervisor | Jeffersonville, IN | 2026-09-17 | https://canadiansolar.wd5.myworkdayjobs.com/CanadianSolar/job/Jeffersonville-IN/Indirect-Sourcing-Supervisor_10001449
NEW Quality System Supervisor | Jeffersonville, IN | 2026-09-17 | https://canadiansolar.wd5.myworkdayjobs.com/CanadianSolar/job/Jeffersonville-IN/Quality-System-Supervisor_10001463
NEW Supplier Quality Supervisor | Jeffersonville, IN | 2026-09-17 | https://canadiansolar.wd5.myworkdayjobs.com/CanadianSolar/job/Jeffersonville-IN/Supplier-Quality-Supervisor_10001462
NEW Facility Supervisor - Waste Water | Jeffersonville, IN | 2026-09-17 | https://canadiansolar.wd5.myworkdayjobs.com/CanadianSolar/job/Jeffersonville-IN/Facility-Supervisor---Waste-Water_10001397
NEW Warehouse Specialist | Mesquite, TX | 2026-09-17 | https://canadiansolar.wd5.myworkdayjobs.com/CanadianSolar/job/Mesquite-TX/Warehouse-Specialist_10001191
NEW Production Operator | Mesquite, TX | 2026-09-15 | https://canadiansolar.wd5.myworkdayjobs.com/CanadianSolar/job/Mesquite-TX/Production-Operator_10001242
NEW C&I Sales Manager, Distribution | ? | 2026-09-15 | https://canadiansolar.wd5.myworkdayjobs.com/CanadianSolar/job/C-I-Sales-Manager--Distribution_10001452
NEW Sr. Commissioning Technician | US - Remote | 2026-09-14 | https://canadiansolar.wd5.myworkdayjobs.com/CanadianSolar/job/US---Remote/Sr-Commissioning-Technician_10001277-1
NEW Commissioning Engineer | US - Remote | 2026-09-14 | https://canadiansolar.wd5.myworkdayjobs.com/CanadianSolar/job/US---Remote/Commissioning-Engineer_10001276
NEW Project Engineer | US - Remote | 2026-09-12 | https://canadiansolar.wd5.myworkdayjobs.com/CanadianSolar/job/US---Remote/Project-Engineer_10001429-1
NEW Sr. Project Engineer | US - Remote | 2026-09-12 | https://canadiansolar.wd5.myworkdayjobs.com/CanadianSolar/job/US---Remote/Sr-Project-Engineer_10001428-1
NEW Lab Engineer | Mesquite, TX | 2026-09-11 | https://canadiansolar.wd5.myworkdayjobs.com/CanadianSolar/job/Mesquite-TX/Assistant-Engineer--Quality_10001175
NEW Financial Supervisor | Walnut Creek, CA | 2026-09-11 | https://canadiansolar.wd5.myworkdayjobs.com/CanadianSolar/job/Walnut-Creek-CA/Financial-Supervisor_10001431
NEW Business Strategy Analyst, Commercial Operations | Walnut Creek, CA; Mesquite, TX | 2026-09-10 | https://canadiansolar.wd5.myworkdayjobs.com/CanadianSolar/job/Walnut-Creek-CA/Business-Strategy-Analyst_10001433
NEW Customer Quality Engineer | Mesquite, TX | 2026-09-09 | https://canadiansolar.wd5.myworkdayjobs.com/CanadianSolar/job/Mesquite-TX/Quality-Engineer_10001179
NEW Sr. Commissioning Manager, North America | US - Remote; Canada - Remote | 2026-09-09 | https://canadiansolar.wd5.myworkdayjobs.com/CanadianSolar/job/US---Remote/Sr-Commissioning-Manager--North-America_10001440-1
NEW Raw Material Laboratory Engineer | Mesquite, TX | 2026-09-08 | https://canadiansolar.wd5.myworkdayjobs.com/CanadianSolar/job/Mesquite-TX/Lab-Engineer_10000835
NEW Human Resources Generalist | Jeffersonville, IN | 2026-09-08 | https://canadiansolar.wd5.myworkdayjobs.com/CanadianSolar/job/Jeffersonville-IN/Human-Resources-Generalist_10001439
NEW … and 4 more (newposts.jsonl)
(2026-10-02T13:37:28)

