Chagee board-watch 2026-09-30: +5 new, -0 gone (5 active [chagee_us_fulltime])
NEW Manager, Social & Creator Marketing | Irvine | 2026-09-14 | https://chagee.wd102.myworkdayjobs.com/External/job/Irvine/Manager--Social---Creator-Marketing_JR613
NEW Sr. Facilities & Equipment Specialist (Contract) | Irvine | 2026-09-09 | https://chagee.wd102.myworkdayjobs.com/External/job/Irvine/Sr-Facilities---Equipment-Specialist--Contract-_JR607
NEW Manager, Operations Integration & Training | Irvine | 2026-07-29 | https://chagee.wd102.myworkdayjobs.com/External/job/Irvine/US-Training-Specialist_JR560
NEW Director, Supply Chain | Irvine | 2026-07-23 | https://chagee.wd102.myworkdayjobs.com/External/job/Irvine/Director--Supply-Chain_JR576
NEW Manager, Real Estate Development | Irvine | 2026-06-25 | https://chagee.wd102.myworkdayjobs.com/External/job/Irvine/Manager--Real-Estate-Development_JR552
(2026-09-30T13:25:04)

Chagee board-watch 2026-10-03: +0 new, -1 gone (4 active [chagee_us_fulltime])
GONE Manager, Real Estate Development (first seen 2026-09-30)
(2026-10-03T12:17:29)

Chagee board-watch 2026-10-07: +55 new, -0 gone (59 active [chagee_us_fulltime])
NEW Head of Brand & Marketing - TH | Bangkok | 2026-10-06 | https://chagee.wd102.myworkdayjobs.com/External/job/Bangkok/Head-of-Brand---Marketing---TH_JR609
NEW DTC (Direct-to-Customer) Operations Manager, Vietnam | Ho Chi Minh City | 2026-10-06 | https://chagee.wd102.myworkdayjobs.com/External/job/Ho-Chi-Minh-City/DTC--Direct-to-Customer--Operations-Manager--Vietnam_JR622
NEW Senior Accountant | Seoul | 2026-09-10 | https://chagee.wd102.myworkdayjobs.com/External/job/Seoul/Senior-Accountant_JR608
NEW Paralegal Senior Specialist, APAC | Singapore - APAC | 2026-08-24 | https://chagee.wd102.myworkdayjobs.com/External/job/Singapore---APAC/Paralegal-Senior-Specialist--APAC_JR598
NEW Design intern | Singapore - APAC | 2026-08-17 | https://chagee.wd102.myworkdayjobs.com/External/job/Singapore---APAC/Design-intern_JR592
NEW APAC Marketing Campaign Manager | Singapore - APAC | 2026-07-29 | https://chagee.wd102.myworkdayjobs.com/External/job/Singapore---APAC/APAC-Marketing-Campaign-Manager_JR581
NEW Real Estate Manager | Seoul | 2026-07-28 | https://chagee.wd102.myworkdayjobs.com/External/job/Seoul/Real-Estate-Manager_JR579
NEW Public Relations Intern | Singapore - APAC | 2026-07-02 | https://chagee.wd102.myworkdayjobs.com/External/job/Singapore---APAC/Public-Relations-Intern_JR556
NEW O2O (Online-to-Offline) Manager | Ho Chi Minh City | 2026-06-25 | https://chagee.wd102.myworkdayjobs.com/External/job/Ho-Chi-Minh-City/O2O--Online-to-Offline--Manager_JR551-1
NEW DTC Manager (Membership & Loyalty) Vietnam | Ho Chi Minh City | 2026-06-24 | https://chagee.wd102.myworkdayjobs.com/External/job/Ho-Chi-Minh-City/DTC-Manager--Membership---Loyalty--Vietnam_JR547
NEW Intern, SG User Operations | Singapore - APAC | 2026-06-15 | https://chagee.wd102.myworkdayjobs.com/External/job/Singapore---APAC/Intern--SG-User-Operations_JR538
NEW Korea Operations Director | Seoul | 2026-05-20 | https://chagee.wd102.myworkdayjobs.com/External/job/Seoul/Korea-Operations-Director_JR514-1
NEW Store Layout & Flow Optimization Manager | Singapore - APAC | 2026-05-13 | https://chagee.wd102.myworkdayjobs.com/External/job/Singapore---APAC/Store-Layout---Flow-Optimization-Manager_JR496
NEW Tax Manager - Thailand | Bangkok | 2026-05-05 | https://chagee.wd102.myworkdayjobs.com/External/job/Bangkok/Tax-Manager---Thailand_JR490
NEW Accounts Receivable Assistant Manager | Kuala Lumpur | 2026-05-05 | https://chagee.wd102.myworkdayjobs.com/External/job/Kuala-Lumpur/Accounts-Receivable-Assistant-Manager_JR395
NEW Public Relations intern | Singapore - APAC | 2026-04-23 | https://chagee.wd102.myworkdayjobs.com/External/job/Singapore---APAC/Public-Relations-intern_JR486
NEW APAC Organization Culture Specialist | Singapore - APAC | 2026-04-22 | https://chagee.wd102.myworkdayjobs.com/External/job/Singapore---APAC/APAC-Organization-Culture-Specialist_JR485
NEW CRM Manager | Bangkok | 2026-04-15 | https://chagee.wd102.myworkdayjobs.com/External/job/Bangkok/CRM-Manager_JR478
NEW APAC Comms and Public Affairs Manager | Singapore - APAC | 2026-04-15 | https://chagee.wd102.myworkdayjobs.com/External/job/Singapore---APAC/Public-Relations-Manager---APAC_JR295
NEW Real Estate Manager, Indonesia | Jakarta | 2026-04-15 | https://chagee.wd102.myworkdayjobs.com/External/job/Jakarta/Real-Estate-Manager--Indonesia_JR476
NEW Government & Public Relations Manager, Korea | Seoul | 2026-04-14 | https://chagee.wd102.myworkdayjobs.com/External/job/Seoul/Government---Public-Relations-Manager--Korea_JR412-10
NEW APAC Campaign Intern (Singapore) | Singapore - APAC | 2026-04-13 | https://chagee.wd102.myworkdayjobs.com/External/job/Singapore---APAC/APAC-Campaign-Intern--Singapore-_JR469
NEW Legal Counsel, Shared Services | Singapore - APAC | 2026-03-31 | https://chagee.wd102.myworkdayjobs.com/External/job/Singapore---APAC/Legal-Counsel--Shared-Services_JR463
NEW Head of User Operations | Bangkok | 2026-03-31 | https://chagee.wd102.myworkdayjobs.com/External/job/Bangkok/Head-of-User-Operations_JR319-3
NEW Membership Operation Manager | Singapore - APAC | 2026-03-31 | https://chagee.wd102.myworkdayjobs.com/External/job/Singapore---APAC/Membership-Operation-Manager_JR450
NEW … and 30 more (newposts.jsonl)
(2026-10-07T04:29:15)

