Cognition board-watch 2026-10-02: +55 new, -0 gone (55 active [cognition_us_fulltime])
NEW General Application - Cognition | San Francisco | Posted 936 Days Ago | https://jobs.ashbyhq.com/cognition/4841bda0-057a-4471-801f-70309c3c02d5
NEW Research Engineer, Post-Training | San Francisco | Posted 57 Days Ago — 200 applicants | https://jobs.ashbyhq.com/cognition/72d3db28-07d3-4c28-b49f-1bdf6e8e0f10
NEW Event Marketer | San Francisco, Austin, New York City | Posted 38 Days Ago | https://jobs.ashbyhq.com/cognition/5fcd7140-e519-4465-b2a4-9902886f3cc8
NEW Deployed Engineer | San Francisco; {'location': 'New York City', 'address': {'postalAddress': {'postalCode': '10021', 'addressRegion': 'NY', 'addressCountry': 'United States', 'addressLocality': 'New York City'}}}; {'location': 'Austin, Texas', 'address': {'postalAddress': {'addressRegion': 'Texas', 'addressCountry': 'United States', 'addressLocality': 'Austin'}}} | Posted 449 Days Ago | https://jobs.ashbyhq.com/cognition/d72d584c-bb11-4b6a-b043-d81425ea884a
NEW Applied AI Transformation Manager | San Francisco; {'location': 'New York City', 'address': {'postalAddress': {'postalCode': '10021', 'addressRegion': 'NY', 'addressCountry': 'United States', 'addressLocality': 'New York City'}}} | Posted 448 Days Ago | https://jobs.ashbyhq.com/cognition/ca40e489-d1cb-4a8a-b761-ec3a67c8fda6
NEW Product Marketer | San Francisco; {'location': 'New York City', 'address': {'postalAddress': {'postalCode': '10021', 'addressRegion': 'NY', 'addressCountry': 'United States', 'addressLocality': 'New York City'}}} | Posted 167 Days Ago | https://jobs.ashbyhq.com/cognition/60ac2393-2727-4c88-953b-013e7bb418f8
NEW Product Engineer | San Francisco; {'location': 'New York City', 'address': {'postalAddress': {'postalCode': '10021', 'addressRegion': 'NY', 'addressCountry': 'United States', 'addressLocality': 'New York City'}}} | Posted 57 Days Ago | https://jobs.ashbyhq.com/cognition/439404bb-3185-4d22-b6df-4a5e39a510d6
NEW AI Support Engineer | San Francisco; {'location': 'New York City', 'address': {'postalAddress': {'postalCode': '10021', 'addressRegion': 'NY', 'addressCountry': 'United States', 'addressLocality': 'New York City'}}} | Posted 170 Days Ago — 200 applicants | https://jobs.ashbyhq.com/cognition/02772183-104d-4cc6-92a4-8e928f51b862
NEW Commercial Counsel | New York City | Posted 185 Days Ago | https://jobs.ashbyhq.com/cognition/9ff00394-b9cd-4a12-af7b-c409cba15f80
NEW Software Engineer, Infrastructure | San Francisco; {'location': 'New York City', 'address': {'postalAddress': {'postalCode': '10021', 'addressRegion': 'NY', 'addressCountry': 'United States', 'addressLocality': 'New York City'}}} | Posted 57 Days Ago | https://jobs.ashbyhq.com/cognition/13fdacf7-b4dc-4b9a-ac43-addc87de79ec
NEW VP, U.S. Policy | Washington DC | Posted 94 Days Ago — 200 applicants | https://jobs.ashbyhq.com/cognition/d1cc2c4e-de7b-4daf-81ae-3e19da329ad0
NEW Software Engineer | San Francisco; {'location': 'New York City', 'address': {'postalAddress': {'postalCode': '10021', 'addressRegion': 'NY', 'addressCountry': 'United States', 'addressLocality': 'New York City'}}} | Posted 57 Days Ago | https://jobs.ashbyhq.com/cognition/e8086415-62bc-4cc0-96a4-84bb56182d35
NEW Sales Development Representative | New York City; {'location': 'San Francisco', 'address': {'postalAddress': {'addressRegion': 'California', 'addressCountry': 'United States', 'addressLocality': 'San Francisco'}}} | Posted 318 Days Ago — 200 applicants | https://jobs.ashbyhq.com/cognition/001a11ed-d7bb-4c78-a260-1d28c12bf61a
NEW Applied AI Engineer | San Francisco; {'location': 'New York City', 'address': {'postalAddress': {'postalCode': '10021', 'addressRegion': 'NY', 'addressCountry': 'United States', 'addressLocality': 'New York City'}}}; {'location': 'London', 'address': {'postalAddress': {'addressRegion': 'UK', 'addressCountry': 'United Kingdom', 'addressLocality': 'London'}}} | Posted 344 Days Ago | https://jobs.ashbyhq.com/cognition/811c3f5a-b26d-4162-b49b-93890a91794d
NEW Data Engineer | San Francisco | Posted 310 Days Ago | https://jobs.ashbyhq.com/cognition/9ef920ff-de3d-4b5d-8733-f3bf92763b0f
NEW GTM Operations | San Francisco; {'location': 'New York City', 'address': {'postalAddress': {'postalCode': '10021', 'addressRegion': 'NY', 'addressCountry': 'United States', 'addressLocality': 'New York City'}}} | Posted 310 Days Ago | https://jobs.ashbyhq.com/cognition/decd6bbe-1875-42e8-9440-f54fd9d2270f
NEW IT Engineer | New York City; {'location': 'New York City', 'address': {'postalAddress': {'postalCode': '10021', 'addressRegion': 'NY', 'addressCountry': 'United States', 'addressLocality': 'New York City'}}} | Posted 301 Days Ago | https://jobs.ashbyhq.com/cognition/daf8accf-5799-4dba-a77d-66ace242fa88
NEW Field Marketer | San Francisco; {'location': 'New York City', 'address': {'postalAddress': {'postalCode': '10021', 'addressRegion': 'NY', 'addressCountry': 'United States', 'addressLocality': 'New York City'}}}; {'location': 'Austin, Texas', 'address': {'postalAddress': {'addressRegion': 'Texas', 'addressCountry': 'United States', 'addressLocality': 'Austin'}}} | Posted 93 Days Ago | https://jobs.ashbyhq.com/cognition/4fdc11eb-38fa-41c1-851c-73df55cc7152
NEW Account Based Marketer | San Francisco; {'location': 'New York City', 'address': {'postalAddress': {'postalCode': '10021', 'addressRegion': 'NY', 'addressCountry': 'United States', 'addressLocality': 'New York City'}}}; {'location': 'Austin, Texas', 'address': {'postalAddress': {'addressRegion': 'Texas', 'addressCountry': 'United States', 'addressLocality': 'Austin'}}} | Posted 269 Days Ago | https://jobs.ashbyhq.com/cognition/05afba7a-04ab-4e33-af4d-a2cb5e18f894
NEW Account Director, Enterprise (East) | New York City; {'location': 'San Francisco', 'address': {'postalAddress': {'addressRegion': 'California', 'addressCountry': 'United States', 'addressLocality': 'San Francisco'}}}; {'location': 'Austin, Texas', 'address': {'postalAddress': {'addressRegion': 'Texas', 'addressCountry': 'United States', 'addressLocality': 'Austin'}}} | Posted 267 Days Ago | https://jobs.ashbyhq.com/cognition/5081e3b3-e606-4299-bd26-34ac6cdc5f0a
NEW Federal Account Director | Washington DC | Posted 267 Days Ago — 114 applicants | https://jobs.ashbyhq.com/cognition/b154cc8a-0f04-44b8-88d8-72901fc0582d
NEW Business Operations | San Francisco | Posted 354 Days Ago | https://jobs.ashbyhq.com/cognition/170ec744-c6b9-4d75-bdb1-f1eaf5e24d79
NEW Deployed Engineer, Federal | Washington DC; {'location': 'San Francisco', 'address': {'postalAddress': {'addressRegion': 'California', 'addressCountry': 'United States', 'addressLocality': 'San Francisco'}}} | Posted 249 Days Ago | https://jobs.ashbyhq.com/cognition/f1430967-f367-4afe-9107-e58da423633c
NEW Account Director | San Francisco; {'location': 'New York City', 'address': {'postalAddress': {'postalCode': '10021', 'addressRegion': 'NY', 'addressCountry': 'United States', 'addressLocality': 'New York City'}}}; {'location': 'Austin, Texas', 'address': {'postalAddress': {'addressRegion': 'Texas', 'addressCountry': 'United States', 'addressLocality': 'Austin'}}} | Posted 248 Days Ago — 183 applicants | https://jobs.ashbyhq.com/cognition/f2e1096f-72c4-42c8-867e-51c2ebc296f9
NEW Director, Enterprise Sales (Central) | Austin, Texas | Posted 70 Days Ago | https://jobs.ashbyhq.com/cognition/a12f5aac-c232-4bf2-953a-2b7217412aed
NEW … and 30 more (newposts.jsonl)
(2026-10-02T14:13:29)

