EcoFlow (US) board-watch 2026-10-02: +6 new, -0 gone (6 active [ecoflowus_us_fulltime])
NEW Field Sales | Honolulu; Miami; Wildwood | 2026-09-09 | https://ecoflow.jobs.feishu.cn/index/position/7683423787111287091/detail
NEW Technical Support Engineer - T3 | Wildwood | 2026-09-03 | https://ecoflow.jobs.feishu.cn/index/position/7681127686793922857/detail
NEW Technical Service Engineer | Wildwood | 2026-08-27 | https://ecoflow.jobs.feishu.cn/index/position/7678829277148088618/detail
NEW Distribution Channel Manager | Sacramento | 2026-06-22 | https://ecoflow.jobs.feishu.cn/index/position/7654285409488242998/detail
NEW Regional Product Manager - North America | Sacramento | 2026-06-17 | https://ecoflow.jobs.feishu.cn/index/position/7652507799872293130/detail
NEW Key Account BD Manager-New Home Division | Irvine | 2026-06-16 | https://ecoflow.jobs.feishu.cn/index/position/7652122080388909322/detail
(2026-10-02T13:33:03)

EcoFlow (US) board-watch 2026-10-07: +25 new, -0 gone (31 active [ecoflowus_us_fulltime])
NEW Business Development Manager - Portable Power Systems | Madrid | 2026-09-25 | https://ecoflow.jobs.feishu.cn/index/position/7689286324859390254/detail
NEW Key Account Manager - Portable Power Systems | Düsseldorf | 2026-09-25 | https://ecoflow.jobs.feishu.cn/index/position/7689286324859210030/detail
NEW Technical Support Engineer - Philippines | Manila | 2026-09-23 | https://ecoflow.jobs.feishu.cn/index/position/7688766527772789034/detail
NEW Business Development Manager - Portable Power Systems | Roma | 2026-09-17 | https://ecoflow.jobs.feishu.cn/index/position/7686479612348025131/detail
NEW Energy Market Trading & Strategy Expert | Düsseldorf | 2026-09-17 | https://ecoflow.jobs.feishu.cn/index/position/7686434364108556587/detail
NEW Senior Technical Service Engineer - RESS (UK) | Birmingham; London | 2026-08-31 | https://ecoflow.jobs.feishu.cn/index/position/7680242068702955827/detail
NEW Technical Service Engineer - Netherlands | Amsterdam | 2026-08-31 | https://ecoflow.jobs.feishu.cn/index/position/7680233628114585882/detail
NEW Key Account Manager - UK | Birmingham; London | 2026-08-31 | https://ecoflow.jobs.feishu.cn/index/position/7680227081112324406/detail
NEW Key Account Manager ‑ Germany | Düsseldorf; Berlin; Munich; Frankfurt | 2026-08-31 | https://ecoflow.jobs.feishu.cn/index/position/7680212933650155822/detail
NEW Sales Manager – Energy Sector | Düsseldorf; Berlin; Frankfurt; Munich | 2026-08-31 | https://ecoflow.jobs.feishu.cn/index/position/7680199628356847910/detail
NEW Software Product Manager - Energy Management System | Düsseldorf | 2026-08-21 | https://ecoflow.jobs.feishu.cn/index/position/7676391868322449715/detail
NEW Business Development Manager - Energy Storage | Düsseldorf; Berlin; Munich; Frankfurt | 2026-08-12 | https://ecoflow.jobs.feishu.cn/index/position/7672925260639521033/detail
NEW Technical Support Engineer - Home Energy | Sydney | 2026-08-12 | https://ecoflow.jobs.feishu.cn/index/position/7672925143185901834/detail
NEW Field Sales Manager- Switzerland | Düsseldorf | 2026-07-27 | https://ecoflow.jobs.feishu.cn/index/position/7667178256440789286/detail
NEW Field Sales Manager- Austria | Vienna | 2026-07-27 | https://ecoflow.jobs.feishu.cn/index/position/7667177008170207551/detail
NEW Business Development Manager [Plug‑in Solar] | Paris | 2026-07-27 | https://ecoflow.jobs.feishu.cn/index/position/7667172879461992758/detail
NEW BD Manager UK | London | 2026-07-27 | https://ecoflow.jobs.feishu.cn/index/position/7667172879461271862/detail
NEW Technical Service Engineer | Madrid | 2026-07-27 | https://ecoflow.jobs.feishu.cn/index/position/7667170014588406070/detail
NEW 営業アシスタント | Chuo-ku | 2026-07-15 | https://ecoflow.jobs.feishu.cn/index/position/7662664609866172735/detail
NEW BDM C&I Italy | Roma | 2026-06-26 | https://ecoflow.jobs.feishu.cn/index/position/7655616257072826634/detail
NEW マーケティングマネージャー（B2B事業向け） | Chuo-ku | 2026-05-19 | https://ecoflow.jobs.feishu.cn/index/position/7641445250230389046/detail
NEW Presales Engineer - UK | London | 2026-03-23 | https://ecoflow.jobs.feishu.cn/index/position/7620467237614930203/detail
NEW チャンネルセールス | Chuo-ku | 2026-03-04 | https://ecoflow.jobs.feishu.cn/index/position/7613317804947097883/detail
NEW Field Sales Manager | Düsseldorf | 2026-01-19 | https://ecoflow.jobs.feishu.cn/index/position/7597078593177946418/detail
NEW Business Development Manager - C&I | Düsseldorf | 2026-01-16 | https://ecoflow.jobs.feishu.cn/index/position/7595914503036979499/detail
(2026-10-07T04:47:27)

