Foxconn Industrial Internet board-watch 2026-09-27: +164 new, -0 gone (164 active [foxconnfii_us_fulltime])
NEW AOI Technician - Day Shift (NVD) | San Jose, CA | 2026-07-29 | https://foxconnassemblyllc.applytojob.com/apply/ULizgLdsup/AOI-Technician-Day-Shift-NVD
NEW Automation Engineer (NVD) | San Jose, CA |  | https://foxconnassemblyllc.applytojob.com/apply/YnCwZvOX7C/Automation-Engineer-NVD
NEW Automation Technician (IB4) | Houston, TX |  | https://foxconnassemblyllc.applytojob.com/apply/1R8guqLQJm/Automation-Technician-IB4
NEW BGA Rework Technician -Swing (NVD) | San Jose, CA | 2026-09-16 | https://foxconnassemblyllc.applytojob.com/apply/av4td6NY24/BGA-Rework-Technician-Swing-NVD
NEW BGA Technician | NC | 2026-09-17 | https://foxconnassemblyllc.applytojob.com/apply/Q3OUed6hgB/BGA-Technician
NEW BMC Firmware Engineer | Houston, TX | 2026-08-18 | https://foxconnassemblyllc.applytojob.com/apply/moYkYI8wDk/BMC-Firmware-Engineer
NEW Business Program Manager (Austin Site) | Austin, TX | 2026-07-22 | https://foxconnassemblyllc.applytojob.com/apply/seADYBM7fJ/Business-Program-Manager-Austin-Site
NEW Business Program Manager (Hou Site) | Houston, TX |  | https://foxconnassemblyllc.applytojob.com/apply/JF44qZANuy/Business-Program-Manager-Hou-Site
NEW Business Project Manager or Analyst (Hou) | Houston, TX |  | https://foxconnassemblyllc.applytojob.com/apply/Oyf8KmI9OT/Business-Project-Manager-Or-Analyst-Hou
NEW Business Systems Analyst | Houston, TX | 2026-08-11 | https://foxconnassemblyllc.applytojob.com/apply/CKJVT7Syyo/Business-Systems-Analyst
NEW Buyer - (NVD) | San Jose, CA | 2026-07-09 | https://foxconnassemblyllc.applytojob.com/apply/2HN60dfAyn/Buyer-NVD
NEW Buyer - Day Shift | San Jose, CA |  | https://foxconnassemblyllc.applytojob.com/apply/BzhdFHi3KD/Buyer-Day-Shift
NEW Buyer (NVD - SVC) | Houston, TX |  | https://foxconnassemblyllc.applytojob.com/apply/8wHafLdrgs/Buyer-NVD-SVC
NEW Cost Accounting Assistant / Junior Cost Accountant | San Jose, CA | 2026-07-07 | https://foxconnassemblyllc.applytojob.com/apply/5J5zoK3BeA/Cost-Accounting-Assistant-Junior-Cost-Accountant
NEW Cost Analyst | Houston, TX |  | https://foxconnassemblyllc.applytojob.com/apply/QP5P5AfCQX/Cost-Analyst
NEW Cost Control Specialist (NVD) | San Jose, CA |  | https://foxconnassemblyllc.applytojob.com/apply/6nKIraxLwg/Cost-Control-Specialist-NVD
NEW Data Analyst | Houston, TX | 2026-08-11 | https://foxconnassemblyllc.applytojob.com/apply/SyL74KTrVW/Data-Analyst
NEW Data Engineer | Houston, TX | 2026-08-11 | https://foxconnassemblyllc.applytojob.com/apply/iENUp15Elo/Data-Engineer
NEW Database Administrator | Houston, TX |  | https://foxconnassemblyllc.applytojob.com/apply/aAdBpU3tgi/Database-Administrator
NEW Debug Technician | Houston, TX |  | https://foxconnassemblyllc.applytojob.com/apply/wzGSZzwCgO/Debug-Technician
NEW Debug Technician -  IB4 | Houston, TX | 2026-08-21 | https://foxconnassemblyllc.applytojob.com/apply/QH7o29WfWM/Debug-Technician--IB4
NEW Diagnostic Engineer | Mt. Pleasant, WI |  | https://foxconnassemblyllc.applytojob.com/apply/4CUkyH5KuV/Diagnostic-Engineer
NEW Document Control Specialist (NVD) | Houston, TX |  | https://foxconnassemblyllc.applytojob.com/apply/TVkwp1G8Lm/Document-Control-Specialist-NVD
NEW Document/Process Control Engineer (HPE – SVC) | Houston, TX |  | https://foxconnassemblyllc.applytojob.com/apply/qKhFiuaI4r/DocumentProcess-Control-Engineer-HPE-SVC
NEW Document/Process Control Engineer (SW) | Houston, TX |  | https://foxconnassemblyllc.applytojob.com/apply/MMXudAySvN/DocumentProcess-Control-Engineer-SW
NEW … and 139 more (newposts.jsonl)
(2026-09-27T12:46:07)

Foxconn Industrial Internet board-watch 2026-09-29: +1 new, -0 gone (165 active [foxconnfii_us_fulltime])
NEW Human Resources Generalist (IB3) | Houston, TX | 2026-09-28 | https://foxconnassemblyllc.applytojob.com/apply/05kouAGWDx/Human-Resources-Generalist-IB3
(2026-09-29T13:35:50)

Foxconn Industrial Internet board-watch 2026-10-01: +2 new, -1 gone (166 active [foxconnfii_us_fulltime])
NEW Payroll Specialist | Houston, TX | 2026-09-30 | https://foxconnassemblyllc.applytojob.com/apply/Xbnwmw02uo/Payroll-Specialist
NEW Test Engineer - Day Shift - (NVD) | San Jose, CA | 2026-09-30 | https://foxconnassemblyllc.applytojob.com/apply/XfIBipwilI/Test-Engineer-Day-Shift-NVD
GONE Human Resources Coordinator (first seen 2026-09-27)
(2026-10-01T14:09:24)

Foxconn Industrial Internet board-watch 2026-10-02: +6 new, -3 gone (169 active [foxconnfii_us_fulltime])
NEW Service Operator (Houston/Austin) | Houston/Austin, TX | 2026-10-01 | https://foxconnassemblyllc.applytojob.com/apply/Di2uG7mgqD/Service-Operator-HoustonAustin
NEW Service Operator (Mt. Pleasant) | Mt. Pleasant, WI | 2026-10-01 | https://foxconnassemblyllc.applytojob.com/apply/OrghLw5Uvv/Service-Operator-Mt-Pleasant
NEW System Engineer (Houston/Austin) | Houston/Austin, TX | 2026-10-01 | https://foxconnassemblyllc.applytojob.com/apply/FKoqC9AQfh/System-Engineer-HoustonAustin
NEW System Engineer (Mt. Pleasant) | Mt. Pleasant, WI | 2026-10-01 | https://foxconnassemblyllc.applytojob.com/apply/eUC1enzKsX/System-Engineer-Mt-Pleasant
NEW System/Network Engineer (Houston/Austin) | Houston/Austin, TX | 2026-10-01 | https://foxconnassemblyllc.applytojob.com/apply/vYxVajsVrh/SystemNetwork-Engineer-HoustonAustin
NEW System/Network Engineer (Mt. Pleasant) | Mt. Pleasant, WI | 2026-10-01 | https://foxconnassemblyllc.applytojob.com/apply/r2HyS5S8oS/SystemNetwork-Engineer-Mt-Pleasant
GONE HR Generalist - IB4 (first seen 2026-09-27)
GONE Junior System/Network Engineer (first seen 2026-09-27)
GONE Senior System/Network Engineer (first seen 2026-09-27)
(2026-10-02T03:43:46)

Foxconn Industrial Internet board-watch 2026-10-03: +1 new, -0 gone (170 active [foxconnfii_us_fulltime])
NEW Production Support Coordinator | Sunnyvale, CA | 2026-10-02 | https://foxconnassemblyllc.applytojob.com/apply/VRBfVspePj/Production-Support-Coordinator
(2026-10-03T12:14:19)

Foxconn Industrial Internet board-watch 2026-10-06: +0 new, -2 gone (168 active [foxconnfii_us_fulltime])
GONE Manufacturing Project Manager (HOU) (first seen 2026-09-27)
GONE ORT (Ongoing-Reliability Engineer) Engineer - IB4 (first seen 2026-09-27)
(2026-10-06T13:52:36)

Foxconn Industrial Internet board-watch 2026-10-07: +1 new, -0 gone (169 active [foxconnfii_us_fulltime])
NEW Front Desk Receptionist - IB4 | Houston, TX | 2026-10-06 | https://foxconnassemblyllc.applytojob.com/apply/sY8vGGyicX/Front-Desk-Receptionist-IB4
(2026-10-07T01:12:14)

Foxconn Industrial Internet board-watch 2026-10-08: +1 new, -0 gone (170 active [foxconnfii_us_fulltime])
NEW IT Helpdesk Technician | Austin, TX | 2026-10-07 | https://foxconnassemblyllc.applytojob.com/apply/1SoqUBNQXz/IT-Helpdesk-Technician
(2026-10-08T14:21:18)

Foxconn Industrial Internet board-watch 2026-10-08: +1 new, -0 gone (171 active [foxconnfii_us_fulltime])
NEW Business Analyst II – Electronics Services (HPE Product) | Houston, TX | 2026-10-08 | https://foxconnassemblyllc.applytojob.com/apply/OcIyho7TuL/Business-Analyst-II-Electronics-Services-HPE-Product
(2026-10-08T14:49:27)

