Frontage Laboratories board-watch 2026-10-07: +95 new, -0 gone (95 active [frontage_us_fulltime])
NEW Sample Coordinator | Eagleview, Exton, PA, US | 2026-10-05 | https://workforcenow.adp.com/mascsr/default/mdf/recruitment/recruitment.html?cid=0fad767f-f389-40ea-b2d1-d8df05098476&ccId=19000101_000001&jobId=9200051572950_1&lang=en_US
NEW Research Assistant | Hayward, CA, US | 2026-10-02 | https://workforcenow.adp.com/mascsr/default/mdf/recruitment/recruitment.html?cid=0fad767f-f389-40ea-b2d1-d8df05098476&ccId=19000101_000001&jobId=9203164167310_1&lang=en_US
NEW Data Management Specialist | Exton, PA, US | 2026-09-29 | https://workforcenow.adp.com/mascsr/default/mdf/recruitment/recruitment.html?cid=0fad767f-f389-40ea-b2d1-d8df05098476&ccId=19000101_000001&jobId=9200400459013_1&lang=en_US
NEW Provantis System Administrator | Chicago, IL, US | 2026-09-28 | https://workforcenow.adp.com/mascsr/default/mdf/recruitment/recruitment.html?cid=0fad767f-f389-40ea-b2d1-d8df05098476&ccId=19000101_000001&jobId=9203162897056_1&lang=en_US
NEW Facilities Supervisor/ Manager | Exton, PA, US | 2026-09-28 | https://workforcenow.adp.com/mascsr/default/mdf/recruitment/recruitment.html?cid=0fad767f-f389-40ea-b2d1-d8df05098476&ccId=19000101_000001&jobId=9203055919612_1&lang=en_US
NEW Study Director, Toxicology | Chicago, IL, US | 2026-09-24 | https://workforcenow.adp.com/mascsr/default/mdf/recruitment/recruitment.html?cid=0fad767f-f389-40ea-b2d1-d8df05098476&ccId=19000101_000001&jobId=9203162041107_1&lang=en_US
NEW Study Director, Developmental and Reproductive Toxicology (DART) | Chicago, IL, US | 2026-09-24 | https://workforcenow.adp.com/mascsr/default/mdf/recruitment/recruitment.html?cid=0fad767f-f389-40ea-b2d1-d8df05098476&ccId=19000101_000001&jobId=9203162040544_1&lang=en_US
NEW Facilities Technician  | Exton, PA, US | 2026-09-17 | https://workforcenow.adp.com/mascsr/default/mdf/recruitment/recruitment.html?cid=0fad767f-f389-40ea-b2d1-d8df05098476&ccId=19000101_000001&jobId=9203040620360_1&lang=en_US
NEW Facilities Associate | Exton, PA, US | 2026-09-17 | https://workforcenow.adp.com/mascsr/default/mdf/recruitment/recruitment.html?cid=0fad767f-f389-40ea-b2d1-d8df05098476&ccId=19000101_000001&jobId=9203153669773_1&lang=en_US
NEW Report Writer | Chicago, IL, US | 2026-08-31 | https://workforcenow.adp.com/mascsr/default/mdf/recruitment/recruitment.html?cid=0fad767f-f389-40ea-b2d1-d8df05098476&ccId=19000101_000001&jobId=9203155247971_1&lang=en_US
NEW Research Technician | Chicago, IL, US | 2026-08-31 | https://workforcenow.adp.com/mascsr/default/mdf/recruitment/recruitment.html?cid=0fad767f-f389-40ea-b2d1-d8df05098476&ccId=19000101_000001&jobId=9203155235468_1&lang=en_US
NEW Veterinarian | Concord, OH, US | 2026-08-28 | https://workforcenow.adp.com/mascsr/default/mdf/recruitment/recruitment.html?cid=0fad767f-f389-40ea-b2d1-d8df05098476&ccId=19000101_000001&jobId=9203014766506_1&lang=en_US
NEW Director BGC Operations | Exton, PA, US | 2026-08-28 | https://workforcenow.adp.com/mascsr/default/mdf/recruitment/recruitment.html?cid=0fad767f-f389-40ea-b2d1-d8df05098476&ccId=19000101_000001&jobId=9203154547598_1&lang=en_US
NEW Director, Business Development - Clinical Research | Secaucus, NJ, US | 2026-08-26 | https://workforcenow.adp.com/mascsr/default/mdf/recruitment/recruitment.html?cid=0fad767f-f389-40ea-b2d1-d8df05098476&ccId=19000101_000001&jobId=9202973864752_1&lang=en_US
NEW Administrative and Shipping Coordinator | Exton, PA, US | 2026-08-24 | https://workforcenow.adp.com/mascsr/default/mdf/recruitment/recruitment.html?cid=0fad767f-f389-40ea-b2d1-d8df05098476&ccId=19000101_000001&jobId=9203152846517_1&lang=en_US
NEW Specimen Processor | Exton, PA, US | 2026-08-21 | https://workforcenow.adp.com/mascsr/default/mdf/recruitment/recruitment.html?cid=0fad767f-f389-40ea-b2d1-d8df05098476&ccId=19000101_000001&jobId=9200346645147_1&lang=en_US
NEW Laboratory Application Specialist | Exton, PA, US | 2026-08-18 | https://workforcenow.adp.com/mascsr/default/mdf/recruitment/recruitment.html?cid=0fad767f-f389-40ea-b2d1-d8df05098476&ccId=19000101_000001&jobId=9203072899643_1&lang=en_US
NEW QA Specialist-GLP/BIO | Exton, PA, US | 2026-08-14 | https://workforcenow.adp.com/mascsr/default/mdf/recruitment/recruitment.html?cid=0fad767f-f389-40ea-b2d1-d8df05098476&ccId=19000101_000001&jobId=9203090042992_1&lang=en_US
NEW Junior Accountant | Secaucus, NJ, US | 2026-08-13 | https://workforcenow.adp.com/mascsr/default/mdf/recruitment/recruitment.html?cid=0fad767f-f389-40ea-b2d1-d8df05098476&ccId=19000101_000001&jobId=9203150138848_1&lang=en_US
NEW Lab Technician | Exton, PA, US | 2026-08-10 | https://workforcenow.adp.com/mascsr/default/mdf/recruitment/recruitment.html?cid=0fad767f-f389-40ea-b2d1-d8df05098476&ccId=19000101_000001&jobId=9203149080479_1&lang=en_US
NEW Project Manager | Exton, PA, US | 2026-08-05 | https://workforcenow.adp.com/mascsr/default/mdf/recruitment/recruitment.html?cid=0fad767f-f389-40ea-b2d1-d8df05098476&ccId=19000101_000001&jobId=9203117417089_1&lang=en_US
NEW Histology Technician | Exton, PA, US | 2026-07-31 | https://workforcenow.adp.com/mascsr/default/mdf/recruitment/recruitment.html?cid=0fad767f-f389-40ea-b2d1-d8df05098476&ccId=19000101_000001&jobId=9203146406430_1&lang=en_US
NEW Principal Scientist | Exton, PA, US | 2026-07-31 | https://workforcenow.adp.com/mascsr/default/mdf/recruitment/recruitment.html?cid=0fad767f-f389-40ea-b2d1-d8df05098476&ccId=19000101_000001&jobId=9203146272967_1&lang=en_US
NEW Animal Research Technician  | Concord, OH, US | 2026-07-29 | https://workforcenow.adp.com/mascsr/default/mdf/recruitment/recruitment.html?cid=0fad767f-f389-40ea-b2d1-d8df05098476&ccId=19000101_000001&jobId=9203048029375_1&lang=en_US
NEW Animal Care/Cagewash Technician | Concord, OH, US | 2026-07-29 | https://workforcenow.adp.com/mascsr/default/mdf/recruitment/recruitment.html?cid=0fad767f-f389-40ea-b2d1-d8df05098476&ccId=19000101_000001&jobId=9203132089444_1&lang=en_US
NEW … and 70 more (newposts.jsonl)
(2026-10-07T02:56:36)

