Fuyao Glass America board-watch 2026-09-27: +173 new, -0 gone (173 active [fuyao_us_fulltime])
NEW Cost Accountant - Finance Dept | Moraine, OH, US | 2026-09-25 | https://workforcenow.adp.com/mascsr/default/mdf/recruitment/recruitment.html?cid=25319558-d6a9-48ab-93d2-99e4878a8ffc&ccId=19000101_000001&jobId=9201298441227_1&lang=en_US
NEW Production Associate--ALL SHIFTS | Moraine, OH, US | 2026-09-25 | https://workforcenow.adp.com/mascsr/default/mdf/recruitment/recruitment.html?cid=25319558-d6a9-48ab-93d2-99e4878a8ffc&ccId=19000101_000001&jobId=9201213743583_1&lang=en_US
NEW Logistics Operator 3rd Shift | Moraine, OH, US | 2026-09-25 | https://workforcenow.adp.com/mascsr/default/mdf/recruitment/recruitment.html?cid=25319558-d6a9-48ab-93d2-99e4878a8ffc&ccId=19000101_000001&jobId=9201299374189_1&lang=en_US
NEW Logistics Operator 1st Shift | Moraine, OH, US | 2026-09-25 | https://workforcenow.adp.com/mascsr/default/mdf/recruitment/recruitment.html?cid=25319558-d6a9-48ab-93d2-99e4878a8ffc&ccId=19000101_000001&jobId=9201299381397_1&lang=en_US
NEW Continuous Improvement Specialist | Plymouth, MI, US | 2026-09-25 | https://workforcenow.adp.com/mascsr/default/mdf/recruitment/recruitment.html?cid=25319558-d6a9-48ab-93d2-99e4878a8ffc&ccId=19000101_000001&jobId=9201299800265_1&lang=en_US
NEW Allocation Forklift - 3rd Shift | Moraine, OH, US | 2026-09-24 | https://workforcenow.adp.com/mascsr/default/mdf/recruitment/recruitment.html?cid=25319558-d6a9-48ab-93d2-99e4878a8ffc&ccId=19000101_000001&jobId=9201296450500_1&lang=en_US
NEW Logistics Operator- 2nd Shift | Moraine, OH, US | 2026-09-24 | https://workforcenow.adp.com/mascsr/default/mdf/recruitment/recruitment.html?cid=25319558-d6a9-48ab-93d2-99e4878a8ffc&ccId=19000101_000001&jobId=9201297401160_1&lang=en_US
NEW Auxiliary Keeper | Moraine, OH, US | 2026-09-24 | https://workforcenow.adp.com/mascsr/default/mdf/recruitment/recruitment.html?cid=25319558-d6a9-48ab-93d2-99e4878a8ffc&ccId=19000101_000001&jobId=9201297505302_1&lang=en_US
NEW Customs Compliance Specialist (Remote Position) | Moraine, OH, US | 2026-09-23 | https://workforcenow.adp.com/mascsr/default/mdf/recruitment/recruitment.html?cid=25319558-d6a9-48ab-93d2-99e4878a8ffc&ccId=19000101_000001&jobId=9201027593444_1&lang=en_US
NEW Recruiter  (Hiring for Hourly Associates) | Moraine, OH, US | 2026-09-23 | https://workforcenow.adp.com/mascsr/default/mdf/recruitment/recruitment.html?cid=25319558-d6a9-48ab-93d2-99e4878a8ffc&ccId=19000101_000001&jobId=9201298078030_1&lang=en_US
NEW Continuous Improvement - Tempering Assembly Dept | Moraine, OH, US | 2026-09-22 | https://workforcenow.adp.com/mascsr/default/mdf/recruitment/recruitment.html?cid=25319558-d6a9-48ab-93d2-99e4878a8ffc&ccId=19000101_000001&jobId=9201297392155_1&lang=en_US
NEW Assistant Quality Manager - Quality Dept | Moraine, OH, US | 2026-09-22 | https://workforcenow.adp.com/mascsr/default/mdf/recruitment/recruitment.html?cid=25319558-d6a9-48ab-93d2-99e4878a8ffc&ccId=19000101_000001&jobId=9201297604006_1&lang=en_US
NEW Waste Recycling Technician | Moraine, OH, US | 2026-09-22 | https://workforcenow.adp.com/mascsr/default/mdf/recruitment/recruitment.html?cid=25319558-d6a9-48ab-93d2-99e4878a8ffc&ccId=19000101_000001&jobId=9201280367975_1&lang=en_US
NEW Allocation Forklift | Moraine, OH, US | 2026-09-22 | https://workforcenow.adp.com/mascsr/default/mdf/recruitment/recruitment.html?cid=25319558-d6a9-48ab-93d2-99e4878a8ffc&ccId=19000101_000001&jobId=9201297426890_1&lang=en_US
NEW Software Control Engineer | South Carolina, Fountain Inn, SC, US | 2026-09-22 | https://workforcenow.adp.com/mascsr/default/mdf/recruitment/recruitment.html?cid=25319558-d6a9-48ab-93d2-99e4878a8ffc&ccId=19000101_000001&jobId=9201297416295_1&lang=en_US
NEW Onsite Intern - Data Control | South Carolina, Fountain Inn, SC, US | 2026-09-22 | https://workforcenow.adp.com/mascsr/default/mdf/recruitment/recruitment.html?cid=25319558-d6a9-48ab-93d2-99e4878a8ffc&ccId=19000101_000001&jobId=9201297412518_1&lang=en_US
NEW Product Quality Engineer - Quality Dept | Moraine, OH, US | 2026-09-21 | https://workforcenow.adp.com/mascsr/default/mdf/recruitment/recruitment.html?cid=25319558-d6a9-48ab-93d2-99e4878a8ffc&ccId=19000101_000001&jobId=9201295780286_1&lang=en_US
NEW Shift Supervisor - Tempering FBTA Dept | Moraine, OH, US | 2026-09-21 | https://workforcenow.adp.com/mascsr/default/mdf/recruitment/recruitment.html?cid=25319558-d6a9-48ab-93d2-99e4878a8ffc&ccId=19000101_000001&jobId=9201295997492_1&lang=en_US
NEW Logistics Operator 2nd Shift | Dayton, Moraine, OH, US | 2026-09-21 | https://workforcenow.adp.com/mascsr/default/mdf/recruitment/recruitment.html?cid=25319558-d6a9-48ab-93d2-99e4878a8ffc&ccId=19000101_000001&jobId=9201296358839_1&lang=en_US
NEW Logistics Operator | Dayton, Moraine, OH, US | 2026-09-21 | https://workforcenow.adp.com/mascsr/default/mdf/recruitment/recruitment.html?cid=25319558-d6a9-48ab-93d2-99e4878a8ffc&ccId=19000101_000001&jobId=9201296361338_1&lang=en_US
NEW Maintenance Technician - OEM Assembly Maintenance Team | Moraine, OH, US | 2026-09-21 | https://workforcenow.adp.com/mascsr/default/mdf/recruitment/recruitment.html?cid=25319558-d6a9-48ab-93d2-99e4878a8ffc&ccId=19000101_000001&jobId=9201293870913_1&lang=en_US
NEW Shift Supervisor | Moraine, OH, US | 2026-09-21 | https://workforcenow.adp.com/mascsr/default/mdf/recruitment/recruitment.html?cid=25319558-d6a9-48ab-93d2-99e4878a8ffc&ccId=19000101_000001&jobId=9201291948439_1&lang=en_US
NEW Supervisor in Training | Moraine, OH, US | 2026-09-21 | https://workforcenow.adp.com/mascsr/default/mdf/recruitment/recruitment.html?cid=25319558-d6a9-48ab-93d2-99e4878a8ffc&ccId=19000101_000001&jobId=9201291252092_1&lang=en_US
NEW Hazmat Specialist | Moraine, OH, US | 2026-09-21 | https://workforcenow.adp.com/mascsr/default/mdf/recruitment/recruitment.html?cid=25319558-d6a9-48ab-93d2-99e4878a8ffc&ccId=19000101_000001&jobId=9201295826687_1&lang=en_US
NEW Shipping Specialist - Logistics-Transportation Dept | Moraine, OH, US | 2026-09-17 | https://workforcenow.adp.com/mascsr/default/mdf/recruitment/recruitment.html?cid=25319558-d6a9-48ab-93d2-99e4878a8ffc&ccId=19000101_000001&jobId=9201293052211_1&lang=en_US
NEW … and 148 more (newposts.jsonl)
(2026-09-27T12:43:14)

Fuyao Glass America board-watch 2026-09-28: +0 new, -2 gone (171 active [fuyao_us_fulltime])
GONE Warehouse Supervisor - Float Glass - Logistics-Storage Dept (first seen 2026-09-27)
GONE Manufacturing Engineer (first seen 2026-09-27)
(2026-09-28T14:41:12)

Fuyao Glass America board-watch 2026-09-29: +5 new, -9 gone (167 active [fuyao_us_fulltime])
NEW Logistics Operator | Moraine, OH, US | 2026-09-28 | https://workforcenow.adp.com/mascsr/default/mdf/recruitment/recruitment.html?cid=25319558-d6a9-48ab-93d2-99e4878a8ffc&ccId=19000101_000001&jobId=9201299374982_1&lang=en_US
NEW Allocation Forklift | Moraine, OH, US | 2026-09-28 | https://workforcenow.adp.com/mascsr/default/mdf/recruitment/recruitment.html?cid=25319558-d6a9-48ab-93d2-99e4878a8ffc&ccId=19000101_000001&jobId=9201300525065_1&lang=en_US
NEW Warehouse Supervisor - Float Glass - Logistics-Storage Dept | Dayton, Moraine, OH, US | 2026-08-17 | https://workforcenow.adp.com/mascsr/default/mdf/recruitment/recruitment.html?cid=25319558-d6a9-48ab-93d2-99e4878a8ffc&ccId=19000101_000001&jobId=9201274730063_1&lang=en_US
NEW Material Accountant - Finance Dept | Moraine, OH, US | 2026-04-15 | https://workforcenow.adp.com/mascsr/default/mdf/recruitment/recruitment.html?cid=25319558-d6a9-48ab-93d2-99e4878a8ffc&ccId=19000101_000001&jobId=9201208542908_1&lang=en_US
NEW Manufacturing Engineer | Moraine, OH, US | 2025-01-03 | https://workforcenow.adp.com/mascsr/default/mdf/recruitment/recruitment.html?cid=25319558-d6a9-48ab-93d2-99e4878a8ffc&ccId=19000101_000001&jobId=9200949214248_1&lang=en_US
GONE Allocation Forklift - 3rd Shift (first seen 2026-09-27)
GONE Logistics Operator- 2nd Shift (first seen 2026-09-27)
GONE Allocation Forklift (first seen 2026-09-27)
GONE Logistics Operator 2nd Shift (first seen 2026-09-27)
GONE Logistics Operator (first seen 2026-09-27)
GONE Maintenance Technician - OEM Assembly Maintenance Team (first seen 2026-09-27)
GONE Logistics Operator  3rd Shift (first seen 2026-09-27)
GONE Quality Control Supervisor (first seen 2026-09-27)
GONE Shift Supervisor-Semi-Temp Lamination Assembly Dept- (2nd Shift) (first seen 2026-09-27)
REPOSTED (1)
REPOSTED Facility Maintenance Engineer (label reset 40d→1d, startDate +40d)
(2026-09-29T13:35:06)

Fuyao Glass America board-watch 2026-09-30: +6 new, -1 gone (172 active [fuyao_us_fulltime])
NEW Production Associate--2nd Shift Only | Moraine, OH, US | 2026-09-30 | https://workforcenow.adp.com/mascsr/default/mdf/recruitment/recruitment.html?cid=25319558-d6a9-48ab-93d2-99e4878a8ffc&ccId=19000101_000001&jobId=9201214537165_1&lang=en_US
NEW Shift Supervisor (Lamination Preassembly Department) | Moraine, OH, US | 2026-09-30 | https://workforcenow.adp.com/mascsr/default/mdf/recruitment/recruitment.html?cid=25319558-d6a9-48ab-93d2-99e4878a8ffc&ccId=19000101_000001&jobId=9201300343760_1&lang=en_US
NEW Market Specialist - Fuyao International Dept | Plymouth, MI, US | 2026-09-29 | https://workforcenow.adp.com/mascsr/default/mdf/recruitment/recruitment.html?cid=25319558-d6a9-48ab-93d2-99e4878a8ffc&ccId=19000101_000001&jobId=9201301568350_1&lang=en_US
NEW Advance Quality Engineer | Plymouth, MI, US | 2026-09-29 | https://workforcenow.adp.com/mascsr/default/mdf/recruitment/recruitment.html?cid=25319558-d6a9-48ab-93d2-99e4878a8ffc&ccId=19000101_000001&jobId=9201301409599_1&lang=en_US
NEW Manufacturing Data Analyst - ARG Lamination Dept | Moraine, OH, US | 2026-09-29 | https://workforcenow.adp.com/mascsr/default/mdf/recruitment/recruitment.html?cid=25319558-d6a9-48ab-93d2-99e4878a8ffc&ccId=19000101_000001&jobId=9201299994848_1&lang=en_US
NEW Production Planner -Logistics-Planning Dept | Moraine, OH, US | 2026-09-04 | https://workforcenow.adp.com/mascsr/default/mdf/recruitment/recruitment.html?cid=25319558-d6a9-48ab-93d2-99e4878a8ffc&ccId=19000101_000001&jobId=9201288011464_1&lang=en_US
GONE Manufacturing Engineer - Tempering FBT B Dept (first seen 2026-09-27)
REPOSTED (1)
REPOSTED Production Associate--ALL SHIFTS (label reset 4d→0d, startDate +5d)
(2026-09-30T13:16:25)

Fuyao Glass America board-watch 2026-10-01: +3 new, -6 gone (169 active [fuyao_us_fulltime])
NEW Allocation Forklift 2nd Shift | Moraine, OH, US | 2026-09-30 | https://workforcenow.adp.com/mascsr/default/mdf/recruitment/recruitment.html?cid=25319558-d6a9-48ab-93d2-99e4878a8ffc&ccId=19000101_000001&jobId=9201301339607_1&lang=en_US
NEW Outgoing Quality Control - Quality Dept | Moraine, OH, US | 2026-09-30 | https://workforcenow.adp.com/mascsr/default/mdf/recruitment/recruitment.html?cid=25319558-d6a9-48ab-93d2-99e4878a8ffc&ccId=19000101_000001&jobId=9201300579974_1&lang=en_US
NEW Outgoing Quality Control - Quality Dept | Dayton, Moraine, OH, US | 2026-09-30 | https://workforcenow.adp.com/mascsr/default/mdf/recruitment/recruitment.html?cid=25319558-d6a9-48ab-93d2-99e4878a8ffc&ccId=19000101_000001&jobId=9201301357409_1&lang=en_US
GONE Project Engineer (first seen 2026-09-27)
GONE Project Management Engineer (first seen 2026-09-27)
GONE Advance Quality Engineer (first seen 2026-09-27)
GONE EHS Specialist (first seen 2026-09-27)
GONE Supervisor in Training (first seen 2026-09-27)
GONE Integrated Management System Engineer (first seen 2026-09-27)
(2026-10-01T14:08:39)

Fuyao Glass America board-watch 2026-10-02: +1 new, -2 gone (168 active [fuyao_us_fulltime])
NEW Manufacturing Automation Engineer (Coating Lam-Lam) | Moraine, OH, US | 2026-10-01 | https://workforcenow.adp.com/mascsr/default/mdf/recruitment/recruitment.html?cid=25319558-d6a9-48ab-93d2-99e4878a8ffc&ccId=19000101_000001&jobId=9201302253756_1&lang=en_US
GONE Logistics Operator 1st Shift (first seen 2026-09-27)
GONE Shift Supervisor - 6510 Coating Assembly (3rd Shift) (first seen 2026-09-27)
(2026-10-02T03:42:50)

Fuyao Glass America board-watch 2026-10-02: +0 new, -1 gone (167 active [fuyao_us_fulltime])
GONE Process Technician (first seen 2026-09-27)
(2026-10-02T04:13:42)

Fuyao Glass America board-watch 2026-10-02: +1 new, -1 gone (167 active [fuyao_us_fulltime])
NEW Allocation Forklift | Moraine, OH, US | 2026-10-02 | https://workforcenow.adp.com/mascsr/default/mdf/recruitment/recruitment.html?cid=25319558-d6a9-48ab-93d2-99e4878a8ffc&ccId=19000101_000001&jobId=9201300830118_1&lang=en_US
GONE Electrical Controls Engineer - System Engineering Department (first seen 2026-09-27)
(2026-10-02T14:36:45)

Fuyao Glass America board-watch 2026-10-02: +0 new, -1 gone (166 active [fuyao_us_fulltime])
GONE Shift Supervisor - Lamination Assembly (3rd Shift) (first seen 2026-09-27)
(2026-10-02T15:22:42)

Fuyao Glass America board-watch 2026-10-03: +2 new, -3 gone (165 active [fuyao_us_fulltime])
NEW Assistant Cost Account Manager - Finance Dept | Moraine, OH, US | 2026-10-02 | https://workforcenow.adp.com/mascsr/default/mdf/recruitment/recruitment.html?cid=25319558-d6a9-48ab-93d2-99e4878a8ffc&ccId=19000101_000001&jobId=9201302082729_1&lang=en_US
NEW Allocation Forklift | Dayton, Moraine, OH, US | 2026-10-02 | https://workforcenow.adp.com/mascsr/default/mdf/recruitment/recruitment.html?cid=25319558-d6a9-48ab-93d2-99e4878a8ffc&ccId=19000101_000001&jobId=9201302406098_1&lang=en_US
GONE Allocation Forklift (first seen 2026-09-29)
GONE Manufacturing Engineer - ARG Assembly Dept (first seen 2026-09-27)
GONE Maintenance Engineer (first seen 2026-09-27)
(2026-10-03T12:13:51)

Fuyao Glass America board-watch 2026-10-05: +1 new, -1 gone (165 active [fuyao_us_fulltime])
NEW Process Technician | Plymouth, MI, US | 2026-07-17 | https://workforcenow.adp.com/mascsr/default/mdf/recruitment/recruitment.html?cid=25319558-d6a9-48ab-93d2-99e4878a8ffc&ccId=19000101_000001&jobId=9201262666092_1&lang=en_US
GONE Market Specialist - Fuyao International Dept (first seen 2026-09-30)
(2026-10-05T15:27:26)

Fuyao Glass America board-watch 2026-10-06: +9 new, -1 gone (173 active [fuyao_us_fulltime])
NEW Logistics Operator 3rd Shift | Moraine, OH, US | 2026-10-06 | https://workforcenow.adp.com/mascsr/default/mdf/recruitment/recruitment.html?cid=25319558-d6a9-48ab-93d2-99e4878a8ffc&ccId=19000101_000001&jobId=9201304895621_1&lang=en_US
NEW Maintenance Engineer - System Engineering Dept | Moraine, OH, US | 2026-10-06 | https://workforcenow.adp.com/mascsr/default/mdf/recruitment/recruitment.html?cid=25319558-d6a9-48ab-93d2-99e4878a8ffc&ccId=19000101_000001&jobId=9201305004428_1&lang=en_US
NEW Process Engineer | South Carolina, Fountain Inn, SC, US | 2026-10-05 | https://workforcenow.adp.com/mascsr/default/mdf/recruitment/recruitment.html?cid=25319558-d6a9-48ab-93d2-99e4878a8ffc&ccId=19000101_000001&jobId=9201304498153_1&lang=en_US
NEW Furnace Operator | Moraine, OH, US | 2026-10-05 | https://workforcenow.adp.com/mascsr/default/mdf/recruitment/recruitment.html?cid=25319558-d6a9-48ab-93d2-99e4878a8ffc&ccId=19000101_000001&jobId=9201303300271_1&lang=en_US
NEW Outgoing Quality Control - Quality Dept | Moraine, OH, US | 2026-10-05 | https://workforcenow.adp.com/mascsr/default/mdf/recruitment/recruitment.html?cid=25319558-d6a9-48ab-93d2-99e4878a8ffc&ccId=19000101_000001&jobId=9201303376123_1&lang=en_US
NEW Outgoing Quality Control - Quality Dept | Moraine, OH, US | 2026-10-05 | https://workforcenow.adp.com/mascsr/default/mdf/recruitment/recruitment.html?cid=25319558-d6a9-48ab-93d2-99e4878a8ffc&ccId=19000101_000001&jobId=9201303377430_1&lang=en_US
NEW Warehouse Shift Supervisor - Logistics-Storage Dept | Moraine, OH, US | 2026-09-14 | https://workforcenow.adp.com/mascsr/default/mdf/recruitment/recruitment.html?cid=25319558-d6a9-48ab-93d2-99e4878a8ffc&ccId=19000101_000001&jobId=9201289935239_1&lang=en_US
NEW Manufacturing Data Analyst - ARG Lamination Assembly Dept | Moraine, OH, US | 2026-08-13 | https://workforcenow.adp.com/mascsr/default/mdf/recruitment/recruitment.html?cid=25319558-d6a9-48ab-93d2-99e4878a8ffc&ccId=19000101_000001&jobId=9201276442958_1&lang=en_US
NEW Project Management Engineer | Fountain Inn, SC, US | 2026-08-12 | https://workforcenow.adp.com/mascsr/default/mdf/recruitment/recruitment.html?cid=25319558-d6a9-48ab-93d2-99e4878a8ffc&ccId=19000101_000001&jobId=9201276631279_1&lang=en_US
GONE Auxiliary Keeper (first seen 2026-09-27)
REPOSTED (1)
REPOSTED Production Associate--ALL SHIFTS (label reset 5d→1d, startDate +10d)
(2026-10-06T13:52:06)

Fuyao Glass America board-watch 2026-10-06: +0 new, -1 gone (172 active [fuyao_us_fulltime])
GONE Outgoing Quality Control - Quality Dept (first seen 2026-09-27)
(2026-10-06T17:02:30)

Fuyao Glass America board-watch 2026-10-07: +0 new, -3 gone (169 active [fuyao_us_fulltime])
GONE EDI Specialist - Logistics-Planning Dept (first seen 2026-09-27)
GONE Accounts Payable Clerk - Finance Dept (first seen 2026-09-27)
GONE Manufacturing Engineer (first seen 2026-09-27)
(2026-10-07T01:11:31)

Fuyao Glass America board-watch 2026-10-07: +1 new, -0 gone (170 active [fuyao_us_fulltime])
NEW FYSAM MX Production Manager | Puebla, México, MX | 2026-02-02 | https://workforcenow.adp.com/mascsr/default/mdf/recruitment/recruitment.html?cid=25319558-d6a9-48ab-93d2-99e4878a8ffc&ccId=19000101_000001&jobId=9201173827945_1&lang=en_US
(2026-10-07T04:19:50)

Fuyao Glass America board-watch 2026-10-08: +9 new, -0 gone (179 active [fuyao_us_fulltime])
NEW Manufacturing Data Analyst | Moraine, OH, US | 2026-10-08 | https://workforcenow.adp.com/mascsr/default/mdf/recruitment/recruitment.html?cid=25319558-d6a9-48ab-93d2-99e4878a8ffc&ccId=19000101_000001&jobId=9201300343655_1&lang=en_US
NEW Lead Supervisor | Moraine, OH, US | 2026-10-08 | https://workforcenow.adp.com/mascsr/default/mdf/recruitment/recruitment.html?cid=25319558-d6a9-48ab-93d2-99e4878a8ffc&ccId=19000101_000001&jobId=9201303565383_1&lang=en_US
NEW Shift Supervisor (3rd Shift) | Dayton, Moraine, OH, US | 2026-10-08 | https://workforcenow.adp.com/mascsr/default/mdf/recruitment/recruitment.html?cid=25319558-d6a9-48ab-93d2-99e4878a8ffc&ccId=19000101_000001&jobId=9201303540935_1&lang=en_US
NEW Data Analyst | Moraine, OH, US | 2026-10-08 | https://workforcenow.adp.com/mascsr/default/mdf/recruitment/recruitment.html?cid=25319558-d6a9-48ab-93d2-99e4878a8ffc&ccId=19000101_000001&jobId=9201303108683_1&lang=en_US
NEW HVAC Technician | Moraine, OH, US | 2026-10-08 | https://workforcenow.adp.com/mascsr/default/mdf/recruitment/recruitment.html?cid=25319558-d6a9-48ab-93d2-99e4878a8ffc&ccId=19000101_000001&jobId=9201302794837_1&lang=en_US
NEW Shift Supervisor - Encapsulation Dept | Moraine, OH, US | 2026-10-08 | https://workforcenow.adp.com/mascsr/default/mdf/recruitment/recruitment.html?cid=25319558-d6a9-48ab-93d2-99e4878a8ffc&ccId=19000101_000001&jobId=9201305021608_1&lang=en_US
NEW Utility Engineer | South Carolina, Fountain Inn, SC, US | 2026-10-07 | https://workforcenow.adp.com/mascsr/default/mdf/recruitment/recruitment.html?cid=25319558-d6a9-48ab-93d2-99e4878a8ffc&ccId=19000101_000001&jobId=9201305967488_1&lang=en_US
NEW Advance Quality Engineer | Fountain Inn, SC, US | 2026-08-12 | https://workforcenow.adp.com/mascsr/default/mdf/recruitment/recruitment.html?cid=25319558-d6a9-48ab-93d2-99e4878a8ffc&ccId=19000101_000001&jobId=9201276623824_1&lang=en_US
NEW Manufacturing Engineer | Moraine, OH, US | 2025-01-03 | https://workforcenow.adp.com/mascsr/default/mdf/recruitment/recruitment.html?cid=25319558-d6a9-48ab-93d2-99e4878a8ffc&ccId=19000101_000001&jobId=9200949214248_1&lang=en_US
(2026-10-08T14:20:34)

Fuyao Glass America board-watch 2026-10-09: +0 new, -3 gone (176 active [fuyao_us_fulltime])
GONE Maintenance Engineer - System Engineering Dept (first seen 2026-10-06)
GONE Manufacturing Automation Engineer (Coating Lam-Lam) (first seen 2026-10-02)
GONE Recruiter  (Hiring for Hourly Associates) (first seen 2026-09-27)
REPOSTED (3)
REPOSTED Production Associate--ALL SHIFTS (label reset 3d→1d, startDate +13d)
REPOSTED Production Associate--2nd Shift Only (label reset 8d→1d, startDate +8d)
REPOSTED Production Associate--In probation 1st SHIFT ONLY (label reset 22d→1d, startDate +22d)
(2026-10-09T04:11:00)

Fuyao Glass America board-watch 2026-10-09: +3 new, -0 gone (179 active [fuyao_us_fulltime])
NEW Manufacturing Engineer | Dayton, Moraine, OH, US | 2026-10-09 | https://workforcenow.adp.com/mascsr/default/mdf/recruitment/recruitment.html?cid=25319558-d6a9-48ab-93d2-99e4878a8ffc&ccId=19000101_000001&jobId=9201302756874_1&lang=en_US
NEW Supervisor in Training | Plymouth, MI, US | 2026-10-09 | https://workforcenow.adp.com/mascsr/default/mdf/recruitment/recruitment.html?cid=25319558-d6a9-48ab-93d2-99e4878a8ffc&ccId=19000101_000001&jobId=9201263578119_1&lang=en_US
NEW Manufacturing Engineer - Tempering Pre-Assembly Dept | Moraine, OH, US | 2026-10-09 | https://workforcenow.adp.com/mascsr/default/mdf/recruitment/recruitment.html?cid=25319558-d6a9-48ab-93d2-99e4878a8ffc&ccId=19000101_000001&jobId=9201304011626_1&lang=en_US
(2026-10-09T14:00:29)

