GE Appliances board-watch 2026-09-24: +1 new, -0 gone (173 active [gea_us_fulltime])
NEW Control Technician II - Support Operations | USA, Decatur, AL | 2026-09-24 | https://haier.wd3.myworkdayjobs.com/GE_Appliances/job/USA-Decatur-AL/Control-Technician-II---Support-Operations_REQ-26875-1
(2026-09-24T20:55:54)

GE Appliances board-watch 2026-09-25: +0 new, -3 gone (170 active [gea_us_fulltime])
GONE Process Tech - 2nd Shift (first seen 2026-09-24)
GONE Robotic Tech. (first seen 2026-09-24)
GONE Quality - Testing (first seen 2026-09-24)
REPOSTED (1)
REPOSTED Process Tech's (label reset 14d→0d, startDate +15d)
(2026-09-25T12:20:14)

GE Appliances board-watch 2026-09-26: +4 new, -5 gone (169 active [gea_us_fulltime])
NEW Senior Advanced Manufacturing Engineer – Plastics | USA, Louisville, KY | 2026-09-25 — 25 applicants | https://haier.wd3.myworkdayjobs.com/GE_Appliances/job/USA-Louisville-KY/Senior-Advanced-Manufacturing-Engineer---Plastics_REQ-26881
NEW Edison Engineering Development Program (EEDP) - Software - January 2027 | USA, Louisville, KY | 2026-09-25 | https://haier.wd3.myworkdayjobs.com/GE_Appliances/job/USA-Louisville-KY/Edison-Engineering-Development-Program--EEDP----Software---January-2027_REQ-25806
NEW Advanced Manufacturing Engineer – Finishes COE | USA, Louisville, KY | 2026-09-25 | https://haier.wd3.myworkdayjobs.com/GE_Appliances/job/USA-Louisville-KY/Advanced-Manufacturing-Engineer---Finishes-COE_REQ-26880-1
NEW Senior Process Improvement Engineer | USA, Louisville, KY | 2026-09-25 | https://haier.wd3.myworkdayjobs.com/GE_Appliances/job/USA-Louisville-KY/Senior-Process-Improvement-Engineer_REQ-26879
GONE Senior Manager, Materials (first seen 2026-09-24)
GONE Senior Manager, Advanced Manufacturing (first seen 2026-09-24)
GONE Senior Applied AI Engineer (first seen 2026-09-24)
GONE Total Productive Maintenance (TPM) Engineer (first seen 2026-09-24)
GONE Senior Applied AI Engineer (first seen 2026-09-24)
(2026-09-26T11:54:08)

GE Appliances board-watch 2026-09-27: +1 new, -0 gone (170 active [gea_us_fulltime])
NEW Quality Tech. | USA, Camden, SC | 2026-09-26 | https://haier.wd3.myworkdayjobs.com/GE_Appliances/job/USA-Camden-SC/Quality-Tech_REQ-26888
(2026-09-27T12:30:30)

GE Appliances board-watch 2026-09-28: +1 new, -0 gone (171 active [gea_us_fulltime])
NEW Mechanical Engineering Co-op_Summer 2027 | USA, Louisville, KY | 2026-09-28 | https://haier.wd3.myworkdayjobs.com/GE_Appliances/job/USA-Louisville-KY/Mechanical-Engineering-Co-op-Summer-2027_REQ-26428
(2026-09-28T14:34:24)

GE Appliances board-watch 2026-09-29: +3 new, -5 gone (169 active [gea_us_fulltime])
NEW Manufacturing Engineer | USA, Selmer, TN | 2026-09-29 | https://haier.wd3.myworkdayjobs.com/GE_Appliances/job/USA-Selmer-TN/Manufacturing-Engineer_REQ-26914
NEW Manager, Accounting, (Controllership) | USA, Louisville, KY | 2026-09-28 | https://haier.wd3.myworkdayjobs.com/GE_Appliances/job/USA-Louisville-KY/Manager--Accounting---Controllership-_REQ-26897-1
NEW Commercial Development Program (January 2027) | USA, Louisville, KY | 2026-09-28 | https://haier.wd3.myworkdayjobs.com/GE_Appliances/job/USA-Louisville-KY/Commercial-Development-Program--January-2027-_REQ-25547
GONE Principal Applied AI Solutions Engineer, AI Lab (first seen 2026-09-24)
GONE Appliance Service Technician (Fairfax, VA) (first seen 2026-09-24)
GONE Appliance Service Technician (New Orleans, LA) (first seen 2026-09-24)
GONE Metallurgical Lab Technician – 2nd shift (first seen 2026-09-24)
GONE Senior Manager, Manufacturing Quality Engineer (first seen 2026-09-24)
REPOSTED (1)
REPOSTED Capital Equipment Program Lead – Metal Stamping (label reset 30+d→1d, startDate +45d)
(2026-09-29T13:24:43)

