GenScript board-watch 2026-09-27: +48 new, -0 gone (48 active [genscript_us_fulltime])
NEW Associate Technical Integration Specialist | Piscataway, New Jersey, United States | Posted 51 Days Ago — 25 applicants | https://job-boards.greenhouse.io/genscript/jobs/5207459007
NEW Automation Engineer | Piscataway, New Jersey, United States | Posted 34 Days Ago — 25 applicants | https://job-boards.greenhouse.io/genscript/jobs/5220214007
NEW Automation Engineer, GMP | Pennington, New Jersey, United States | Posted 548 Days Ago | https://job-boards.greenhouse.io/genscript/jobs/4688796007
NEW Automation Service Engineer | Piscataway, New Jersey, United States | Posted 34 Days Ago — 25 applicants | https://job-boards.greenhouse.io/genscript/jobs/5219848007
NEW Business Development Manager, Key Accounts | San Francisco, California, United States | Posted 68 Days Ago — 25 applicants | https://job-boards.greenhouse.io/genscript/jobs/5192696007
NEW Business Development Manager, Reagent Services | San Francisco, California, United States | Posted 80 Days Ago — 25 applicants | https://job-boards.greenhouse.io/genscript/jobs/5182400007
NEW CMC Lead, Biologics SME | United States | Posted 10 Days Ago | https://job-boards.greenhouse.io/genscript/jobs/5240579007
NEW Director, IT and Digital Transformation | Piscataway, New Jersey, United States | Posted 305 Days Ago | https://job-boards.greenhouse.io/genscript/jobs/4992350007
NEW Facility Project Manager | Pennington, New Jersey, United States | Posted 181 Days Ago — 25 applicants | https://job-boards.greenhouse.io/genscript/jobs/5093523007
NEW Formulation Scientist | Redmond, Washington, United States | Posted 4 Days Ago — 25 applicants | https://job-boards.greenhouse.io/genscript/jobs/5247639007
NEW Global Product Manager, Emerging Applications | United States | Posted 51 Days Ago — 25 applicants | https://job-boards.greenhouse.io/genscript/jobs/5206558007
NEW Head of Business Development, Discovery | United States | Posted 4 Days Ago | https://job-boards.greenhouse.io/genscript/jobs/5246976007
NEW Head of Regional Marketing | United States | Posted 33 Days Ago | https://job-boards.greenhouse.io/genscript/jobs/5221937007
NEW Head of US Quality Assurance  | Pennington, New Jersey, United States | Posted 41 Days Ago — 100 applicants | https://job-boards.greenhouse.io/genscript/jobs/5213006007
NEW Lab Technician | Piscataway, New Jersey, United States | Posted 74 Days Ago — 25 applicants | https://job-boards.greenhouse.io/genscript/jobs/5187689007
NEW LNP Lab Technician | Redmond, Washington, United States | Posted 108 Days Ago — 25 applicants | https://job-boards.greenhouse.io/genscript/jobs/5162742007
NEW Logistics Specialist | Pennington, New Jersey, United States | Posted 26 Days Ago | https://job-boards.greenhouse.io/genscript/jobs/5226898007
NEW Manager of Quality Assurance | Redmond, Washington, United States | Posted 59 Days Ago — 25 applicants | https://job-boards.greenhouse.io/genscript/jobs/5199844007
NEW Manufacturing Supervisor (Lean Manufacturing) | Piscataway, New Jersey, United States | Posted 52 Days Ago | https://job-boards.greenhouse.io/genscript/jobs/5206054007
NEW Marketing Campaigns Manager | Piscataway, New Jersey, United States | Posted 277 Days Ago — 44 applicants | https://job-boards.greenhouse.io/genscript/jobs/5012082007
NEW mRNA Manufacturing Intern (Full Time) | Redmond, Washington, United States | Posted 23 Days Ago — 25 applicants | https://job-boards.greenhouse.io/genscript/jobs/5231601007
NEW Order Management Associate Scientist | Piscataway, New Jersey, United States | Posted 159 Days Ago — 25 applicants | https://job-boards.greenhouse.io/genscript/jobs/5116456007
NEW Procurement Specialist  | Pennington, New Jersey, United States | Posted 205 Days Ago | https://job-boards.greenhouse.io/genscript/jobs/5072128007
NEW Product Management and Marketing Talent - Join our Commercial Talent Community! | United States | Posted 209 Days Ago — 25 applicants | https://job-boards.greenhouse.io/genscript/jobs/5066196007
NEW Project Manager, Protein Expression Services | Piscataway, New Jersey, United States | Posted 18 Days Ago — 25 applicants | https://job-boards.greenhouse.io/genscript/jobs/5233431007
NEW … and 23 more (newposts.jsonl)
(2026-09-27T12:36:44)

