Gotion board-watch 2026-09-24: +1 new, -0 gone (137 active [gotion_us_fulltime])
NEW Pack Team Lead (1st shift) | Manteno, Illinois | Posted Today | https://job-boards.greenhouse.io/gotion/jobs/8842476002
(2026-09-24T14:49:47)

Gotion board-watch 2026-09-24: +4 new, -0 gone (141 active [gotion_us_fulltime])
NEW Battery Cell R&D Engineer | Manteno, Illinois | Posted 254 Days Ago | https://job-boards.greenhouse.io/gotion/jobs/8285325002
NEW Battery Cell R&D Engineer | Fremont, California | Posted 723 Days Ago | https://job-boards.greenhouse.io/gotion/jobs/7665264002
NEW Project Engineer - Construction | Manteno, Illinois | Posted 918 Days Ago | https://job-boards.greenhouse.io/gotion/jobs/7286577002
NEW Senior or Staff Battery Cell Engineer | Irvine, California | Posted Today | https://job-boards.greenhouse.io/gotion/jobs/8843045002
(2026-09-24T20:56:30)

Gotion board-watch 2026-09-26: +0 new, -1 gone (140 active [gotion_us_fulltime])
GONE Cell Line Production Associate (3rd Shift) (first seen 2026-09-24)
(2026-09-26T11:54:22)

Gotion board-watch 2026-10-02: +1 new, -0 gone (141 active [gotion_us_fulltime])
NEW Inventory Accountant  | Manteno, Illinois | Posted 1 Days Ago | https://job-boards.greenhouse.io/gotion/jobs/8861216002
(2026-10-02T03:34:43)

Gotion board-watch 2026-10-07: +2 new, -1 gone (142 active [gotion_us_fulltime])
NEW Production Planning Supervisor - Cell  | Manteno, Illinois | Posted 1 Days Ago | https://job-boards.greenhouse.io/gotion/jobs/8871639002
NEW Production Planning Supervisor - Pack  | Manteno, Illinois | Posted 1 Days Ago | https://job-boards.greenhouse.io/gotion/jobs/8871573002
GONE Inventory Accountant  (first seen 2026-10-02)
(2026-10-07T01:04:10)

Gotion board-watch 2026-10-07: +8 new, -0 gone (150 active [gotion_us_fulltime])
NEW After sales engineer (m/f/d) | Göttingen, Germany | Posted 1135 Days Ago | https://job-boards.greenhouse.io/gotion/jobs/6906862002
NEW Battery System Design Engineer ESS / BESS (m/f/d) | Göttingen, Germany | Posted 1141 Days Ago | https://job-boards.greenhouse.io/gotion/jobs/6899192002
NEW Business Sales Manager (m/f/d) | Göttingen, Germany | Posted 1090 Days Ago | https://job-boards.greenhouse.io/gotion/jobs/6906860002
NEW Product Manager / Technical Project Manager (m/f/d) | Göttingen, Germany | Posted 1142 Days Ago | https://job-boards.greenhouse.io/gotion/jobs/6899180002
NEW Sales Director | Göttingen, Germany | Posted 1035 Days Ago | https://job-boards.greenhouse.io/gotion/jobs/7055353002
NEW Sales Director(EV) | Göttingen, Germany | Posted 1035 Days Ago | https://job-boards.greenhouse.io/gotion/jobs/7055380002
NEW Sales Director (m/f/d) | Göttingen, Germany | Posted 1090 Days Ago | https://job-boards.greenhouse.io/gotion/jobs/6970655002
NEW Technial Sales Manager (m/f/d) | Göttingen, Germany | Posted 1090 Days Ago | https://job-boards.greenhouse.io/gotion/jobs/6906846002
(2026-10-07T02:05:51)

Gotion board-watch 2026-10-09: +4 new, -0 gone (154 active [gotion_us_fulltime])
NEW 1st shift Production Supervisor (Pack D) | Manteno, Illinois | Posted 1 Days Ago | https://job-boards.greenhouse.io/gotion/jobs/8880554002
NEW 2nd shift Production Supervisor (Pack D) | Manteno, Illinois | Posted 1 Days Ago | https://job-boards.greenhouse.io/gotion/jobs/8880568002
NEW ESS Production Supervisor (2nd shift) | United States | Posted 1 Days Ago | https://job-boards.greenhouse.io/gotion/jobs/8880486002
NEW Inventory Accountant  | Manteno, Illinois | Posted 8 Days Ago | https://job-boards.greenhouse.io/gotion/jobs/8861216002
(2026-10-09T04:01:00)

