Haidilao board-watch 2026-10-01: +59 new, -0 gone (59 active [haidilao_us_fulltime])
NEW Host | 138-23 39th Ave, Queens, NY | 2026-08-29 | https://www.workstream.us/j/fcc54c54/haidilao-hot-pot/queens-155443/host-e485bfdf?locale=en
NEW Manager trainee （Mandarin Speaking） | 138-23 39th Ave, Queens, NY | 2026-09-02 | https://www.workstream.us/j/fcc54c54/haidilao-hot-pot/queens-155443/manager-trainee-mandarin-speaking-46c6c898?locale=en
NEW Server （experience required） | 138-23 39th Ave, Queens, NY | 2026-08-20 | https://www.workstream.us/j/fcc54c54/haidilao-hot-pot/queens-155443/server-experience-required-c0069f51?locale=en
NEW Administrative Assistant（Mandarin speaking） | 3865 Venture Dr, Duluth, GA | 2026-09-05 | https://www.workstream.us/j/fcc54c54/haidilao-hot-pot/duluth-203721/administrative-assistant-mandarin-speaking-33efddee?locale=en
NEW FOH Manager | 3865 Venture Dr, Duluth, GA | 2026-09-04 | https://www.workstream.us/j/fcc54c54/haidilao-hot-pot/duluth-203721/foh-manager-1022ff9a?locale=en
NEW Shift Leader | 3865 Venture Dr, Duluth, GA | 2026-09-05 | https://www.workstream.us/j/fcc54c54/haidilao-hot-pot/duluth-203721/shift-leader-97bc8f56?locale=en
NEW Front house Shift Leader（Mandarin speaking ） | 107 E Cermak Rd, Chicago, IL 60616, USA |  | https://www.workstream.us/j/fcc54c54/haidilao-hot-pot/chicago-147622/front-house-shift-leader-mandarin-speaking-5225506d?locale=en
NEW Host（Mandarin&amp;English） | 107 E Cermak Rd, Chicago, IL | 2026-09-24 | https://www.workstream.us/j/fcc54c54/haidilao-hot-pot/chicago-147622/host-mandarin-english-e0a20767?locale=en
NEW Kitchen Prep | 107 E Cermak Rd, Chicago, IL 60616, USA |  | https://www.workstream.us/j/fcc54c54/haidilao-hot-pot/chicago-147622/kitchen-prep-84863d4c?locale=en
NEW Manager trainee | 107 E Cermak Rd, Chicago, IL 60616, USA |  | https://www.workstream.us/j/fcc54c54/haidilao-hot-pot/chicago-147622/manager-trainee-1308e49f?locale=en
NEW Server | 107 E Cermak Rd, Chicago, IL | 2026-09-27 | https://www.workstream.us/j/fcc54c54/haidilao-hot-pot/chicago-147622/server-d3b04396?locale=en
NEW Administrative Assistant（Mandarin speaking） | 9244 Prestmont Pl, Frisco, TX | 2026-09-18 | https://www.workstream.us/j/fcc54c54/haidilao-hot-pot/frisco-14004/administrative-assistant-mandarin-speaking-d713ea71?locale=en
NEW FOH Manager | 9244 Prestmont Pl, Frisco, TX | 2026-08-31 | https://www.workstream.us/j/fcc54c54/haidilao-hot-pot/frisco-14004/foh-manager-8c7a7c9d?locale=en
NEW Host | 9244 Prestmont Pl, Frisco, TX | 2026-09-15 | https://www.workstream.us/j/fcc54c54/haidilao-hot-pot/frisco-14004/host-76da9586?locale=en
NEW Server | 9244 Prestmont Pl, Frisco, TX | 2026-08-29 | https://www.workstream.us/j/fcc54c54/haidilao-hot-pot/frisco-14004/server-c025e104?locale=en
NEW Manager trainee | 23220 Grand Cir Blvd, Katy, TX | 2026-08-22 | https://www.workstream.us/j/fcc54c54/haidilao-hot-pot/katy-14005/manager-trainee-6df0e388?locale=en
NEW Busser | 138 S Dobson Rd, Mesa, AZ | 2026-09-14 | https://www.workstream.us/j/fcc54c54/haidilao-hot-pot/mesa-113169/busser-06556d2e?locale=en
NEW Kitchen Prep | 138 S Dobson Rd, Mesa, AZ | 2026-09-14 | https://www.workstream.us/j/fcc54c54/haidilao-hot-pot/mesa-113169/kitchen-prep-2b0a6762?locale=en
NEW Server （experience required） | 138 S Dobson Rd, Mesa, AZ | 2026-09-14 | https://www.workstream.us/j/fcc54c54/haidilao-hot-pot/mesa-113169/server-experience-required-c53051ab?locale=en
NEW Kitchen Prep | 4545 La Jolla Village Dr, San Diego, CA | 2026-09-22 | https://www.workstream.us/j/fcc54c54/haidilao-hot-pot/san-diego-28646/kitchen-prep-51d42d6f?locale=en
NEW Server | 4545 La Jolla Village Dr, San Diego, CA | 2026-08-19 | https://www.workstream.us/j/fcc54c54/haidilao-hot-pot/san-diego-28646/server-af7e0412?locale=en
NEW Host | 2710 Alton Pkwy, Irvine, CA | 2026-09-16 | https://www.workstream.us/j/fcc54c54/haidilao-hot-pot/irvine-13995/host-c316f125?locale=en
NEW Server （experience required） | 2710 Alton Pkwy, Irvine, CA | 2026-09-20 | https://www.workstream.us/j/fcc54c54/haidilao-hot-pot/irvine-13995/server-experience-required-617d338a?locale=en
NEW Administrative Assistant | 400 S Baldwin Ave, Arcadia, CA | 2026-10-01 | https://www.workstream.us/j/fcc54c54/haidilao-hot-pot/arcadia-13994/administrative-assistant-425bd54b?locale=en
NEW Busser | 400 S Baldwin Ave, Arcadia, CA | 2026-09-29 | https://www.workstream.us/j/fcc54c54/haidilao-hot-pot/arcadia-13994/busser-e9039c1d?locale=en
NEW … and 34 more (newposts.jsonl)
(2026-10-01T14:23:29)

