HeyGen board-watch 2026-10-02: +18 new, -0 gone (18 active [heygen_us_fulltime])
NEW Backend Engineer | San Francisco, Palo Alto, Los Angeles, Toronto | Posted 1023 Days Ago — 200 applicants | https://job-boards.greenhouse.io/heygen/jobs/4172070007
NEW Backend Engineer - Infrastructure | Los Angeles, San Francisco, Palo Alto, Toronto; San Francisco | Posted 898 Days Ago — 200 applicants | https://job-boards.greenhouse.io/heygen/jobs/4352234007
NEW Commercial Account Executive, New Business | San Francisco, Los Angeles, Remote - Europe; Remote - Europe; San Francisco | Posted 134 Days Ago | https://job-boards.greenhouse.io/heygen/jobs/5140290007
NEW Data Infrastructure Engineer | Los Angeles, Palo Alto, San Francisco, Toronto; Palo Alto; San Francisco; Toronto | Posted 457 Days Ago — 100 applicants | https://job-boards.greenhouse.io/heygen/jobs/4779731007
NEW Enterprise Account Executive | San Francisco, Los Angeles, Remote - Europe; Remote - Europe; San Francisco | Posted 1 Days Ago — 25 applicants | https://job-boards.greenhouse.io/heygen/jobs/5255066007
NEW Frontend Software Engineer | San Francisco, Palo Alto, Los Angeles, Toronto | Posted 977 Days Ago | https://job-boards.greenhouse.io/heygen/jobs/4225179007
NEW Full-Cycle Technical Recruiter | San Francisco, Palo Alto; Palo Alto; San Francisco | Posted 9 Days Ago — 26 applicants | https://job-boards.greenhouse.io/heygen/jobs/5246730007
NEW Fullstack Software Engineer | San Francisco, Palo Alto, Los Angeles, Toronto | Posted 1023 Days Ago — 200 applicants | https://job-boards.greenhouse.io/heygen/jobs/4172075007
NEW Head of Enterprise Marketing | San Francisco / Los Angeles; San Francisco | Posted 30 Days Ago — 69 applicants | https://job-boards.greenhouse.io/heygen/jobs/5229132007
NEW IT Engineer | San Francisco, Palo Alto, Los Angeles; Palo Alto; San Francisco | Posted 10 Days Ago — 92 applicants | https://job-boards.greenhouse.io/heygen/jobs/5246262007
NEW Legal Counsel |  Los Angeles, San Francisco, Palo Alto; Palo Alto; San Francisco | Posted 59 Days Ago — 48 applicants | https://job-boards.greenhouse.io/heygen/jobs/5202613007
NEW Online Community Manager | San Francisco, Palo Alto, Los Angeles, Remote; Palo Alto; San Francisco | Posted 155 Days Ago | https://job-boards.greenhouse.io/heygen/jobs/5125813007
NEW Product Designer - Web | Los Angeles | Posted 9 Days Ago — 200 applicants | https://job-boards.greenhouse.io/heygen/jobs/5246252007
NEW Research Engineer | Los Angeles, Toronto, Singapore | Posted 1009 Days Ago — 158 applicants | https://job-boards.greenhouse.io/heygen/jobs/4188314007
NEW Revenue Operations Lead | San Francisco, Los Angeles; Palo Alto; San Francisco | Posted 93 Days Ago — 78 applicants | https://job-boards.greenhouse.io/heygen/jobs/5177667007
NEW Security Engineer | San Francisco, Palo Alto, Toronto; Palo Alto; San Francisco | Posted 94 Days Ago | https://job-boards.greenhouse.io/heygen/jobs/5174700007
NEW Software Engineer, Dev Productivity | San Francisco, Palo Alto, Los Angeles, Toronto; Palo Alto; San Francisco; Toronto | Posted 586 Days Ago — 25 applicants | https://job-boards.greenhouse.io/heygen/jobs/4659790007
NEW Software Engineer, GPU Performance | Los Angeles, Palo Alto, San Francisco, Toronto, Singapore; Palo Alto; San Francisco; Toronto | Posted 4 Days Ago — 132 applicants | https://job-boards.greenhouse.io/heygen/jobs/5250979007
(2026-10-02T14:24:37)

