Hisense USA board-watch 2026-09-30: +18 new, -0 gone (18 active [hisense_us_fulltime])
NEW Sr. Sales Manager - Walmart/Sam's Club | Bentonville, AR | 2026-06-22 — 51 applicants | https://hisenseusacorporation.bamboohr.com/careers/304
NEW Commercial Cooling Business Development Manager | Alpharetta, Georgia | 2026-07-08 — 26 applicants | https://hisenseusacorporation.bamboohr.com/careers/316
NEW HR Manager | Alpharetta, GA | 2026-09-28 — 53 applicants | https://hisenseusacorporation.bamboohr.com/careers/346
NEW Regional After Sales Support & Training Manager - Northwest | Seattle, Washington | 2026-08-25 | https://hisenseusacorporation.bamboohr.com/careers/334
NEW Field Service Technician - Home Appliance & TV | Orlando, Florida | 2026-08-28 — 25 applicants | https://hisenseusacorporation.bamboohr.com/careers/337
NEW Home Appliances Technical Trainer | Suwanee, GA | 2026-07-15 — 25 applicants | https://hisenseusacorporation.bamboohr.com/careers/318
NEW Warehouse Associate/Forklift Operator | Suwanee, GA | 2026-09-02 — 25 applicants | https://hisenseusacorporation.bamboohr.com/careers/341
NEW Video Encoding & Decoding Tech Expert | Alpharetta, GA | 2026-03-12 — 71 applicants | https://hisenseusacorporation.bamboohr.com/careers/269
NEW System/Structure Design Expert for Cooking Range Products | Suwanee, GA | 2026-05-21 — 25 applicants | https://hisenseusacorporation.bamboohr.com/careers/290
NEW Bilingual Supply Planning Manager | Alpharetta, GA | 2026-06-25 — 55 applicants | https://hisenseusacorporation.bamboohr.com/careers/309
NEW Bilingual Trade Compliance Specialist | Alpharetta, GA | 2026-06-25 — 41 applicants | https://hisenseusacorporation.bamboohr.com/careers/310
NEW Logistics Inbound Manager | Alpharetta, GA | 2026-08-19 — 111 applicants | https://hisenseusacorporation.bamboohr.com/careers/328
NEW Logistics Outbound Assistant Manager | Alpharetta, GA | 2026-07-20 — 154 applicants | https://hisenseusacorporation.bamboohr.com/careers/320
NEW Logistics Planning & Analytics Manager | Alpharetta, GA | 2026-07-07 — 200 applicants | https://hisenseusacorporation.bamboohr.com/careers/311
NEW Mexico Inbound Analyst - Logistics | Alpharetta, GA | 2026-07-08 — 200 applicants | https://hisenseusacorporation.bamboohr.com/careers/314
NEW Ocean Inbound Analyst - Logistics | Alpharetta, GA | 2026-07-08 — 200 applicants | https://hisenseusacorporation.bamboohr.com/careers/315
NEW Supply Planning Analyst | Alpharetta, GA | 2026-09-21 — 200 applicants | https://hisenseusacorporation.bamboohr.com/careers/339
NEW Senior Planning Analyst | Alpharetta, GA | 2026-08-25 | https://hisenseusacorporation.bamboohr.com/careers/335
(2026-09-30T13:35:05)

Hisense USA board-watch 2026-10-01: +1 new, -1 gone (18 active [hisense_us_fulltime])
NEW Bilingual D2C Operations Specialist | Alpharetta, GA | 2026-09-30 — 25 applicants | https://hisenseusacorporation.bamboohr.com/careers/347
GONE HR Manager (first seen 2026-09-30)
(2026-10-01T14:20:17)

Hisense USA board-watch 2026-10-02: +0 new, -1 gone (17 active [hisense_us_fulltime])
GONE Senior Planning Analyst (first seen 2026-09-30)
(2026-10-02T03:51:49)

Hisense USA board-watch 2026-10-02: +0 new, -1 gone (16 active [hisense_us_fulltime])
GONE Regional After Sales Support & Training Manager - Northwest (first seen 2026-09-30)
(2026-10-02T16:39:01)

Hisense USA board-watch 2026-10-03: +1 new, -0 gone (17 active [hisense_us_fulltime])
NEW Bilingual North America Service Operations Manager  | Suwanee, GA | 2026-10-02 — 25 applicants | https://hisenseusacorporation.bamboohr.com/careers/348
(2026-10-03T12:18:48)

