JD.com board-watch 2026-09-19: +47 new, -0 gone (47 active [jd_us_fulltime])
NEW Warehouse Lead | USA-New Jersey-Old Bridge | 2026-09-17 — 25 applicants | https://jd.wd103.myworkdayjobs.com/Careers_at_JD/job/USA-New-Jersey-Old-Bridge/Warehouse-Lead_JR104054
NEW Operator | USA-California-Fontana | 2026-09-16 — 25 applicants | https://jd.wd103.myworkdayjobs.com/Careers_at_JD/job/USA-California-Fontana/Operator_JR103540
NEW Warehouse Supervisor - Overnight - NJ | USA-Massachusetts-Middlesex County | 2026-09-14 — 30 applicants | https://jd.wd103.myworkdayjobs.com/Careers_at_JD/job/USA-Massachusetts-Middlesex-County/Warehouse-Supervisor---Overnight---NJ_JR103895
NEW Warehouse Supervisor | USA-New Jersey-Old Bridge | 2026-09-14 — 25 applicants | https://jd.wd103.myworkdayjobs.com/Careers_at_JD/job/USA-New-Jersey-Old-Bridge/Warehouse-Supervisor_JR103943
NEW JD Young Logistics Operations Internship | USA-New Jersey-Piscataway Township | 2026-09-11 — 25 applicants | https://jd.wd103.myworkdayjobs.com/Careers_at_JD/job/USA-New-Jersey-Piscataway-Township/JD-Young-Logistics-Operations-Internship_JR102033
NEW Outbound Team Leader | USA-New Jersey | 2026-09-11 — 25 applicants | https://jd.wd103.myworkdayjobs.com/Careers_at_JD/job/USA-New-Jersey/Outbound-Team-Leader_JR103893
NEW Operator | USA-Georgia | 2026-09-10 — 25 applicants | https://jd.wd103.myworkdayjobs.com/Careers_at_JD/job/USA-Georgia/Operator_JR103068
NEW Senior Fleet Manager | USA-California-City of Industry | 2026-09-10 — 26 applicants | https://jd.wd103.myworkdayjobs.com/Careers_at_JD/job/USA-California-City-of-Industry/Senior-Fleet-Manager_JR103916
NEW Equipment Maintenance | USA-California-Chino City | 2026-09-10 — 25 applicants | https://jd.wd103.myworkdayjobs.com/Careers_at_JD/job/USA-California-Chino-City/Equipment-Maintenance_JR103919
NEW Middle Mile Operations | USA-California-Fontana | 2026-09-09 — 41 applicants | https://jd.wd103.myworkdayjobs.com/Careers_at_JD/job/USA-California-Fontana/Middle-Mile-Operations_JR103742
NEW Warehouse Manager | USA-California-Fontana | 2026-09-04 — 25 applicants | https://jd.wd103.myworkdayjobs.com/Careers_at_JD/job/USA-California-Fontana/Warehouse-Supervisor_JR102970
NEW Business Training Specialist | USA-California | 2026-08-27 — 25 applicants | https://jd.wd103.myworkdayjobs.com/Careers_at_JD/job/USA-California/Business-Training-Specialist_JR103640
NEW Warehouse Lead | USA-New Jersey-Middlesex County | 2026-08-27 — 25 applicants | https://jd.wd103.myworkdayjobs.com/Careers_at_JD/job/USA-New-Jersey-Middlesex-County/Warehouse-Lead_JR103723
NEW HR Business Partner | USA-Georgia-Atlanta | 2026-08-24 — 34 applicants | https://jd.wd103.myworkdayjobs.com/Careers_at_JD/job/USA-Georgia-Atlanta/HR-Business-Partner_JR103685
NEW HR Business Partner | USA-New Jersey | 2026-08-24 — 25 applicants | https://jd.wd103.myworkdayjobs.com/Careers_at_JD/job/USA-New-Jersey/HR-Business-Partner_JR103684
NEW Supply Chain Solutions Manager | USA-California-Fontana | 2026-08-17 — 42 applicants | https://jd.wd103.myworkdayjobs.com/Careers_at_JD/job/USA-California-Fontana/Supply-Chain-Solutions-Manager_JR103444
NEW Warehouse Operator | USA-Florida-Orlando | 2026-08-14 — 145 applicants | https://jd.wd103.myworkdayjobs.com/Careers_at_JD/job/USA-Florida-Orlando/Warehouse-Operator_JR103403
NEW Warehouse Team Leader (Night Shift) | USA-California-Fontana | 2026-08-10 — 25 applicants | https://jd.wd103.myworkdayjobs.com/Careers_at_JD/job/USA-California-Fontana/Warehouse-Team-Leader--Night-Shift-_JR103541
NEW Warehouse Lead | USA-Texas-Houston | 2026-08-04 — 25 applicants | https://jd.wd103.myworkdayjobs.com/Careers_at_JD/job/USA-Texas-Houston/Warehouse-Lead_JR103501
NEW Warehouse Operator | USA-California-Chino City | 2026-07-29 — 27 applicants | https://jd.wd103.myworkdayjobs.com/Careers_at_JD/job/USA-California-Chino-City/Warehouse-Operator_JR103443
NEW International Logistics Product Manager | USA-California-Fontana | 2026-07-28 — 66 applicants | https://jd.wd103.myworkdayjobs.com/Careers_at_JD/job/USA-California-Fontana/_JR103384
NEW Account Manager | USA-California-Fontana | 2026-07-27 — 200 applicants | https://jd.wd103.myworkdayjobs.com/Careers_at_JD/job/USA-California-Fontana/Account-Manager_JR103406
NEW Warehouse Team Leader | USA-Georgia | 2026-07-24 — 25 applicants | https://jd.wd103.myworkdayjobs.com/Careers_at_JD/job/USA-Georgia/Warehouse-Team-Leader_JR103404
NEW Warehouse Operator | USA-Georgia | 2026-07-22 — 30 applicants | https://jd.wd103.myworkdayjobs.com/Careers_at_JD/job/USA-Georgia/Warehouse-Operator_JR103344
NEW Warehouse Lead | USA-New Jersey | 2026-07-08 — 50 applicants | https://jd.wd103.myworkdayjobs.com/Careers_at_JD/job/USA-New-Jersey/Warehouse-Lead_JR102203
NEW … and 22 more (newposts.jsonl)
(2026-09-19T01:57:28)

JD.com board-watch 2026-09-19: +0 new, -1 gone (46 active [jd_us_fulltime])
GONE Warehouse Team Leader (Night Shift) (first seen 2026-09-19)
(2026-09-19T04:32:30)

JD.com board-watch 2026-09-21: +0 new, -1 gone (45 active [jd_us_fulltime])
GONE Supply Chain Solutions Manager (first seen 2026-09-19)
(2026-09-21T13:28:59)

JD.com board-watch 2026-09-22: +0 new, -1 gone (44 active [jd_us_fulltime])
GONE Warehouse Lead (first seen 2026-09-19)
(2026-09-22T12:10:54)

JD.com board-watch 2026-09-23: +1 new, -0 gone (45 active [jd_us_fulltime])
NEW Warehouse Lead | USA-Texas-Houston | 2026-09-22 — 25 applicants | https://jd.wd103.myworkdayjobs.com/Careers_at_JD/job/USA-Texas-Houston/Warehouse-Lead_JR103501
(2026-09-23T00:23:53)

JD.com board-watch 2026-09-24: +1 new, -0 gone (46 active [jd_us_fulltime])
NEW HR SSC | USA-California-Fontana; USA-California-Chino City | 2026-08-10 — 47 applicants | https://jd.wd103.myworkdayjobs.com/Careers_at_JD/job/USA-California-Fontana/HR-SSC_JR103453
(2026-09-24T02:48:12)

JD.com board-watch 2026-09-24: +2 new, -0 gone (48 active [jd_us_fulltime])
NEW Business Support Specialist | USA-New Jersey; USA-New Jersey-Edgewater Park; USA-New Jersey-Perth Amboy; USA-New Jersey-Piscataway Township; USA-New Jersey-Middlesex County | 2026-07-28 — 47 applicants | https://jd.wd103.myworkdayjobs.com/Careers_at_JD/job/USA-New-Jersey/Business-Support-Specialist_JR103192
NEW Warehouse Associate | USA-New Jersey; USA-New Jersey-Edgewater Park; USA-New Jersey-Perth Amboy; USA-New Jersey-Piscataway Township; USA-New Jersey-Middlesex County | 2026-07-24 — 25 applicants | https://jd.wd103.myworkdayjobs.com/Careers_at_JD/job/USA-New-Jersey/Warehouse-Associate_JR103346
(2026-09-24T02:57:57)

JD.com board-watch 2026-09-24: +1 new, -0 gone (49 active [jd_us_fulltime])
NEW Warehouse Supervisor | USA-Georgia-Flower Branch; USA-Georgia-Buford City | 2026-07-16 — 31 applicants | https://jd.wd103.myworkdayjobs.com/Careers_at_JD/job/USA-Georgia-Flower-Branch/Warehouse-Supervisor_JR102370
(2026-09-24T03:06:22)

JD.com board-watch 2026-09-24: +1 new, -0 gone (50 active [jd_us_fulltime])
NEW Warehouse Manager - Bilingual Mandarin | USA-Georgia-Buford City; USA-Georgia-Flower Branch | 2026-05-26 — 25 applicants | https://jd.wd103.myworkdayjobs.com/Careers_at_JD/job/USA-Georgia-Buford-City/Warehouse-Manager---Bilingual-Mandarin_JR102699
(2026-09-24T13:54:50)

JD.com board-watch 2026-09-24: +2 new, -0 gone (52 active [jd_us_fulltime])
NEW Sales Manager | USA-California-Fontana; USA-Texas; USA-New York State-New York City; USA-Georgia-Atlanta; USA-Georgia; USA-California | 2026-05-04 — 25 applicants | https://jd.wd103.myworkdayjobs.com/Careers_at_JD/job/USA-California-Fontana/Sales-Manager_JR102242
NEW US Financial Business Partner | USA-California-Fontana; USA-New Jersey | 2026-04-29 — 161 applicants | https://jd.wd103.myworkdayjobs.com/Careers_at_JD/job/USA-California-Fontana/US-Financial-Business-Partner_JR101866
(2026-09-24T14:19:57)

JD.com board-watch 2026-09-24: +1 new, -0 gone (53 active [jd_us_fulltime])
NEW Sales Manager | USA-California-Irvine; USA-California-Fontana | 2026-03-02 — 25 applicants | https://jd.wd103.myworkdayjobs.com/Careers_at_JD/job/USA-California-Irvine/Sales-Manager_JR100630
(2026-09-24T14:40:16)

JD.com board-watch 2026-09-24: +1 new, -0 gone (54 active [jd_us_fulltime])
NEW Internal Audit Manager | USA-California-Los Angeles; ARE-Dubai Emirate-Dubai | 2025-10-13 — 92 applicants | https://jd.wd103.myworkdayjobs.com/Careers_at_JD/job/USA-California-Los-Angeles/Internal-Audit-Manager_JRadd112
(2026-09-24T15:09:28)

JD.com board-watch 2026-09-24: +0 new, -0 gone (54 active [jd_us_fulltime])
REPOSTED (1)
REPOSTED Warehouse Lead (label reset 2d→0d, startDate +2d)
(2026-09-24T23:59:53)

JD.com board-watch 2026-09-26: +3 new, -1 gone (56 active [jd_us_fulltime])
NEW Customer Experience Improvement Specialist | USA-New Jersey | 2026-09-25 — 25 applicants | https://jd.wd103.myworkdayjobs.com/Careers_at_JD/job/USA-New-Jersey/Customer-Experience-Improvement-Specialist_JR104178
NEW Warehouse Associate | USA-New Jersey; USA-New Jersey-Edgewater Park; USA-New Jersey-Perth Amboy; USA-New Jersey-Piscataway Township; USA-New Jersey-Middlesex County | 2026-09-25 — 25 applicants | https://jd.wd103.myworkdayjobs.com/Careers_at_JD/job/USA-New-Jersey/Warehouse-Associate_JR104130
NEW Warehouse Operator | USA-Texas-Stafford | 2026-09-25 — 164 applicants | https://jd.wd103.myworkdayjobs.com/Careers_at_JD/job/USA-Texas-Stafford/Warehouse-Operator_JR104085
GONE Warehouse Lead (first seen 2026-09-19)
(2026-09-26T11:55:44)

JD.com board-watch 2026-09-28: +1 new, -3 gone (54 active [jd_us_fulltime])
NEW Warehouse  supervisor | USA-New Jersey-Middlesex County | 2026-09-28 — 32 applicants | https://jd.wd103.myworkdayjobs.com/Careers_at_JD/job/USA-New-Jersey-Middlesex-County/Warehouse--supervisor_JR104177
GONE Warehouse Operator (first seen 2026-09-26)
GONE Warehouse Supervisor - Overnight - NJ (first seen 2026-09-19)
GONE Warehouse Operator (first seen 2026-09-19)
(2026-09-28T14:35:14)

JD.com board-watch 2026-09-29: +1 new, -0 gone (55 active [jd_us_fulltime])
NEW Data Analysis - Cost & Optimization Specialist | USA-California-Fontana | 2026-09-28 — 41 applicants | https://jd.wd103.myworkdayjobs.com/Careers_at_JD/job/USA-California-Fontana/Data-Analysis---Cost---Optimization-Specialist_JR104175
(2026-09-29T13:25:29)

JD.com board-watch 2026-09-30: +1 new, -0 gone (56 active [jd_us_fulltime])
NEW Talent Acquisition – New Jersey | USA-New Jersey | 2026-09-29 — 25 applicants | https://jd.wd103.myworkdayjobs.com/Careers_at_JD/job/USA-New-Jersey/Talent-Acquisition---New-Jersey_JR103748-2
(2026-09-30T13:06:25)

JD.com board-watch 2026-10-01: +2 new, -0 gone (58 active [jd_us_fulltime])
NEW Equipment Engineer | USA-New Jersey | 2026-09-30 — 25 applicants | https://jd.wd103.myworkdayjobs.com/Careers_at_JD/job/USA-New-Jersey/Equipment-Engineer_JR104208
NEW Overseas Warehouse Solution Manager | USA-California-Fontana | 2026-09-30 — 38 applicants | https://jd.wd103.myworkdayjobs.com/Careers_at_JD/job/USA-California-Fontana/Overseas-Warehouse-Solution-Manager_JR103950
(2026-10-01T14:00:01)

JD.com board-watch 2026-10-02: +2 new, -0 gone (60 active [jd_us_fulltime])
NEW Operator | USA-California-Chino City | 2026-10-01 — 25 applicants | https://jd.wd103.myworkdayjobs.com/Careers_at_JD/job/USA-California-Chino-City/Operator_JR104224
NEW Warehouse Operator | USA-Florida-Orlando | Posted Today — 172 applicants | https://jd.wd103.myworkdayjobs.com/Careers_at_JD/job/USA-Florida-Orlando/Warehouse-Operator_JR103403
(2026-10-02T03:35:40)

JD.com board-watch 2026-10-03: +1 new, -0 gone (61 active [jd_us_fulltime])
NEW Warehouse operator | USA-New Jersey-Perth Amboy | 2026-10-02 — 175 applicants | https://jd.wd103.myworkdayjobs.com/Careers_at_JD/job/USA-New-Jersey-Perth-Amboy/Warehouse-operator_JR104184
(2026-10-03T12:06:41)

JD.com board-watch 2026-10-06: +1 new, -0 gone (62 active [jd_us_fulltime])
NEW Indirect Procurement Mananger-US | USA-California-Fontana | 2026-10-06 | https://jd.wd103.myworkdayjobs.com/Careers_at_JD/job/USA-California-Fontana/Indirect-Procurement-Mananger-US_JR104249
(2026-10-06T13:43:02)

JD.com board-watch 2026-10-06: +0 new, -1 gone (61 active [jd_us_fulltime])
GONE Operator (first seen 2026-09-19)
(2026-10-06T16:57:05)

JD.com board-watch 2026-10-07: +579 new, -0 gone (640 active [jd_us_fulltime])
NEW Logistics quality improvement (Chinese speaking) | NLD-South Holland-Rotterdam | 2026-10-06 | https://jd.wd103.myworkdayjobs.com/Careers_at_JD/job/NLD-South-Holland-Rotterdam/Logistics-quality-improvement--Chinese-speaking-_JR103097
NEW Technicien de maintenance des équipements H/F | FRA-Rhône-Lyon | 2026-10-06 | https://jd.wd103.myworkdayjobs.com/Careers_at_JD/job/FRA-Rhne-Lyon/Technicien-de-maintenance-des-quipements-H-F_JR103984
NEW Warehouse Operations Manager | ARE-Dubai Emirate-Dubai | 2026-10-06 | https://jd.wd103.myworkdayjobs.com/Careers_at_JD/job/ARE-Dubai-Emirate-Dubai/Warehouse-Operations_JR103753
NEW Indonesia Sales Manager | IDN-Jakarta Special Capital Region-Jakarta | 2026-10-06 | https://jd.wd103.myworkdayjobs.com/Careers_at_JD/job/IDN-Jakarta-Special-Capital-Region-Jakarta/Indonesia-Sales-Manager_JR104018
NEW Sorting Team Leader | SAU-Riyadh Province-Riyadh | 2026-10-06 | https://jd.wd103.myworkdayjobs.com/Careers_at_JD/job/SAU-Riyadh-Province-Riyadh/Sorting-Team-Leader_JR104252
NEW Logistics Area Support | GBR-England-West Midlands-Coventry | 2026-10-06 | https://jd.wd103.myworkdayjobs.com/Careers_at_JD/job/GBR-England-West-Midlands-Coventry/Logistics-Area-Support_JR103035
NEW Large Item Department Operator | NLD-South Holland-Waddinxveen | 2026-10-06 | https://jd.wd103.myworkdayjobs.com/Careers_at_JD/job/NLD-South-Holland-Waddinxveen/Large-Item-Department-Operator_JR102831
NEW Equipment Maintenance Technician | GBR-England-Greater Manchester-Manchester | 2026-10-06 | https://jd.wd103.myworkdayjobs.com/Careers_at_JD/job/GBR-England-Greater-Manchester-Manchester/Equipment-Maintenance-Technician_JR104241
NEW Sorting Team Leader | GBR-England-Buckinghamshire-Milton Keynes | 2026-10-05 | https://jd.wd103.myworkdayjobs.com/Careers_at_JD/job/GBR-England-Buckinghamshire-Milton-Keynes/Sorting-Team-Leader_JR104255
NEW Transportation Operation | POL-Mazove Province-Warsaw | 2026-10-05 | https://jd.wd103.myworkdayjobs.com/Careers_at_JD/job/POL-Mazove-Province-Warsaw/Transportation-Operation_JR104188
NEW Business Project Manager | ARE-Dubai Emirate-Jebel Ali | 2026-10-05 | https://jd.wd103.myworkdayjobs.com/Careers_at_JD/job/ARE-Dubai-Emirate-Jebel-Ali/Business-Project-Manager_JR103607
NEW Exception Handler | SAU-Riyadh Province-Riyadh | 2026-10-05 | https://jd.wd103.myworkdayjobs.com/Careers_at_JD/job/SAU-Riyadh-Province-Riyadh/Exception-handler_JR104250
NEW Delivery Station Team Lead（Dresden） | DEU-Saxony-Dresden | 2026-10-05 | https://jd.wd103.myworkdayjobs.com/Careers_at_JD/job/DEU-Saxony-Dresden/Delivery-Station-Team-Lead-Dresden-_JR103915
NEW Production Operations | AUS-Victoria-Melbourne | 2026-10-05 | https://jd.wd103.myworkdayjobs.com/Careers_at_JD/job/AUS-Victoria-Melbourne/Production-Operations_JR104239
NEW Warehouse Team Leader | DEU-North Rhine-Westphalia-Duisburg | 2026-10-02 — 25 applicants | https://jd.wd103.myworkdayjobs.com/Careers_at_JD/job/DEU-North-Rhine-Westphalia-Duisburg/Warehouse-Team-Leader_JR104240
NEW Disponent / Dispatcher (m/w/d) (German Speaking) | DEU-Berlin-Berlin | 2026-10-02 | https://jd.wd103.myworkdayjobs.com/Careers_at_JD/job/DEU-Berlin-Berlin/Dispatcher_JR102538-1
NEW Junior Equipment Maintenance Technician | BEL-Brussels-Capital Region-Brussels | 2026-10-02 | https://jd.wd103.myworkdayjobs.com/Careers_at_JD/job/BEL-Brussels-Capital-Region-Brussels/Junior-Equipment-Maintenance-Technician_JR103952
NEW production operation | FRA-Rhône-Lyon | 2026-10-02 | https://jd.wd103.myworkdayjobs.com/Careers_at_JD/job/FRA-Rhne-Lyon/production-operation_JR104228
NEW Technicien de maintenance équipements logistiques H/F | FRA-Seine-et-Marne-Tournan-en-Brie | 2026-10-02 | https://jd.wd103.myworkdayjobs.com/Careers_at_JD/job/FRA-Seine-et-Marne-Tournan-en-Brie/Technicien-de-maintenance-quipements-logistiques-H-F_JR104003
NEW Country Lead (ITALY/SPAIN), Marketplace | ESP-Madrid Province-Madrid | 2026-10-01 | https://jd.wd103.myworkdayjobs.com/Careers_at_JD/job/ESP-Madrid-Province-Madrid/Country-Lead--ITALY-SPAIN---Marketplace_JR104225
NEW Team Leader | ARE-Dubai Emirate-Dubai | 2026-10-01 | https://jd.wd103.myworkdayjobs.com/Careers_at_JD/job/ARE-Dubai-Emirate-Dubai/Team-Leader_JR103160
NEW Operator Outbound | ESP-Madrid Province-Madrid | 2026-10-01 | https://jd.wd103.myworkdayjobs.com/Careers_at_JD/job/ESP-Madrid-Province-Madrid/Operator-Outbound_JR104218
NEW Sorting Team Leader | ESP-Madrid Province-Madrid | 2026-10-01 | https://jd.wd103.myworkdayjobs.com/Careers_at_JD/job/ESP-Madrid-Province-Madrid/Sorting-Team-Leader_JR104211
NEW Sorting Team Leader | ITA-Lombardy-Milan | 2026-10-01 | https://jd.wd103.myworkdayjobs.com/Careers_at_JD/job/ITA-Lombardy-Milan/Sorting-Team-Leader_JR104219
NEW Delivery Operation Role | GBR-England-Bedfordshire-Luton | 2026-09-30 | https://jd.wd103.myworkdayjobs.com/Careers_at_JD/job/GBR-England-Bedfordshire-Luton/Delivery-Operation-Role_JR103439
NEW … and 554 more (newposts.jsonl)
(2026-10-07T04:09:54)

JD.com board-watch 2026-10-07: +18 new, -2 gone (656 active [jd_us_fulltime])
NEW Exception handler | ITA-Lombardy-Milan | 2026-10-07 | https://jd.wd103.myworkdayjobs.com/Careers_at_JD/job/ITA-Lombardy-Milan/Exception-handler_JR104223
NEW In-Stock Team Leader | ITA-Lombardy-Milan | 2026-10-07 | https://jd.wd103.myworkdayjobs.com/Careers_at_JD/job/ITA-Lombardy-Milan/In-Stock-Team-Leader_JR104222
NEW Inbound Team Leader | ESP-Madrid Province-Madrid | 2026-10-07 | https://jd.wd103.myworkdayjobs.com/Careers_at_JD/job/ESP-Madrid-Province-Madrid/Inbound-Team-Leader_JR104273
NEW In Stock Team Leader | ESP-Madrid Province-Madrid | 2026-10-07 | https://jd.wd103.myworkdayjobs.com/Careers_at_JD/job/ESP-Madrid-Province-Madrid/In-Stock-Team-Leader_JR104274
NEW Installation Engineer (Electrical) | ESP-Madrid Province-Madrid | 2026-10-07 | https://jd.wd103.myworkdayjobs.com/Careers_at_JD/job/ESP-Madrid-Province-Madrid/Installation-Engineer--Electrical-_JR104276
NEW Installation Engineer (Gas Heating) | ESP-Madrid Province-Madrid | 2026-10-07 | https://jd.wd103.myworkdayjobs.com/Careers_at_JD/job/ESP-Madrid-Province-Madrid/Installation-Engineer--Gas-Heating-_JR104277
NEW Reverse Team Leader | ESP-Madrid Province-Madrid | 2026-10-07 | https://jd.wd103.myworkdayjobs.com/Careers_at_JD/job/ESP-Madrid-Province-Madrid/Reverse-Team-Leader_JR104275
NEW Installation Engineer  (Solar power) | ESP-Madrid Province-Madrid | 2026-10-07 | https://jd.wd103.myworkdayjobs.com/Careers_at_JD/job/ESP-Madrid-Province-Madrid/Installation-Engineer---Solar-power-_JR104278
NEW Outbound Team Leader | ESP-Madrid Province-Madrid | 2026-10-07 — 25 applicants | https://jd.wd103.myworkdayjobs.com/Careers_at_JD/job/ESP-Madrid-Province-Madrid/Outbound-Team-Leader_JR104279
NEW Outbound Team Leader | ESP-Madrid Province-Madrid | 2026-10-07 — 25 applicants | https://jd.wd103.myworkdayjobs.com/Careers_at_JD/job/ESP-Madrid-Province-Madrid/Outbound-Team-Leader_JR104280
NEW Exception handler | ESP-Madrid Province-Madrid | 2026-10-07 | https://jd.wd103.myworkdayjobs.com/Careers_at_JD/job/ESP-Madrid-Province-Madrid/Exception-handler_JR104283
NEW Inbound Team Leader | ESP-Madrid Province-Madrid | 2026-10-07 | https://jd.wd103.myworkdayjobs.com/Careers_at_JD/job/ESP-Madrid-Province-Madrid/Inbound-Team-Leader_JR104281
NEW Inbound Team Leader | ESP-Madrid Province-Madrid | 2026-10-07 | https://jd.wd103.myworkdayjobs.com/Careers_at_JD/job/ESP-Madrid-Province-Madrid/Inbound-Team-Leader_JR104282
NEW In-Stock Team Leader | ESP-Madrid Province-Madrid | 2026-10-07 | https://jd.wd103.myworkdayjobs.com/Careers_at_JD/job/ESP-Madrid-Province-Madrid/In-Stock-Team-Leader_JR104284
NEW Sorting Team Leader | DEU-Berlin-Berlin | 2026-10-07 | https://jd.wd103.myworkdayjobs.com/Careers_at_JD/job/DEU-Berlin-Berlin/Sorting-Team-Leader_JR104264
NEW Senior Manager - Marketplace Key Accounts Germany | DEU-Berlin-Berlin | 2026-10-07 | https://jd.wd103.myworkdayjobs.com/Careers_at_JD/job/DEU-Berlin-Berlin/Account-Manager---DE-Marketplace_JR102126
NEW Sorting Team leader | BEL-Brussels-Capital Region-Brussels | 2026-10-07 | https://jd.wd103.myworkdayjobs.com/Careers_at_JD/job/BEL-Brussels-Capital-Region-Brussels/Sorting-Team-leader_JR103478
NEW Operator | VNM-Tây Ninh Province | 2026-10-07 — 25 applicants | https://jd.wd103.myworkdayjobs.com/Careers_at_JD/job/VNM-Ty-Ninh-Province/Operator_JR104229
GONE Sorter (first seen 2026-09-24)
GONE Digital Marketing Specialist (first seen 2026-09-24)
(2026-10-07T14:02:03)

JD.com board-watch 2026-10-08: +9 new, -3 gone (662 active [jd_us_fulltime])
NEW Operator | GBR-England-West Midlands-Coventry | 2026-10-08 | https://jd.wd103.myworkdayjobs.com/Careers_at_JD/job/GBR-England-West-Midlands-Coventry/Operator_JR104265
NEW Sorting Team Leader | GBR-England-Buckinghamshire-Milton Keynes | 2026-10-08 | https://jd.wd103.myworkdayjobs.com/Careers_at_JD/job/GBR-England-Buckinghamshire-Milton-Keynes/Sorting-Team-Leader_JR104254
NEW Delivery Station Team Lead（Karlsruhe） | DEU-Baden-Württemberg-Karlsruhe | 2026-10-08 | https://jd.wd103.myworkdayjobs.com/Careers_at_JD/job/DEU-Baden-Wrttemberg-Karlsruhe/Delivery-Station-Team-Lead-Karlsruhe-_JR104296
NEW Account Manager | ARE-Dubai Emirate-Jebel Ali | 2026-10-08 — 200 applicants | https://jd.wd103.myworkdayjobs.com/Careers_at_JD/job/ARE-Dubai-Emirate-Jebel-Ali/Account-Manager_JR103376
NEW Inventory Supervisor | MYS-Selangor-Klang | 2026-10-08 | https://jd.wd103.myworkdayjobs.com/Careers_at_JD/job/MYS-Selangor-Klang/Inventory-Supervisor_JR103834-2
NEW 采控 | CHN-HKG-New Territories-Kwai Tsing District | 2026-10-08 | https://jd.wd103.myworkdayjobs.com/Careers_at_JD/job/CHN-HKG-New-Territories-Kwai-Tsing-District/_JR104259-1
NEW Warehouse Supervisor | USA-Georgia-Buford City | 2026-10-07 — 35 applicants | https://jd.wd103.myworkdayjobs.com/Careers_at_JD/job/USA-Georgia-Buford-City/Warehouse-Supervisor_JR103405
NEW Night Shift Team Lead | USA-Florida-Orlando | 2026-10-07 — 25 applicants | https://jd.wd103.myworkdayjobs.com/Careers_at_JD/job/USA-Florida-Orlando/Night-Shift-Team-Lead_JR104246
NEW Night Shift Team Lead | USA-Florida-Orlando | 2026-10-07 — 25 applicants | https://jd.wd103.myworkdayjobs.com/Careers_at_JD/job/USA-Florida-Orlando/Night-Shift-Team-Lead_JR104245
GONE Outbound Team Leader (first seen 2026-09-28)
GONE Delivery Station Team Lead（Darmstadt） (first seen 2026-09-24)
GONE Logistics Leasing (first seen 2026-09-24)
(2026-10-08T14:10:30)

