Joyson Safety Systems board-watch 2026-09-30: +7 new, -0 gone (7 active [joyson_us_fulltime])
NEW Sr. Product Engineer SW | Auburn Hills, US | 2026-09-24 | https://careers.joysonsafety.com/job/Auburn-Hills-Sr_-Product-Engineer-SW-DE/1423376900/
NEW Program Manager Electronics / STW | Auburn Hills, US | 2026-09-22 — 25 applicants | https://careers.joysonsafety.com/job/Auburn-Hills-Program-Manager-Electronics-STW-DE/1432408600/
NEW Program Manager SW | Auburn Hills, US | 2026-09-22 — 25 applicants | https://careers.joysonsafety.com/job/Auburn-Hills-Program-Manager-SW-DE/1432383500/
NEW Sr. Account Manager | Auburn Hills, US | 2026-09-17 — 38 applicants | https://careers.joysonsafety.com/job/Auburn-Hills-Sr_-Account-Manager-DE/1420970400/
NEW Manager, Compensation &amp; Benefits | Auburn Hills, US | 2026-09-11 — 33 applicants | https://careers.joysonsafety.com/job/Auburn-Hills-Manager%2C-Compensation-&amp;-Benefits-DE/1419027400/
NEW Specialist, Product AB | Auburn Hills, US | 2026-09-10 — 25 applicants | https://careers.joysonsafety.com/job/Auburn-Hills-Specialist%2C-Product-AB-DE/1428465800/
NEW System Performance Engineer AB | Auburn Hills, US | 2026-09-03 — 70 applicants | https://careers.joysonsafety.com/job/Auburn-Hills-System-Performance-Engineer-AB-DE/1380500200/
(2026-09-30T13:35:47)

Joyson Safety Systems board-watch 2026-10-01: +0 new, -1 gone (6 active [joyson_us_fulltime])
GONE System Performance Engineer AB (first seen 2026-09-30)
(2026-10-01T14:20:30)

Joyson Safety Systems board-watch 2026-10-02: +2 new, -0 gone (8 active [joyson_us_fulltime])
NEW Co-op, Student Engineer | Auburn Hills, US | 2026-10-01 | https://careers.joysonsafety.com/job/Auburn-Hills-Co-op%2C-Student-Engineer-DE/1435908400/
NEW System Performance Engineer AB | Auburn Hills, US | 2026-09-03 — 71 applicants | https://careers.joysonsafety.com/job/Auburn-Hills-System-Performance-Engineer-AB-DE/1380500200/
(2026-10-02T03:52:20)

Joyson Safety Systems board-watch 2026-10-02: +0 new, -0 gone (8 active [joyson_us_fulltime])
REPOSTED (1)
REPOSTED System Performance Engineer AB (label reset 29d→0d, startDate +29d)
(2026-10-02T09:35:59)

Joyson Safety Systems board-watch 2026-10-06: +1 new, -1 gone (8 active [joyson_us_fulltime])
NEW Sr. Manager, Sales | Auburn Hills, US | 2026-10-05 — 25 applicants | https://careers.joysonsafety.com/job/Auburn-Hills-Sr_-Manager%2C-Sales-DE/1436855200/
GONE Sr. Product Engineer SW (first seen 2026-09-30)
(2026-10-06T13:56:13)

Joyson Safety Systems board-watch 2026-10-09: +0 new, -0 gone (8 active [joyson_us_fulltime])
REPOSTED (1)
REPOSTED Specialist, Product AB (label reset 29d→0d, startDate +29d)
(2026-10-09T14:03:51)

Joyson Safety Systems board-watch 2026-10-10: +0 new, -0 gone (8 active [joyson_us_fulltime])
REPOSTED (1)
REPOSTED Manager, Compensation &amp; Benefits (label reset 28d→0d, startDate +29d)
(2026-10-10T13:20:45)

