Legend Biotech board-watch 2026-09-27: +68 new, -0 gone (68 active [legendbiotech_us_fulltime])
NEW Associate Director/ Director, Global Strategy Lead | Bridgewater, New Jersey, United States | Posted 124 Days Ago | https://job-boards.greenhouse.io/legendcareers/jobs/4699446005
NEW Associate Director, Executive Compensation | Bridgewater, New Jersey, United States | Posted 16 Days Ago — 25 applicants | https://job-boards.greenhouse.io/legendcareers/jobs/4693962005
NEW Associate Director, Global Scientific Communications, Medical Affairs | United States | Posted 74 Days Ago — 25 applicants | https://job-boards.greenhouse.io/legendcareers/jobs/4715224005
NEW Associate Director, GxP Compliance and Auditing | Bridgewater, New Jersey, United States | Posted 124 Days Ago — 25 applicants | https://job-boards.greenhouse.io/legendcareers/jobs/4698956005
NEW Associate Director, Omnichannel Advanced Analytics  | Bridgewater, New Jersey, United States | Posted 75 Days Ago | https://job-boards.greenhouse.io/legendcareers/jobs/4715195005
NEW Associate Director, Translational Science | Somerset, New Jersey, United States | Posted 103 Days Ago — 25 applicants | https://job-boards.greenhouse.io/legendcareers/jobs/4705594005
NEW Associate Manufacturing Engineer | Raritan, New Jersey, United States | Posted 10 Days Ago — 25 applicants | https://job-boards.greenhouse.io/legendcareers/jobs/4735276005
NEW Associate Scientist, MSAT (Cell & Gene Therapy) | Somerset, New Jersey, United States | Posted 79 Days Ago — 25 applicants | https://job-boards.greenhouse.io/legendcareers/jobs/4714034005
NEW CQV Supervisor | Raritan, New Jersey, United States | Posted 5 Days Ago — 25 applicants | https://job-boards.greenhouse.io/legendcareers/jobs/4736790005
NEW Director, QA Operations | Raritan, New Jersey, United States | Posted 25 Days Ago — 25 applicants | https://job-boards.greenhouse.io/legendcareers/jobs/4729843005
NEW Director, Regulatory Affairs | Somerset, New Jersey, United States | Posted 40 Days Ago — 25 applicants | https://job-boards.greenhouse.io/legendcareers/jobs/4725496005
NEW Director, Regulatory CMC | Somerset, New Jersey, United States | Posted 16 Days Ago — 25 applicants | https://job-boards.greenhouse.io/legendcareers/jobs/4728050005
NEW Executive Director, Global Program Leader | Somerset, New Jersey, United States | Posted 38 Days Ago | https://job-boards.greenhouse.io/legendcareers/jobs/4726240005
NEW Finance Management, Leadership Development Program | Bridgewater, New Jersey, United States | Posted 191 Days Ago — 200 applicants | https://job-boards.greenhouse.io/legendcareers/jobs/4675688005
NEW Global Viral Vector MSAT Lead | Raritan, New Jersey, United States | Posted 124 Days Ago — 25 applicants | https://job-boards.greenhouse.io/legendcareers/jobs/4698811005
NEW Head of Global Manufacturing Science & Technology | Bridgewater, New Jersey, United States | Posted 4 Days Ago — 25 applicants | https://job-boards.greenhouse.io/legendcareers/jobs/4737105005
NEW Head of Global Supply Chain, Procurement & Sourcing | Bridgewater, New Jersey, United States | Posted 4 Days Ago — 51 applicants | https://job-boards.greenhouse.io/legendcareers/jobs/4737112005
NEW Investigations Supervisor | Raritan, New Jersey, United States | Posted 32 Days Ago — 25 applicants | https://job-boards.greenhouse.io/legendcareers/jobs/4727463005
NEW Investigator I/II | Raritan, New Jersey, United States | Posted 10 Days Ago — 25 applicants | https://job-boards.greenhouse.io/legendcareers/jobs/4735253005
NEW IT Validation Specialist | Somerset, New Jersey, United States | Posted 31 Days Ago — 25 applicants | https://job-boards.greenhouse.io/legendcareers/jobs/4728358005
NEW Lab Support Specialist | Somerset, New Jersey, United States | Posted 31 Days Ago — 25 applicants | https://job-boards.greenhouse.io/legendcareers/jobs/4728186005
NEW Maintenance Tech I/II | Raritan, New Jersey, United States | Posted 51 Days Ago | https://job-boards.greenhouse.io/legendcareers/jobs/4721774005
NEW Manager, Project Management, Regulatory | Somerset, New Jersey, United States | Posted 55 Days Ago — 25 applicants | https://job-boards.greenhouse.io/legendcareers/jobs/4720710005
NEW Manager, Regulatory CMC | Somerset, New Jersey, United States | Posted 37 Days Ago — 25 applicants | https://job-boards.greenhouse.io/legendcareers/jobs/4726060005
NEW Manager, Workday Compensation & Talent | Bridgewater, New Jersey, United States | Posted 34 Days Ago — 25 applicants | https://job-boards.greenhouse.io/legendcareers/jobs/4726928005
NEW … and 43 more (newposts.jsonl)
(2026-09-27T12:39:28)

