Lenovo board-watch 2026-09-27: +251 new, -0 gone (251 active [lenovo_us_fulltime])
NEW Service Delivery Manager- Digital Workplace Solutions | Morrisville, North Carolina, United States of America | 2026-09-09 | https://jobs.lenovo.com/en_US/careers/JobDetail/Service-Delivery-Manager/81612
NEW Infrastructure Inside Sales Rep | Morrisville, North Carolina, United States of America | 2026-09-22 | https://jobs.lenovo.com/en_US/careers/JobDetail/Evergreen-ISG-Inside-Sales-Rep/82074
NEW Administrative Assistant | Morrisville, North Carolina, United States of America | 2026-06-29 | https://jobs.lenovo.com/en_US/careers/JobDetail/Administrative-Assistant-Evergreen/79308
NEW Server Test Engineer | Whitsett, North Carolina, United States of America | 2026-03-24 — 92 applicants | https://jobs.lenovo.com/en_US/careers/JobDetail/Server-Test-Engineer/75998
NEW Talent Acquisition Partner, ISG (Contract) | Morrisville, North Carolina, United States of America | 2026-09-22 | https://jobs.lenovo.com/en_US/careers/JobDetail/Talent-Acquisition-Partner/82073
NEW Head of AI Architecture | Morrisville, North Carolina, United States of America | 2026-07-31 | https://jobs.lenovo.com/en_US/careers/JobDetail/Head-of-AI-Architecture/80418
NEW Services Sales Executive - Large Enterprise (Eastern US) | Morrisville, North Carolina, United States of America | 2026-09-23 | https://jobs.lenovo.com/en_US/careers/JobDetail/Services-Sales-Executive-Large-Enterprise/80845
NEW Sr New product introduction (NPI) engineering | Whitsett, North Carolina, United States of America | 2026-03-24 | https://jobs.lenovo.com/en_US/careers/JobDetail/Sr-New-product-introduction-NPI-engineering/75997
NEW Sr Process Engineer | Whitsett, North Carolina, United States of America | 2026-02-03 — 72 applicants | https://jobs.lenovo.com/en_US/careers/JobDetail/Sr-Process-Engineer/74695
NEW Sr New product introduction (NPI) engineering | Whitsett, North Carolina, United States of America | 2026-02-19 | https://jobs.lenovo.com/en_US/careers/JobDetail/Sr-New-product-introduction-NPI-engineering/75025
NEW Sr Process Engineer | Whitsett, North Carolina, United States of America | 2026-02-03 — 104 applicants | https://jobs.lenovo.com/en_US/careers/JobDetail/Sr-Process-Engineer/75999
NEW Advisory Engineer, Enterprise Product Security Incident Response Team (E-PSIRT) | Morrisville, North Carolina, United States of America | 2026-09-04 — 54 applicants | https://jobs.lenovo.com/en_US/careers/JobDetail/Advisory-Engineer-Enterprise-Product-Security-Incident-Response-Team-E-PSIRT/81398
NEW Sr. Program Manager, Enterprise Product Security Incident Response Team (E-PSIRT) | Morrisville, North Carolina, United States of America | 2026-09-04 — 57 applicants | https://jobs.lenovo.com/en_US/careers/JobDetail/Sr-Program-Manager-Enterprise-Product-Security-Incident-Response-Team-E-PSIRT/81401
NEW Manager, Government Relations, NA State and Local | Morrisville, North Carolina, United States of America | 2026-08-24 — 200 applicants | https://jobs.lenovo.com/en_US/careers/JobDetail/Manager-Government-Relations-NA-State-and-Local/80921
NEW Infrastructure Solution Group, Field Specialist, Northeast | Morrisville, North Carolina, United States of America | 2026-09-23 — 25 applicants | https://jobs.lenovo.com/en_US/careers/JobDetail/ISG-Field-Specialist-Northeast/81808
NEW AI Reliability Operations Engineer | Chicago, Illinois, United States of America | 2026-08-18 | https://jobs.lenovo.com/en_US/careers/JobDetail/Parent-Evergreen-AI-Reliability-Operations-Engineer/80842
NEW Client Manager, Healthcare Acquisition | Morrisville, North Carolina, United States of America | 2026-09-23 | https://jobs.lenovo.com/en_US/careers/JobDetail/Client-Manager-Healthcare-Acquisition/82072
NEW Sr. Sales Engineer (East US) | Morrisville, North Carolina, United States of America | 2026-09-11 | https://jobs.lenovo.com/en_US/careers/JobDetail/Technical-Client-Advisor/81438
NEW Channel AI Technical Business Development Manager | Morrisville, North Carolina, United States of America | 2026-08-31 | https://jobs.lenovo.com/en_US/careers/JobDetail/Channel-AI-Technical-Business-Development-Manager/81177
NEW Infrastructure Solution Consultant, State and Local Government, California | Morrisville, North Carolina, United States of America | 2026-09-22 | https://jobs.lenovo.com/en_US/careers/JobDetail/Infrastructure-Solution-Consultant-State-and-Local-Government/82034
NEW ISG Field Specialist, Southeast | Morrisville, North Carolina, United States of America | 2026-09-15 | https://jobs.lenovo.com/en_US/careers/JobDetail/ISG-Field-Specialist-Southeast/81815
NEW AI Solution Architect - Global Future Leaders Program (2027) | Morrisville, North Carolina, United States of America | 2026-09-06 — 200 applicants | https://jobs.lenovo.com/en_US/careers/JobDetail/AI-Solution-Architect-Global-Future-Leaders-Program-2027/81440
NEW Sr. Specialist, Mobile SW Product Mgmt. | Chicago, Illinois, United States of America | 2026-09-15 — 35 applicants | https://jobs.lenovo.com/en_US/careers/JobDetail/Sr-Specialist-Mobile-SW-Product-Mgmt/81653
NEW Software Product Management | Chicago, Illinois, United States of America | 2026-09-10 | https://jobs.lenovo.com/en_US/careers/JobDetail/Sr-Professional-SW-Product-Management/81468
NEW CI/CD Engineer, Remote | Morrisville, North Carolina, United States of America | 2026-09-18 | https://jobs.lenovo.com/en_US/careers/JobDetail/Advisory-CICD-Engineer/81359
NEW … and 226 more (newposts.jsonl)
(2026-09-27T12:50:24)

Lenovo board-watch 2026-09-28: +2 new, -6 gone (247 active [lenovo_us_fulltime])
NEW Sr. Business Operations Professional | Morrisville, North Carolina, United States of America | 2026-09-28 | https://jobs.lenovo.com/en_US/careers/JobDetail/Sr-Business-Operations-Professional/82177
NEW SMB Account Manager (Distribution) | Morrisville, North Carolina, United States of America | 2026-09-21 | https://jobs.lenovo.com/en_US/careers/JobDetail/SMB-Account-Manager-Distribution/81948
GONE Mid-Market Sales Engineer (first seen 2026-09-27)
GONE Sr Mid-Market Client Manager (Acquisition) (first seen 2026-09-27)
GONE Forward Deployed Engineer (first seen 2026-09-27)
GONE Sr Mid-Market Client Manager (R&D) (first seen 2026-09-27)
GONE Worldwide Sales Leader – Channel Services Sales (first seen 2026-09-27)
GONE Data Engineer (first seen 2026-09-27)
(2026-09-28T14:43:35)

