Mandarin Oriental board-watch 2026-10-01: +30 new, -0 gone (30 active [mandarinoriental_us_fulltime])
NEW Director, Global Sales, Central Region | New York, New York | 2026-09-30T18:48:56Z — 25 applicants | https://careers.mandarinoriental.com/jobs/director-global-sales-central-region-new-york-united-states-438d74f8-7b30-4d15-8441-d2d480cf0ed9
NEW Marketing   Administrator | New York, New York | 2026-09-25T19:23:23Z — 85 applicants | https://careers.mandarinoriental.com/jobs/marketing-administrator-new-york-united-states
NEW Food and Beverage Manager | New York |  — 26 applicants | https://careers.mandarinoriental.com/jobs/food-and-beverage-manager-new-york-united-states-18a4d867-fd7b-477b-9ed3-5c15913079be
NEW Benefits Administrator | New York |  — 34 applicants | https://careers.mandarinoriental.com/jobs/benefits-administrator-new-york-united-states
NEW Development & Feasibility Senior Analyst, Americas | New York |  — 75 applicants | https://careers.mandarinoriental.com/jobs/development-feasibility-senior-analyst-americas-new-york-united-states
NEW Manager, Global Sales, Southeast & LATAM | New York |  — 25 applicants | https://careers.mandarinoriental.com/jobs/manager-global-sales-southeast-latam-new-york-united-states
NEW Manager, Global Sales, Central Region | New York |  — 25 applicants | https://careers.mandarinoriental.com/jobs/manager-global-sales-central-region-new-york-united-states
NEW Security Supervisor | New York |  — 52 applicants | https://careers.mandarinoriental.com/jobs/security-supervisor-new-york-united-states-f22fdaaf-89bd-40e1-a6e4-5fd73df183a9
NEW Substitute Banquet Tournant | New York |  — 25 applicants | https://careers.mandarinoriental.com/jobs/substitute-banquet-tournant-new-york-united-states-242933e3-e36c-478f-b917-a011fae78f8b
NEW Substitute Bell Attendant | New York |  | https://careers.mandarinoriental.com/jobs/substitute-bell-attendant-new-york-united-states-e770dab2-9a7f-48a4-8c37-44e5dc145dc9
NEW Manager, Global Entertainment, Media & Sports | New York |  — 87 applicants | https://careers.mandarinoriental.com/jobs/manager-global-entertainment-media-sports-new-york-united-states
NEW Catering Sales Manager | New York |  — 79 applicants | https://careers.mandarinoriental.com/jobs/catering-sales-manager-new-york-united-states
NEW Sous Chef | New York |  — 37 applicants | https://careers.mandarinoriental.com/jobs/sous-chef-new-york-united-states-e50639a3-3e35-4eb7-a898-f4c1377976a2
NEW Residential Concierge | New York |  — 101 applicants | https://careers.mandarinoriental.com/jobs/residential-concierge-new-york-united-states-e3b20f07-082f-465d-8216-d284fe108f9b
NEW Facilities Manager | New York |  — 38 applicants | https://careers.mandarinoriental.com/jobs/facilities-manager-new-york-united-states-65a81278-3ed5-45bf-8bae-89d12a1b6acb
NEW Substitute Bar Server | New York |  | https://careers.mandarinoriental.com/jobs/substitute-bar-server-new-york-united-states
NEW Fitness Facilitator/Lifeguard | New York |  — 25 applicants | https://careers.mandarinoriental.com/jobs/fitness-facilitator-lifeguard-new-york-united-states-52ebd058-9df6-4c7c-9bf0-41cc14295181
NEW Front Office Manager | New York |  — 200 applicants | https://careers.mandarinoriental.com/jobs/front-office-manager-new-york-united-states-4df8e160-22c1-4bda-9ecf-444d4a88b66c
NEW Substitute Utility Steward | New York |  | https://careers.mandarinoriental.com/jobs/substitute-utility-steward-new-york-united-states
NEW House Attendant- On Call | New York |  | https://careers.mandarinoriental.com/jobs/house-attendant-on-call-new-york-united-states
NEW Director of Rooms | New York |  — 200 applicants | https://careers.mandarinoriental.com/jobs/director-of-rooms-new-york-united-states-aaa00aaf-d214-4aa6-9bd3-4727bd06190d
NEW Substitute Steward | New York |  | https://careers.mandarinoriental.com/jobs/substitute-steward-new-york-united-states
NEW Revenue and Reservations Manager | Boston |  — 25 applicants | https://careers.mandarinoriental.com/jobs/revenue-and-reservations-manager-boston-massachusetts-united-states
NEW Director of Spa & Wellness | Boston |  — 73 applicants | https://careers.mandarinoriental.com/jobs/director-of-spa-wellness-boston-massachusetts-united-states-7e9b714d-f15a-4ee6-a3a9-3ba49053e197
NEW Executive Banquet Chef | Boston |  — 25 applicants | https://careers.mandarinoriental.com/jobs/executive-banquet-chef-boston-massachusetts-united-states-1cbf563a-8646-4843-b766-c133144a036a
NEW … and 5 more (newposts.jsonl)
(2026-10-01T14:32:29)

Mandarin Oriental board-watch 2026-10-02: +2 new, -0 gone (32 active [mandarinoriental_us_fulltime])
NEW Assistant Restaurants, Bars, & Experiences Manager | Boston, Massachusetts | 2026-10-01T16:53:00Z — 25 applicants | https://careers.mandarinoriental.com/jobs/assistant-restaurants-bars-experiences-manager-boston-massachusetts-united-states
NEW Spa Attendant | Boston, Massachusetts | 2026-10-01T16:53:00Z | https://careers.mandarinoriental.com/jobs/spa-attendant-boston-massachusetts-united-states-4609663d-924f-46aa-8879-af57eb4cf0c4
(2026-10-02T04:00:35)

Mandarin Oriental board-watch 2026-10-02: +0 new, -1 gone (31 active [mandarinoriental_us_fulltime])
GONE On-Call Banquet Cook (first seen 2026-10-01)
(2026-10-02T14:48:47)

