Mattson Technology board-watch 2026-09-30: +24 new, -0 gone (24 active [mattson_us_fulltime])
NEW Field Service Engineer 3 | Hillsboro, OR, United States | 2026-09-28T22:18:19+00:00 | https://eidg.fa.us6.oraclecloud.com/hcmUI/CandidateExperience/en/sites/CX_1/job/3009
NEW Field Service Engineer | TX, United States | 2026-02-25T20:51:33+00:00 — 25 applicants | https://eidg.fa.us6.oraclecloud.com/hcmUI/CandidateExperience/en/sites/CX_1/job/2030
NEW Mechanical Engineer 3 | Fremont, CA, United States | 2025-11-25T17:00:40+00:00 | https://eidg.fa.us6.oraclecloud.com/hcmUI/CandidateExperience/en/sites/CX_1/job/2863
NEW VP of Product | Fremont, CA, United States | 2026-04-30T18:48:49+00:00 | https://eidg.fa.us6.oraclecloud.com/hcmUI/CandidateExperience/en/sites/CX_1/job/2897
NEW VP, Sales | Fremont, CA, United States | 2026-05-04T21:54:59+00:00 | https://eidg.fa.us6.oraclecloud.com/hcmUI/CandidateExperience/en/sites/CX_1/job/2931
NEW Process Engineer 2 | Fremont, CA, United States | 2026-09-10T12:42:36+00:00 | https://eidg.fa.us6.oraclecloud.com/hcmUI/CandidateExperience/en/sites/CX_1/job/2960
NEW Mechanical Engineer 2 | Fremont, CA, United States | 2026-09-10T12:55:16+00:00 | https://eidg.fa.us6.oraclecloud.com/hcmUI/CandidateExperience/en/sites/CX_1/job/2963
NEW Electrical Engineer 2 | Fremont, CA, United States | 2026-06-30T19:57:07+00:00 | https://eidg.fa.us6.oraclecloud.com/hcmUI/CandidateExperience/en/sites/CX_1/job/2964
NEW EH&S Engineer 2 | Fremont, CA, United States | 2026-06-05T14:25:10+00:00 | https://eidg.fa.us6.oraclecloud.com/hcmUI/CandidateExperience/en/sites/CX_1/job/2994
NEW Supplier Quality Engineer 2 | Fremont, CA, United States | 2026-09-10T17:16:51+00:00 | https://eidg.fa.us6.oraclecloud.com/hcmUI/CandidateExperience/en/sites/CX_1/job/3031
NEW Mechanical Engineer 4 | Fremont, CA, United States | 2026-07-06T21:22:30+00:00 | https://eidg.fa.us6.oraclecloud.com/hcmUI/CandidateExperience/en/sites/CX_1/job/3037
NEW Sr. MTS, Etch RF Engineering | Fremont, CA, United States | 2026-08-06T18:21:09+00:00 | https://eidg.fa.us6.oraclecloud.com/hcmUI/CandidateExperience/en/sites/CX_1/job/3062
NEW Field Service Engineer 3 | Taylor, TX, United States | 2026-08-06T17:07:26+00:00 | https://eidg.fa.us6.oraclecloud.com/hcmUI/CandidateExperience/en/sites/CX_1/job/3069
NEW Material Handler 2 | Fremont, CA, United States | 2026-09-02T19:15:00+00:00 | https://eidg.fa.us6.oraclecloud.com/hcmUI/CandidateExperience/en/sites/CX_1/job/3109
NEW Manager, Global Logistics | Fremont, CA, United States | 2026-08-26T15:52:35+00:00 | https://eidg.fa.us6.oraclecloud.com/hcmUI/CandidateExperience/en/sites/CX_1/job/3118
NEW Mechanical Engineer 4 | Fremont, CA, United States | 2026-08-28T18:56:08+00:00 | https://eidg.fa.us6.oraclecloud.com/hcmUI/CandidateExperience/en/sites/CX_1/job/3121
NEW Electrical Engineer 4 | Fremont, CA, United States | 2026-08-28T18:57:04+00:00 | https://eidg.fa.us6.oraclecloud.com/hcmUI/CandidateExperience/en/sites/CX_1/job/3122
NEW Systems Engineer 4 | Fremont, CA, United States | 2026-09-09T16:21:09+00:00 | https://eidg.fa.us6.oraclecloud.com/hcmUI/CandidateExperience/en/sites/CX_1/job/3123
NEW Product Support Engineer 1 | Fremont, CA, United States | 2026-08-28T18:54:52+00:00 | https://eidg.fa.us6.oraclecloud.com/hcmUI/CandidateExperience/en/sites/CX_1/job/3124
NEW Sr. Director, Engineering | Fremont, CA, United States | 2026-09-04T18:28:43+00:00 | https://eidg.fa.us6.oraclecloud.com/hcmUI/CandidateExperience/en/sites/CX_1/job/3130
NEW Trade Compliance Analyst | Fremont, CA, United States | 2026-09-14T16:42:16+00:00 | https://eidg.fa.us6.oraclecloud.com/hcmUI/CandidateExperience/en/sites/CX_1/job/3142
NEW Process Engineer 3 | Fremont, CA, United States | 2026-09-14T21:40:57+00:00 | https://eidg.fa.us6.oraclecloud.com/hcmUI/CandidateExperience/en/sites/CX_1/job/3147
NEW Mechanical Engineer 4 | Fremont, CA, United States | 2026-09-14T19:52:26+00:00 | https://eidg.fa.us6.oraclecloud.com/hcmUI/CandidateExperience/en/sites/CX_1/job/3148
NEW Systems Engineer 4 | Fremont, CA, United States | 2026-09-15T21:06:30+00:00 | https://eidg.fa.us6.oraclecloud.com/hcmUI/CandidateExperience/en/sites/CX_1/job/3149
(2026-09-30T13:33:13)

Mattson Technology board-watch 2026-10-01: +0 new, -1 gone (23 active [mattson_us_fulltime])
GONE Field Service Engineer 3 (first seen 2026-09-30)
(2026-10-01T14:19:30)

Mattson Technology board-watch 2026-10-03: +2 new, -0 gone (25 active [mattson_us_fulltime])
NEW Payroll & General Ledger Sr. Accountant | Fremont, CA, United States | 2026-10-02T18:25:10+00:00 — 31 applicants | https://eidg.fa.us6.oraclecloud.com/hcmUI/CandidateExperience/en/sites/CX_1/job/3161
NEW Process Engineer 3 | Fremont, CA, United States | 2026-10-02T18:11:03+00:00 | https://eidg.fa.us6.oraclecloud.com/hcmUI/CandidateExperience/en/sites/CX_1/job/3162
(2026-10-03T12:18:29)

Mattson Technology board-watch 2026-10-06: +1 new, -0 gone (26 active [mattson_us_fulltime])
NEW Field Service Engineer 3 | Hillsboro, OR, United States | 2026-10-05T17:50:21+00:00 | https://eidg.fa.us6.oraclecloud.com/hcmUI/CandidateExperience/en/sites/CX_1/job/3009
(2026-10-06T13:55:36)

