Midea America board-watch 2026-10-11: +49 new, -0 gone (49 active [midea_us_fulltime])
NEW Project Manager - Data Center | Dallas, Texas, United States |  | https://midea.hire.trakstar.com/jobs/fk0zowq/
NEW Sales Operations Administrator | Lima, Provincia de Lima, Peru |  | https://midea.hire.trakstar.com/jobs/fk0zz69/
NEW After-Sales Engineer – Data Center | Dallas, Texas, United States |  | https://midea.hire.trakstar.com/jobs/fk0zowz/
NEW Agente especialista post venta | Monterrey, Nuevo León, Mexico |  | https://midea.hire.trakstar.com/jobs/fk0zt9w/
NEW Agente especialista post venta | Santa María Tulantongo, Estado de México, Mexico |  | https://midea.hire.trakstar.com/jobs/fk0zt96/
NEW Assistant Manager Order Management | Parsippany-Troy Hills, New Jersey, United States |  — 43 applicants | https://midea.hire.trakstar.com/jobs/fk0zl2b/
NEW Business Development Manager- Data Center Cooling Solutions | Plano, Texas, United States |  | https://midea.hire.trakstar.com/jobs/fk0zfkv/
NEW Data Center Cooling Products Service Engineer-Chiller Products | United States |  | https://midea.hire.trakstar.com/jobs/fk0ztfx/
NEW Data Center Cooling Products Training Expert | Plano, Texas, United States |  | https://midea.hire.trakstar.com/jobs/fk0zzcl/
NEW Data Center Operations Engineer | Plano, Texas, United States |  — 30 applicants | https://midea.hire.trakstar.com/jobs/fk0ztfj/
NEW Demand Planning Analyst | Tlalnepantla, Estado de México, Mexico |  | https://midea.hire.trakstar.com/jobs/fk0z7oy/
NEW Director of Government Relations | Washington, District of Columbia, United States |  — 152 applicants | https://midea.hire.trakstar.com/jobs/fk0ztfv/
NEW ERP Finance IT Specialist | Monterrey, Nuevo León, Mexico |  | https://midea.hire.trakstar.com/jobs/fk0zzky/
NEW ERP Logistic IT Sr Manager | Parsippany-Troy Hills, New Jersey, United States |  | https://midea.hire.trakstar.com/jobs/fk0zdu2/
NEW ERP Senior Manager – Supply Chain & Logistics | Parsippany-Troy Hills, New Jersey, United States |  | https://midea.hire.trakstar.com/jobs/fk0zi1y/
NEW Field Force Trade Manager | Tlalnepantla, Estado de México, Mexico |  | https://midea.hire.trakstar.com/jobs/fk0zp5m/
NEW Global Marketing Expert- Data Center | Dallas, Texas, United States |  | https://midea.hire.trakstar.com/jobs/fk0zows/
NEW HR Shared Services Analyst | Monterrey, Nuevo León, Mexico |  | https://midea.hire.trakstar.com/jobs/fk0ztk9/
NEW Intellectual Property Attorney | Louisville, Kentucky, United States |  | https://midea.hire.trakstar.com/jobs/fk0posy/
NEW Internal Control Specialist | Monterrey, Nuevo León, Mexico |  | https://midea.hire.trakstar.com/jobs/fk0zig4/
NEW JR Product Manager | Panamá, Provincia de Panamá, Panamá |  | https://midea.hire.trakstar.com/jobs/fk0zpbz/
NEW Key Account Manager | Bogotá, Bogota, Colombia |  | https://midea.hire.trakstar.com/jobs/fk0z7hm/
NEW Key Account Manager - Bajio | Guadalajara, Jalisco, Mexico |  | https://midea.hire.trakstar.com/jobs/fk0z7cz/
NEW Key Account Manager - Centro | Tlalnepantla, Estado de México, Mexico |  | https://midea.hire.trakstar.com/jobs/fk0zr68/
NEW Key Account Manager - RAC ( Room Air Conditioner) | Caracas, Distrito Capital, Venezuela |  | https://midea.hire.trakstar.com/jobs/fk0zp3e/
NEW … and 24 more (newposts.jsonl)
(2026-10-11T00:26:53)

