MINISO (US) board-watch 2026-10-11: +665 new, -0 gone (665 active [minisous_us_fulltime])
NEW Part-Time Shift Leader | US-UT-Farmington |  | https://careers-miniso-us.icims.com/jobs/3817/part-time-shift-leader/job?in_iframe=1
NEW Part-Time Shift Leader | US-OH-Toledo |  | https://careers-miniso-us.icims.com/jobs/3816/part-time-shift-leader/job?in_iframe=1
NEW Part-Time Sales Associate | US-UT-Murray |  | https://careers-miniso-us.icims.com/jobs/3815/part-time-sales-associate/job?in_iframe=1
NEW Seasonal Part-Time Sales Associate | US-MD-Gambrills |  | https://careers-miniso-us.icims.com/jobs/3814/seasonal-part-time-sales-associate/job?in_iframe=1
NEW Seasonal Part-Time Sales Associate | US-MD-Frederick |  | https://careers-miniso-us.icims.com/jobs/3813/seasonal-part-time-sales-associate/job?in_iframe=1
NEW Seasonal Part-Time Sales Associate | US-MD-Towson |  | https://careers-miniso-us.icims.com/jobs/3812/seasonal-part-time-sales-associate/job?in_iframe=1
NEW Seasonal Part-Time Sales Associate | US-MD-Rockville |  | https://careers-miniso-us.icims.com/jobs/3811/seasonal-part-time-sales-associate/job?in_iframe=1
NEW Seasonal Part-Time Sales Associate | US-VA-Dulles |  | https://careers-miniso-us.icims.com/jobs/3810/seasonal-part-time-sales-associate/job?in_iframe=1
NEW Seasonal Part-Time Sales Associate | US-MD-Germantown |  | https://careers-miniso-us.icims.com/jobs/3809/seasonal-part-time-sales-associate/job?in_iframe=1
NEW Seasonal Part-Time Sales Associate | US-MD-Annapolis |  | https://careers-miniso-us.icims.com/jobs/3808/seasonal-part-time-sales-associate/job?in_iframe=1
NEW Seasonal Part-Time Sales Associate | US-VA-Fairfax |  | https://careers-miniso-us.icims.com/jobs/3807/seasonal-part-time-sales-associate/job?in_iframe=1
NEW Seasonal Part-Time Sales Associate | US-MD-Columbia |  | https://careers-miniso-us.icims.com/jobs/3806/seasonal-part-time-sales-associate/job?in_iframe=1
NEW Seasonal Part-Time Sales Associate | US-VA-Tysons |  | https://careers-miniso-us.icims.com/jobs/3805/seasonal-part-time-sales-associate/job?in_iframe=1
NEW Part-Time Sales Associate | US-IN-Greenwood |  | https://careers-miniso-us.icims.com/jobs/3804/part-time-sales-associate/job?in_iframe=1
NEW Seasonal Part-Time Sales Associate | US-TN-Johnson City |  | https://careers-miniso-us.icims.com/jobs/3803/seasonal-part-time-sales-associate/job?in_iframe=1
NEW Part-Time Shift Leader | US-TN-Johnson City |  | https://careers-miniso-us.icims.com/jobs/3802/part-time-shift-leader/job?in_iframe=1
NEW Part-Time Sales Associate | US-OH-Strongsville |  | https://careers-miniso-us.icims.com/jobs/3801/part-time-sales-associate/job?in_iframe=1
NEW Assistant Store Manager | US-NJ-Paramus |  | https://careers-miniso-us.icims.com/jobs/3799/assistant-store-manager/job?in_iframe=1
NEW Part-Time Shift Leader | US-NJ-Paramus |  | https://careers-miniso-us.icims.com/jobs/3798/part-time-shift-leader/job?in_iframe=1
NEW Part-Time Shift Leader | US-NJ-East Rutherford |  | https://careers-miniso-us.icims.com/jobs/3797/part-time-shift-leader/job?in_iframe=1
NEW Seasonal Part-Time Sales Associate | US-CA-El Centro |  | https://careers-miniso-us.icims.com/jobs/3796/seasonal-part-time-sales-associate/job?in_iframe=1
NEW Part-Time Shift Leader | US-TX-Pflugerville |  | https://careers-miniso-us.icims.com/jobs/3795/part-time-shift-leader/job?in_iframe=1
NEW Interior Designer | US-CA-West Covina |  | https://careers-miniso-us.icims.com/jobs/3794/interior-designer/job?in_iframe=1
NEW District Manager | US-FL-Hialeah |  | https://careers-miniso-us.icims.com/jobs/3793/district-manager/job?in_iframe=1
NEW Part-Time Shift Leader | US-CA-San Pedro |  | https://careers-miniso-us.icims.com/jobs/3792/part-time-shift-leader/job?in_iframe=1
NEW … and 640 more (newposts.jsonl)
(2026-10-11T00:29:46)

