NetEase Games board-watch 2026-10-07: +27 new, -0 gone (30 active [neteasegames_us_fulltime])
NEW Community Manager | United Kingdom - Guildford Onsite | Posted 370 Days Ago | https://job-boards.greenhouse.io/neteasegames/jobs/4927747007
NEW Creative Specialist/Editor (Video) | Singapore-Guoco Midtown | Posted 37 Days Ago | https://job-boards.greenhouse.io/neteasegames/jobs/5226055007
NEW Esport Specialist | United Kingdom - Guildford Onsite | Posted 370 Days Ago | https://job-boards.greenhouse.io/neteasegames/jobs/4927758007
NEW Group Function - Privacy Legal Counsel | Hong Kong; Singapore-Guoco Midtown; Singapore-Guoco Midtown | Posted 112 Days Ago | https://job-boards.greenhouse.io/neteasegames/jobs/5166639007
NEW Group Function - Public Company Compliance | Hong Kong; Singapore-Guoco Midtown; Singapore-Guoco Midtown | Posted 11 Days Ago | https://job-boards.greenhouse.io/neteasegames/jobs/5249881007
NEW Group Transactional and Commercial Counsel | Hong Kong; Singapore-Guoco Midtown; Singapore-Guoco Midtown | Posted 96 Days Ago | https://job-boards.greenhouse.io/neteasegames/jobs/5023710007
NEW Lead Animation Technical Artist | Singapore | Posted 37 Days Ago | https://job-boards.greenhouse.io/neteasegames/jobs/5226056007
NEW Lead Animation Technical Artist | Singapore-Guoco Midtown; Vancouver-Onsite; Vancouver-Onsite | Posted 22 Days Ago | https://job-boards.greenhouse.io/neteasegames/jobs/5238470007
NEW Localization Linguist | Singapore-Guoco Midtown | Posted 54 Days Ago | https://job-boards.greenhouse.io/neteasegames/jobs/5212119007
NEW Marketing Campaign (IP/Branding) | United Kingdom - Guildford Onsite | Posted 370 Days Ago | https://job-boards.greenhouse.io/neteasegames/jobs/4927744007
NEW Overseas Content Marketing Specialist | Bothell - Onsite; Irvine - Onsite; Mountain View-Onsite; Vancouver-Onsite; Irvine - Onsite; Mountain View-Onsite; Vancouver-Onsite | Posted 33 Days Ago | https://job-boards.greenhouse.io/neteasegames/jobs/5230790007
NEW Principal / Senior Animator | Singapore | Posted 75 Days Ago | https://job-boards.greenhouse.io/neteasegames/jobs/5195349007
NEW Principal / Senior Animator - 3C/Gameplay | Singapore-Guoco Midtown; Vancouver-Onsite; Vancouver-Onsite | Posted 21 Days Ago | https://job-boards.greenhouse.io/neteasegames/jobs/5238493007
NEW Product Operation- Singapore | Singapore | Posted 16 Days Ago | https://job-boards.greenhouse.io/neteasegames/jobs/5243474007
NEW  Senior/Lead Site Reliability Engineer | Singapore-Guoco Midtown | Posted 18 Days Ago | https://job-boards.greenhouse.io/neteasegames/jobs/5243142007
NEW Senior Product Marketing Manager | Singapore-Guoco Midtown | Posted 27 Days Ago | https://job-boards.greenhouse.io/neteasegames/jobs/5234306007
NEW Senior Product Operations Specialist | Singapore-Guoco Midtown | Posted 27 Days Ago | https://job-boards.greenhouse.io/neteasegames/jobs/5234305007
NEW SG Campus Recruitment - Android Software Engineer | Singapore-Guoco Midtown | Posted 40 Days Ago | https://job-boards.greenhouse.io/neteasegames/jobs/5224884007
NEW SG Campus Recruitment - Application Product Manager | Singapore-Guoco Midtown | Posted 29 Days Ago | https://job-boards.greenhouse.io/neteasegames/jobs/5232113007
NEW SG Campus Recruitment - Data Analyst | Singapore-Guoco Midtown | Posted 40 Days Ago | https://job-boards.greenhouse.io/neteasegames/jobs/5224876007
NEW SG Campus Recruitment - General Intern Opportunities | Singapore-Guoco Midtown | Posted 29 Days Ago | https://job-boards.greenhouse.io/neteasegames/jobs/5232973007
NEW SG Campus Recruitment - Localization QA (LQA) Intern | Singapore-Guoco Midtown | Posted 40 Days Ago | https://job-boards.greenhouse.io/neteasegames/jobs/5224883007
NEW SG Campus Recruitment - Narrative & Worldview Designer | Singapore-Guoco Midtown | Posted 40 Days Ago | https://job-boards.greenhouse.io/neteasegames/jobs/5224882007
NEW SG Campus Recruitment - Product / Live Operations Associate | Singapore-Guoco Midtown | Posted 40 Days Ago | https://job-boards.greenhouse.io/neteasegames/jobs/5224881007
NEW SG Campus Recruitment - User Acquisition Associate | Singapore-Guoco Midtown | Posted 40 Days Ago | https://job-boards.greenhouse.io/neteasegames/jobs/5224875007
NEW … and 2 more (newposts.jsonl)
(2026-10-07T02:08:16)

