Netflix board-watch 2026-09-19: +108 new, -0 gone (108 active [netflix_us_fulltime])
NEW Business Security Partner (L5), Consumer & Content | USA - Remote | 2026-09-18 — 25 applicants | https://netflix.wd108.myworkdayjobs.com/Netflix/job/USA---Remote/Business-Security-Partner--L5---Consumer---Content_JR42086
NEW Data Scientist 5, Messaging | USA - Remote | 2026-09-18 | https://netflix.wd108.myworkdayjobs.com/Netflix/job/USA---Remote/Data-Scientist-5--Messaging_JR42575
NEW Security Engineer (L5) - Cloud Architecture, Tooling and Security | USA - Remote | 2026-09-17 | https://netflix.wd108.myworkdayjobs.com/Netflix/job/USA---Remote/Security-Engineer--L5----Cloud-Architecture--Tooling-and-Security_JR40755
NEW Security Engineer 5 - IAM | USA - Remote | 2026-09-17 | https://netflix.wd108.myworkdayjobs.com/Netflix/job/USA---Remote/Security-Engineer-5---IAM_JR41731
NEW Security Software Engineer (L6), Security Protocols & Foundations | USA - Remote | 2026-09-17 | https://netflix.wd108.myworkdayjobs.com/Netflix/job/USA---Remote/Security-Software-Engineer--L6---Security-Protocols---Foundations_JR41854
NEW Software Engineer (L6), Platform Security | USA - Remote | 2026-09-17 | https://netflix.wd108.myworkdayjobs.com/Netflix/job/USA---Remote/Software-Engineer--L6---Platform-Security_JR41995
NEW Security Analytics Engineer L5 | USA - Remote | 2026-09-17 — 200 applicants | https://netflix.wd108.myworkdayjobs.com/Netflix/job/USA---Remote/Security-Analytics-Engineer-L5_JR41881
NEW AI Research Scientist 4/5 - Promotional Asset & Creative Technology, AIMS | USA - Remote | 2026-09-17 | https://netflix.wd108.myworkdayjobs.com/Netflix/job/USA---Remote/AI-Research-Scientist-4-5---Promotional-Asset---Creative-Technology--AIMS_JR42221
NEW Software Engineer (L5) - JavaScript Platform | USA - Remote | 2026-09-17 — 200 applicants | https://netflix.wd108.myworkdayjobs.com/Netflix/job/USA---Remote/Software-Engineer--L5----JavaScript-Platform_JR42156
NEW Security Engineer (L5) - Workforce Security | USA - Remote | 2026-09-16 | https://netflix.wd108.myworkdayjobs.com/Netflix/job/USA---Remote/Security-Engineer--L5----Workforce-Security_JR40107
NEW Software Engineer 5 - Android | USA - Remote | 2026-09-16 — 200 applicants | https://netflix.wd108.myworkdayjobs.com/Netflix/job/USA---Remote/Software-Engineer-5---Android_JR42041-1
NEW Software Engineer 6 - Ads Conversions API | USA - Remote | 2026-09-16 — 200 applicants | https://netflix.wd108.myworkdayjobs.com/Netflix/job/USA---Remote/Software-Engineer-6---Conversions-API---Audience-Activation_JR39787
NEW Analytics Engineer 5 - Identity & Signal | USA - Remote | 2026-09-16 | https://netflix.wd108.myworkdayjobs.com/Netflix/job/USA---Remote/Machine-Learning-Scientist-5---Ads-Forecasting_JR40982
NEW Machine Learning Scientist 5 - Sales, Ads DSE | USA - Remote | 2026-09-15 — 200 applicants | https://netflix.wd108.myworkdayjobs.com/Netflix/job/USA---Remote/Machine-Learning-Scientist-5---Sales--Ads-DSE_JR39817
NEW Product Manager L6, Data Platform - Analytics Experience | USA - Remote | 2026-09-15 — 200 applicants | https://netflix.wd108.myworkdayjobs.com/Netflix/job/USA---Remote/Product-Manager-L6--Data-Platform---Analytics-Experience_JR40363
NEW Product Manager (L5), Privacy & Data Protection Engineering | USA - Remote | 2026-09-15 — 200 applicants | https://netflix.wd108.myworkdayjobs.com/Netflix/job/USA---Remote/Product-Manager--L5---Privacy---Data-Protection-Engineering_JR41373
NEW Engineering Manager, Privacy Infrastructure Engineering | USA - Remote | 2026-09-15 — 123 applicants | https://netflix.wd108.myworkdayjobs.com/Netflix/job/USA---Remote/Engineering-Manager--Privacy-Infrastructure-Engineering_JR40096
NEW AI Engineer 6 - AI Foundation & Tooling, Ads Platform | USA - Remote | 2026-09-14 | https://netflix.wd108.myworkdayjobs.com/Netflix/job/USA---Remote/Software-Engineer-6---Ads-Platform-Engineering_AJRT30201
NEW Manager, Member Innovation - Data Engineering | USA - Remote | 2026-09-14 | https://netflix.wd108.myworkdayjobs.com/Netflix/job/USA---Remote/Manager--Member-Innovation---Data-Engineering_JR41202
NEW Staff Data Engineer (L6) - Ads | USA - Remote | 2026-09-14 — 107 applicants | https://netflix.wd108.myworkdayjobs.com/Netflix/job/USA---Remote/Staff-Data-Engineer--L6----Ads_JR42273
NEW Data Engineer (L6) - Ads (Signals and Measurement) | USA - Remote | 2026-09-14 — 167 applicants | https://netflix.wd108.myworkdayjobs.com/Netflix/job/USA---Remote/Data-Engineer--L6----Ads--Signals-and-Measurement-_JR39846
NEW Data Scientist 4- Interactive Discovery | USA - Remote | 2026-09-11 | https://netflix.wd108.myworkdayjobs.com/Netflix/job/USA---Remote/Data-Scientist-4--Marketplace-Valuation_JR41548
NEW Product Manager - Enterprise Support | USA - Remote | 2026-09-11 — 200 applicants | https://netflix.wd108.myworkdayjobs.com/Netflix/job/USA---Remote/Product-Manager---Employee-Support---Knowledge_JR42409
NEW Systems Analyst, CS Workforce Management | USA - Remote | 2026-09-10 — 200 applicants | https://netflix.wd108.myworkdayjobs.com/Netflix/job/USA---Remote/Systems-Analyst--CS-Workforce-Management_JR42518
NEW AI Research Scientist 4 - Generative Models, Recommender Systems | USA - Remote | 2026-09-09 | https://netflix.wd108.myworkdayjobs.com/Netflix/job/USA---Remote/Machine-Learning-Scientist-4---Generative-Models--Evaluation_JR42222
NEW … and 83 more (newposts.jsonl)
(2026-09-19T01:52:36)

