NVIDIA board-watch 2026-09-10: +20 new, -17 gone (1363 active [nvidia_us_fulltime])
NEW Director, Software Engineering for NVIDIA Experience | US, CA, Santa Clara | 2026-09-09 | https://nvidia.wd5.myworkdayjobs.com/NVIDIAExternalCareerSite/job/US-CA-Santa-Clara/Director--Solution-Engineering-for-NVIDIA-Experience_JR2019457
NEW Senior Infrastructure Engineer - Infrastructure Security and Core Services | US, CA, Santa Clara | 2026-09-09 | https://nvidia.wd5.myworkdayjobs.com/NVIDIAExternalCareerSite/job/US-CA-Santa-Clara/Senior-Infrastructure-Engineer---Infrastructure-Security-and-Core-Services_JR2025013
NEW Senior Staff Software Engineer - Enterprise AI Platform | US, CA, Santa Clara | 2026-09-09 | https://nvidia.wd5.myworkdayjobs.com/NVIDIAExternalCareerSite/job/US-CA-Santa-Clara/Senior-Staff-Software-Engineer---Enterprise-AI-Platform_JR2024711
NEW Senior Systems Engineer -- Agentic AI | US, TX, Austin; US, CA, Remote; US, CA, Santa Clara | 2026-09-09 | https://nvidia.wd5.myworkdayjobs.com/NVIDIAExternalCareerSite/job/US-TX-Austin/Senior-Systems-Engineer----Agentic-AI_JR2025315
NEW Senior Security Engineer, Detection Engineering | US, CA, Remote; US, TX, Remote; US, NY, Remote | 2026-09-09 | https://nvidia.wd5.myworkdayjobs.com/NVIDIAExternalCareerSite/job/US-CA-Remote/Senior-Security-Engineer--Detection-Engineering_JR2022836
NEW Senior Solutions Architect, Engagement Manager - NVIS | US, CA, Santa Clara; US, TX, Remote; US, CA, Remote | 2026-09-09 | https://nvidia.wd5.myworkdayjobs.com/NVIDIAExternalCareerSite/job/US-CA-Santa-Clara/Senior-Solutions-Architect--Engagement-Manager---NVIS_JR2024794
NEW Senior Project Delivery Manager - NVIS | US, TX, Remote; US, NC, Remote; US, NY, Remote; US, VA, Remote; US, CA, Remote; US, CA, Santa Clara | 2026-09-09 | https://nvidia.wd5.myworkdayjobs.com/NVIDIAExternalCareerSite/job/US-TX-Remote/Senior-Project-Delivery-Manager---NVIS_JR2024790
NEW Senior Robotics Systems Engineer — Sim-to-Real | US, CA, Santa Clara | 2026-09-09 | https://nvidia.wd5.myworkdayjobs.com/NVIDIAExternalCareerSite/job/US-CA-Santa-Clara/Senior-Robotics-Systems-Engineer---Sim-to-Real_JR2025158
NEW Senior Developer Technology Engineer - Simulation Performance | US, CA, Santa Clara | 2026-09-09 | https://nvidia.wd5.myworkdayjobs.com/NVIDIAExternalCareerSite/job/US-CA-Santa-Clara/Senior-Developer-Technology-Engineer---Simulation-Performance_JR2025157
NEW Senior Sensor Fusion Engineer - Autonomous Vehicles | US, CA, Santa Clara; US, NV, Remote; US, WA, Redmond; US, WA, Seattle | 2026-09-09 | https://nvidia.wd5.myworkdayjobs.com/NVIDIAExternalCareerSite/job/US-CA-Santa-Clara/Senior-Sensor-Fusion-Engineer---Autonomous-Vehicles_JR2016911
NEW Senior DL Compiler Engineer -CUDA Tile | US, CA, Santa Clara; US, TX, Austin; US, OR, Remote; US, WA, Remote; US, CA, Remote; US, WA, Redmond | 2026-09-09 | https://nvidia.wd5.myworkdayjobs.com/NVIDIAExternalCareerSite/job/US-CA-Santa-Clara/Senior-DL-Compiler-Engineer--CUDA-Tile_JR2020007-1
NEW Senior System Software Engineer - Performance | US, CA, Santa Clara; US, TX, Austin; US, OR, Hillsboro; US, CO, Boulder; US, CA, Remote; US, WA, Redmond | 2026-09-09 — 33 applicants | https://nvidia.wd5.myworkdayjobs.com/NVIDIAExternalCareerSite/job/US-CA-Santa-Clara/Senior-System-Software-Engineer---Performance_JR2018642
NEW Senior ASIC Verification Engineer | US, TX, Austin; US, CA, Santa Clara | 2026-09-09 | https://nvidia.wd5.myworkdayjobs.com/NVIDIAExternalCareerSite/job/US-TX-Austin/Senior-ASIC-Verification-Engineer_JR2005437
NEW Senior Software Engineer, JAX | US, CA, Santa Clara; US, CA, Remote | 2026-09-09 | https://nvidia.wd5.myworkdayjobs.com/NVIDIAExternalCareerSite/job/US-CA-Santa-Clara/Senior-Software-Engineer--JAX_JR2004629
NEW Senior Systems Software Engineer - NV Cloud Functions | US, CA, Santa Clara; US, WA, Seattle | 2026-09-09 — 149 applicants | https://nvidia.wd5.myworkdayjobs.com/NVIDIAExternalCareerSite/job/US-CA-Santa-Clara/Senior-Systems-Software-Engineer---NV-Cloud-Functions_JR2025247
NEW Principal EDA R&D Engineer | US, CA, Santa Clara; US, MA, Westford; US, TX, Austin; US, OR, Hillsboro; US, CA, Remote | 2026-09-09 | https://nvidia.wd5.myworkdayjobs.com/NVIDIAExternalCareerSite/job/US-CA-Santa-Clara/Principal-EDA-R-D-Engineer_JR2025342
NEW Senior Physical Design Interposer Engineer | US, CA, Santa Clara; US, TX, Austin; US, CA, Remote | 2026-09-09 | https://nvidia.wd5.myworkdayjobs.com/NVIDIAExternalCareerSite/job/US-CA-Santa-Clara/Interposer-Automation-Engineer_JR2021651
NEW Senior Quantum Systems Engineer - Quantum Computing | US, CA, Remote; US, WA, Redmond; US, CA, Santa Clara | 2026-09-09 | https://nvidia.wd5.myworkdayjobs.com/NVIDIAExternalCareerSite/job/US-CA-Remote/Senior-Quantum-Systems-Engineer---Quantum-Computing_JR2011747
NEW Senior Network Security Architect | US, CA, Santa Clara | 2026-09-09 | https://nvidia.wd5.myworkdayjobs.com/NVIDIAExternalCareerSite/job/US-CA-Santa-Clara/Senior-Network-Security-Architect_JR2025110
NEW Senior Infrastructure Engineer - AI, Automation, Observability and Monitoring | US, CA, Santa Clara | 2026-09-09 | https://nvidia.wd5.myworkdayjobs.com/NVIDIAExternalCareerSite/job/US-CA-Santa-Clara/Senior-Infrastructure-Engineer---AI--Automation--Observability-and-Monitoring_JR2025003
GONE Frontend Web Software Engineer, NGC (first seen 2026-09-09)
GONE System Software Engineer, Engineering Workflow Platform (first seen 2026-09-09)
GONE Senior Power Integrity Engineer - LPU Packaging (first seen 2026-09-09)
GONE Senior Technical Program Manager - Autonomous Vehicles (first seen 2026-09-09)
GONE Senior Technical Program Manager - Autonomous Vehicles (first seen 2026-09-09)
GONE Applied AI Engineer (first seen 2026-09-09)
GONE Senior Solutions Architect, Engagement Manager - NVIS (first seen 2026-09-09)
GONE Senior Software Engineer, Matrix Multiplication (first seen 2026-09-09)
GONE AI Hardware Architect (first seen 2026-09-09)
GONE Solutions Architect, Agentic Optimization (first seen 2026-09-09)
GONE Senior Director, Enterprise Networking (first seen 2026-09-09)
GONE Senior GPU Architect (first seen 2026-09-09)
GONE Senior AI Software Engineer, Kernel Libraries (first seen 2026-09-09)
GONE Principal PCBA Engineer (first seen 2026-09-09)
GONE Signal and Power Integrity Engineer - Hardware (first seen 2026-09-09)
GONE Circuit Design Engineer - New College Grad 2026 (first seen 2026-09-09)
GONE Senior GPU Memory Architect (first seen 2026-09-09)
(2026-09-10T02:28:51)

NVIDIA board-watch 2026-09-10: +0 new, -1 gone (1362 active [nvidia_us_fulltime])
GONE  (first seen 2026-09-09)
(2026-09-10T03:12:50)

NVIDIA board-watch 2026-09-13: +65 new, -32 gone (1395 active [nvidia_us_fulltime])
NEW Senior Software Engineer - DGX Cloud Production Engineering | US, CA, Remote; US, NC, Remote; US, TX, Remote; US, CO, Remote; US, WA, Remote; US, Remote | 2026-09-11 — 25 applicants | https://nvidia.wd5.myworkdayjobs.com/NVIDIAExternalCareerSite/job/US-CA-Remote/Senior-Production-Engineer---DGX-Cloud_JR2018101
NEW Applied AI Engineer | US, CA, Remote; US, AZ, Remote; US, FL, Remote; US, CA, Santa Clara | 2026-09-11 | https://nvidia.wd5.myworkdayjobs.com/NVIDIAExternalCareerSite/job/US-CA-Remote/Applied-AI-Engineer_JR2018178-3
NEW Principal Partner Enablement Product Manager, AI Infrastructure | US, CA, Santa Clara | 2026-09-11 | https://nvidia.wd5.myworkdayjobs.com/NVIDIAExternalCareerSite/job/US-CA-Santa-Clara/Principal-Partner-Enablement-Product-Manager--AI-Infrastructure_JR2017274
NEW ODM Business Operations Manager | US, CA, Santa Clara | 2026-09-11 | https://nvidia.wd5.myworkdayjobs.com/NVIDIAExternalCareerSite/job/US-CA-Santa-Clara/ODM-Business-Operations-Manager_JR2006561
NEW Executive Assistant | US, CA, Santa Clara | 2026-09-11 | https://nvidia.wd5.myworkdayjobs.com/NVIDIAExternalCareerSite/job/US-CA-Santa-Clara/Executive-Assistant_JR2022902
NEW Applied AI Engineer | US, CA, Remote; US, GA, Remote; US, TX, Remote; US, AZ, Remote; US, FL, Remote; US, CA, Santa Clara | 2026-09-11 | https://nvidia.wd5.myworkdayjobs.com/NVIDIAExternalCareerSite/job/US-CA-Remote/Applied-AI-Engineer_JR2018181-1
NEW Senior Technical Support Engineer – Slurm | US, TX, Austin; US, Remote | 2026-09-11 — 25 applicants | https://nvidia.wd5.myworkdayjobs.com/NVIDIAExternalCareerSite/job/US-TX-Austin/Senior-Technical-Support-Engineer---Slurm_JR2025573
NEW Security Research Engineer, AI Safety and Security Engineering | US, CA, Santa Clara; US, NC, Remote; US, NY, Remote; US, TN, Remote; US, FL, Remote; US, CA, Remote | 2026-09-11 | https://nvidia.wd5.myworkdayjobs.com/NVIDIAExternalCareerSite/job/US-CA-Santa-Clara/Security-Research-Engineer--AI-Safety-and-Security-Engineering_JR2021887
NEW Enterprise AV Design and Collaboration Engineer | US, CA, Santa Clara | 2026-09-11 | https://nvidia.wd5.myworkdayjobs.com/NVIDIAExternalCareerSite/job/US-CA-Santa-Clara/Enterprise-AV-Design-and-Collaboration-Engineer_JR2025082
NEW Senior Software Engineer, AI Agent Compute | US, CA, Remote; US, NC, Remote | 2026-09-11 | https://nvidia.wd5.myworkdayjobs.com/NVIDIAExternalCareerSite/job/US-CA-Remote/Senior-Software-Engineer--AI-Agent-Compute_JR2025063
NEW Senior Staff Engineer - Employee Productivity | US, CA, Santa Clara | 2026-09-11 | https://nvidia.wd5.myworkdayjobs.com/NVIDIAExternalCareerSite/job/US-CA-Santa-Clara/Senior-Staff-Engineer---Employee-Productivity_JR2024564
NEW Staff Unified Communications Engineer | US, CA, Santa Clara | 2026-09-11 | https://nvidia.wd5.myworkdayjobs.com/NVIDIAExternalCareerSite/job/US-CA-Santa-Clara/Staff-Unified-Communications-Engineer_JR2025118
NEW Senior Staff Site Reliability Operations | US, WA, Seattle | 2026-09-11 | https://nvidia.wd5.myworkdayjobs.com/NVIDIAExternalCareerSite/job/US-WA-Seattle/Senior-Staff-Site-Reliability-Operations_JR2025124
NEW Senior Solution Architect, AI Infrastructure | US, DC, Remote | 2026-09-11 — 25 applicants | https://nvidia.wd5.myworkdayjobs.com/NVIDIAExternalCareerSite/job/US-DC-Remote/Senior-Solution-Architect--AI-Infrastructure_JR2025235
NEW Senior Staff Site Reliability Operations Technical Lead | US, NC, Durham | 2026-09-11 | https://nvidia.wd5.myworkdayjobs.com/NVIDIAExternalCareerSite/job/US-NC-Durham/Senior-Staff-Site-Reliability-Operations-Technical-Lead_JR2025122
NEW Senior Solutions Architect, Robotics Simulation | US, CA, Santa Clara; US, CA, Remote | 2026-09-11 | https://nvidia.wd5.myworkdayjobs.com/NVIDIAExternalCareerSite/job/US-CA-Santa-Clara/Senior-Solutions-Architect--Robotics-Simulation_JR2025348
NEW Senior AI and ML Software Engineer | US, CA, Santa Clara | 2026-09-11 | https://nvidia.wd5.myworkdayjobs.com/NVIDIAExternalCareerSite/job/US-CA-Santa-Clara/Senior-AI-and-ML-Software-Engineer_JR2025455
NEW Solutions Architecture Intern - Summer 2027 | US, CA, Santa Clara | 2026-09-11 | https://nvidia.wd5.myworkdayjobs.com/NVIDIAExternalCareerSite/job/US-CA-Santa-Clara/Solutions-Architecture-Intern---Summer-2027_JR2025245
NEW Distinguished Engineer, AI Safety and Security Engineering | US, CA, Santa Clara; US, NC, Remote; US, NY, Remote; US, TN, Remote; US, FL, Remote; US, CA, Remote | 2026-09-11 | https://nvidia.wd5.myworkdayjobs.com/NVIDIAExternalCareerSite/job/US-CA-Santa-Clara/Distinguished-Engineer--AI-Safety-and-Security-Engineering_JR2021883
NEW Senior C++ Software Engineer - Infrastructure Tools | US, CA, Santa Clara; US, MA, Westford; US, TX, Austin; US, NC, Durham | 2026-09-11 | https://nvidia.wd5.myworkdayjobs.com/NVIDIAExternalCareerSite/job/US-CA-Santa-Clara/Senior-C---Software-Engineer---Infrastructure-Tools_JR2018693
NEW Senior Hardware Security Architect | US, CA, Santa Clara | 2026-09-11 | https://nvidia.wd5.myworkdayjobs.com/NVIDIAExternalCareerSite/job/US-CA-Santa-Clara/Senior-Hardware-Security-Architect_JR2025548
NEW Senior High Performance AI Engineer, Agentic AI | US, CA, Santa Clara; US, GA, Remote; US, TX, Austin; US, TX, Remote; US, CA, Remote; US, WA, Redmond | 2026-09-11 | https://nvidia.wd5.myworkdayjobs.com/NVIDIAExternalCareerSite/job/US-CA-Santa-Clara/Senior-High-Performance-AI-Engineer--Agentic-AI_JR2025164
NEW Director, Server CPU Product Architecture | US, CA, Santa Clara; US, TX, Austin | 2026-09-11 | https://nvidia.wd5.myworkdayjobs.com/NVIDIAExternalCareerSite/job/US-CA-Santa-Clara/Director--Server-CPU-Product-Architecture_JR2025321
NEW Senior DFT Engineer | US, CA, Santa Clara; US, TX, Austin | 2026-09-11 | https://nvidia.wd5.myworkdayjobs.com/NVIDIAExternalCareerSite/job/US-CA-Santa-Clara/Senior-DFT-Engineer_JR2025616
NEW Senior Product Development Engineer | US, CA, Santa Clara | 2026-09-11 | https://nvidia.wd5.myworkdayjobs.com/NVIDIAExternalCareerSite/job/US-CA-Santa-Clara/Senior-Product-Development-Engineer_JR2025585
NEW … and 40 more (newposts.jsonl)
GONE Senior Developer Relations Manager - Telecom (first seen 2026-09-09)
GONE Distinguished Software Architect - Deep Learning and HPC Communications (first seen 2026-09-09)
GONE Senior Software Architect - Deep Learning and HPC Communications (first seen 2026-09-09)
GONE Senior DFT Engineer (first seen 2026-09-09)
GONE Senior DL Performance Efficiency Architect   (first seen 2026-09-09)
GONE Senior System Software Engineer - AV Platform (first seen 2026-09-09)
GONE Senior Product Engineer - Datacenter (first seen 2026-09-09)
GONE Senior Software Engineer - AI Inference Performance (first seen 2026-09-09)
GONE NVIDIA 2027 Internships: Ph.D. Research Autonomous Vehicles (first seen 2026-09-09)
GONE NVIDIA 2027 Internships: Ph.D. Research Computer Architecture and Systems (first seen 2026-09-09)
GONE NVIDIA 2027 Internships: Ph.D. Research Computer Vision and Deep Learning (first seen 2026-09-09)
GONE NVIDIA 2027 Internships: Ph.D. Research Graphics and Simulation (first seen 2026-09-09)
GONE NVIDIA 2027 Internships: Ph.D. Research Hardware (first seen 2026-09-09)
GONE NVIDIA 2027 Internships: Ph.D. Research Large Language Models (first seen 2026-09-09)
GONE NVIDIA 2027 Internships: Ph.D. Research Robotics (first seen 2026-09-09)
GONE NVIDIA 2027 Summer Internships: Ph.D. Engineering (first seen 2026-09-09)
GONE Account Manager - AI Natives (first seen 2026-09-09)
GONE Senior Staff Forward Deployed Engineer, Enterprise AI and Automation (first seen 2026-09-09)
GONE Manager, Tegra Software Chip (first seen 2026-09-09)
GONE Global Commodity Manager, Semiconductors (first seen 2026-09-09)
GONE … and 12 more (state file)
(2026-09-13T10:35:05)

NVIDIA board-watch 2026-09-14: +8 new, -0 gone (1403 active [nvidia_us_fulltime])
NEW GPU System Performance Architect | US, CA, Santa Clara; US, CO, Boulder; US, OR, Hillsboro | 2026-09-14 | https://nvidia.wd5.myworkdayjobs.com/NVIDIAExternalCareerSite/job/US-CA-Santa-Clara/GPU-System-Performance-Architect_JR2025475
NEW Senior Verification Engineer - Hardware | US, CA, Santa Clara | 2026-09-13 | https://nvidia.wd5.myworkdayjobs.com/NVIDIAExternalCareerSite/job/US-CA-Santa-Clara/Senior-Verification-Engineer---Hardware_JR2019800-1
NEW Senior Software Engineer, Agentic Engineering | US, CA, Santa Clara; US, CA, Remote | 2026-09-13 | https://nvidia.wd5.myworkdayjobs.com/NVIDIAExternalCareerSite/job/US-CA-Santa-Clara/Senior-Software-Engineer--Agentic-Engineering_JR2018162
NEW PhD Research Intern, Autonomous Systems and Physical AI Research - 2027 | US, CA, Santa Clara | 2026-09-13 | https://nvidia.wd5.myworkdayjobs.com/NVIDIAExternalCareerSite/job/US-CA-Santa-Clara/PhD-Research-Intern--Autonomous-Systems-and-Physical-AI-Research---2027_JR2024171
NEW Senior Software Engineer - Embedded Platform | US, CA, Santa Clara | 2026-09-13 | https://nvidia.wd5.myworkdayjobs.com/NVIDIAExternalCareerSite/job/US-CA-Santa-Clara/Senior-Software-Engineer---Embedded-Platform_JR2025588
NEW Senior System Software Engineer, Software-Defined Networking | US, CA, Remote; US, NC, Remote; US, TX, Remote; US, CO, Remote; US, WA, Remote | 2026-09-13 | https://nvidia.wd5.myworkdayjobs.com/NVIDIAExternalCareerSite/job/US-CA-Remote/Senior-System-Software-Engineer--Software-Defined-Networking_JR2025345-1
NEW Senior Systems Software Engineer - Machine Learning | US, CA, Santa Clara; US, NC, Durham | 2026-09-13 | https://nvidia.wd5.myworkdayjobs.com/NVIDIAExternalCareerSite/job/US-CA-Santa-Clara/Senior-Systems-Software-Engineer---Machine-Learning_JR2024968
NEW PhD Research Intern, Circuits - 2027 | US, CA, Santa Clara; US, NC, Durham | 2026-09-13 | https://nvidia.wd5.myworkdayjobs.com/NVIDIAExternalCareerSite/job/US-CA-Santa-Clara/PhD-Research-Intern--Circuits---2027_JR2024174
REPOSTED (14)
REPOSTED Custom SOC IP Verification Engineer (label reset 30+d→0d)
REPOSTED Senior Firmware Engineer – CSP Engagements (label reset 4d→1d)
REPOSTED Senior Software Engineer, Security (label reset 4d→1d)
REPOSTED Senior Storage Software Engineer, DGXC Data Services (label reset 4d→1d)
REPOSTED Senior Infrastructure Automation Engineer, Compute Platform - EDA Infrastructure (label reset 4d→1d)
REPOSTED Senior Distributed Software Engineer, Golang - DGX Cloud (label reset 4d→1d)
REPOSTED Senior Systems Software Engineer - GPU Performance at Scale (label reset 4d→1d)
REPOSTED Senior HPC Storage Engineer (label reset 5d→1d)
REPOSTED Senior Site Reliability Engineer - HPC (label reset 5d→1d)
REPOSTED Compute Platform Engineer, License Scheduling - EDA Infrastructure (label reset 4d→1d)
REPOSTED … and 4 more (reposts.jsonl)
(2026-09-14T13:24:45)

NVIDIA board-watch 2026-09-15: +14 new, -11 gone (1406 active [nvidia_us_fulltime])
NEW Senior Localization Engineer - Autonomous Vehicles | US, CA, Santa Clara; US, CA, Remote | 2026-09-14 — 81 applicants | https://nvidia.wd5.myworkdayjobs.com/NVIDIAExternalCareerSite/job/US-CA-Santa-Clara/Senior-Localization-Engineer---Autonomous-Vehicles_JR2014589
NEW Deep Learning Product Research Engineer | US, CA, Santa Clara | 2026-09-14 — 25 applicants | https://nvidia.wd5.myworkdayjobs.com/NVIDIAExternalCareerSite/job/US-CA-Santa-Clara/Deep-Learning-Product-Research-Engineer_JR2019482
NEW Senior System Software Engineer, Agentic Kernel Development | US, CA, Santa Clara | 2026-09-14 | https://nvidia.wd5.myworkdayjobs.com/NVIDIAExternalCareerSite/job/US-CA-Santa-Clara/Senior-System-Software-Engineer--Agentic-Kernel-Development_JR2025621
NEW Senior Software Engineer, Data Ingestion - Autonomous Vehicles | US, CA, Santa Clara; US, OR, Remote; US, WA, Remote; US, CA, Remote | 2026-09-14 — 25 applicants | https://nvidia.wd5.myworkdayjobs.com/NVIDIAExternalCareerSite/job/US-CA-Santa-Clara/Senior-Software-Engineer--Data-Ingestion---Autonomous-Vehicles_JR2025343
NEW Senior Software Engineer, Open Harness Engineering | US, CA, Remote; US, DC, Remote; US, TX, Remote; US, NY, Remote; US, CO, Remote | 2026-09-14 | https://nvidia.wd5.myworkdayjobs.com/NVIDIAExternalCareerSite/job/US-CA-Remote/Senior-Software-Engineer--Open-Harness-Engineering_JR2024798
NEW Senior Technical Program Manager - Nemotron | US, CA, Santa Clara | 2026-09-14 | https://nvidia.wd5.myworkdayjobs.com/NVIDIAExternalCareerSite/job/US-CA-Santa-Clara/Senior-Technical-Program-Manager---Nemotron_JR2017830
NEW Senior ASIC Design Engineer | US, CA, Santa Clara | 2026-09-14 | https://nvidia.wd5.myworkdayjobs.com/NVIDIAExternalCareerSite/job/US-CA-Santa-Clara/Senior-ASIC-Design-Engineer_JR2014978
NEW Senior Architect, GPU and SoC Modeling | US, CA, Santa Clara | 2026-09-14 | https://nvidia.wd5.myworkdayjobs.com/NVIDIAExternalCareerSite/job/US-CA-Santa-Clara/Senior-Architect--GPU-and-SoC-Modeling_JR2024896
NEW Principal AI Workflow Engineer | US, CA, Santa Clara | 2026-09-14 | https://nvidia.wd5.myworkdayjobs.com/NVIDIAExternalCareerSite/job/US-CA-Santa-Clara/Principal-AI-Workflow-Engineer_JR2025377
NEW Senior Developer Relations Manager, Capital Markets | US, NY, New York; US, NY, Remote; US, CA, Remote; US, CA, Santa Clara | 2026-09-14 — 25 applicants | https://nvidia.wd5.myworkdayjobs.com/NVIDIAExternalCareerSite/job/US-NY-New-York/Senior-Developer-Relations-Manager--Capital-Markets_JR2017419-1
NEW Senior Manager, Business Operations Procurement Management | US, OR, Remote; US, VA, Remote | 2026-09-14 | https://nvidia.wd5.myworkdayjobs.com/NVIDIAExternalCareerSite/job/US-OR-Remote/Senior-Manager--Business-Operations-Procurement-Management_JR2018862
NEW Senior Applied AI Engineer | US, CA, Santa Clara | 2026-09-14 | https://nvidia.wd5.myworkdayjobs.com/NVIDIAExternalCareerSite/job/US-CA-Santa-Clara/Senior-Applied-AI-Engineer_JR2025254-1
NEW Senior Software Engineer, Full-Stack | US, CA, Santa Clara | 2026-09-14 | https://nvidia.wd5.myworkdayjobs.com/NVIDIAExternalCareerSite/job/US-CA-Santa-Clara/Senior-Software-Engineer--Full-Stack_JR2022263
NEW Senior Systems Software Engineer - GPU Diagnostics | US, CA, Santa Clara | 2026-09-14 — 25 applicants | https://nvidia.wd5.myworkdayjobs.com/NVIDIAExternalCareerSite/job/US-CA-Santa-Clara/Senior-Systems-Software-Engineer---GPU-Diagnostics_JR2012287
GONE Senior Platform Engineer, Network Infrastructure - DGX Cloud (first seen 2026-09-09)
GONE Solutions Architect, WWFO - New College Graduate 2027 (first seen 2026-09-09)
GONE Senior Software Engineer, Evaluation Flywheel — Autonomous Vehicles (first seen 2026-09-09)
GONE Production Manager, Maps – Autonomous Vehicles (first seen 2026-09-09)
GONE Senior Software Engineer, Low Latency Physical AI Sensor Systems (first seen 2026-09-09)
GONE Senior Software Engineer - Python Numerical Computing Libraries (first seen 2026-09-09)
GONE Senior Technical Program Manager – Humanoid Robotics Operations (first seen 2026-09-09)
GONE Senior Electrical Product Engineer - Datacenter (first seen 2026-09-09)
GONE Senior Manager, Systems Software Engineering - GeForce NOW Cloud (first seen 2026-09-09)
GONE Principal SoC Architect - Hardware (first seen 2026-09-09)
GONE Client Platform Architect (first seen 2026-09-09)
REPOSTED (23)
REPOSTED Senior Engineering Manager, Infrastructure Security Engineering - DGX Cloud (label reset 9d→0d)
REPOSTED Senior Datacenter Technical Program Manager, At-Scale AI Clusters (label reset 5d→0d)
REPOSTED Senior Software Engineer, Core Infrastructure Services - DGX Cloud (label reset 5d→0d)
REPOSTED Senior Cloud Software Engineer, DGXC Data Services (label reset 5d→0d)
REPOSTED Senior System Software Engineer - CUDA Chips (label reset 14d→0d)
REPOSTED Principal Firmware Engineer - Data Center Server Management (label reset 13d→0d)
REPOSTED Senior Software Engineer, CUDA UMD - Graphs and GPU Sharing (label reset 14d→0d)
REPOSTED Software Engineering Manager - GPU Communications Libraries (label reset 11d→0d)
REPOSTED Senior Software Program Manager - Datacenter Compute Server (label reset 4d→0d)
REPOSTED Distinguished Engineer – Data Center System Software Architect (label reset 6d→0d)
REPOSTED … and 13 more (reposts.jsonl)
(2026-09-15T05:11:38)

