OKX board-watch 2026-10-02: +26 new, -0 gone (26 active [okx_us_fulltime])
NEW Accounting Manager  | San Jose, California, United States | Posted 247 Days Ago — 69 applicants | https://job-boards.greenhouse.io/okx/jobs/7608993003
NEW Compliance Analyst, Financial Crime Compliance QA | United States (US) | Posted 16 Days Ago — 168 applicants | https://job-boards.greenhouse.io/okx/jobs/7997638003
NEW Deputy General Counsel, Head of Americas Legal | New York, United States; San Jose, California, United States; United States (US) | Posted 8 Days Ago — 25 applicants | https://job-boards.greenhouse.io/okx/jobs/7986826003
NEW Deputy General Counsel, Strategic Partnerships & Institutions | New York, United States; San Jose, California, United States; United States (US); San Jose, United States (US); United States (US) | Posted 10 Days Ago — 25 applicants | https://job-boards.greenhouse.io/okx/jobs/8002788003
NEW Director, Lifecycle Marketing | New York, United States; San Jose, California, United States | Posted 123 Days Ago — 96 applicants | https://job-boards.greenhouse.io/okx/jobs/7753700003
NEW Head of Finance Operations | United States (US) | Posted 16 Days Ago — 157 applicants | https://job-boards.greenhouse.io/okx/jobs/7996695003
NEW Head of U.S. Derivatives Trading Technology | United States (US) | Posted 35 Days Ago — 65 applicants | https://job-boards.greenhouse.io/okx/jobs/7978985003
NEW Principal AI Engineer, AI Agent Development | San Jose, California, United States | Posted 213 Days Ago — 200 applicants | https://job-boards.greenhouse.io/okx/jobs/7650500003
NEW Principal AI Engineer, Chatbot Development | San Jose, California, United States | Posted 213 Days Ago — 133 applicants | https://job-boards.greenhouse.io/okx/jobs/7650506003
NEW Principal Product Manager, AI Infrastructure  | San Jose, California, United States | Posted 225 Days Ago — 200 applicants | https://job-boards.greenhouse.io/okx/jobs/7634881003
NEW Principal Product Manager, Growth | San Jose, California, United States | Posted 158 Days Ago — 112 applicants | https://job-boards.greenhouse.io/okx/jobs/7713617003
NEW Principal/Senior Product Manager, Payment  | San Jose, California, United States | Posted 82 Days Ago — 123 applicants | https://job-boards.greenhouse.io/okx/jobs/7800833003
NEW Senior Accountant | San Jose, California, United States; United States (US) | Posted 39 Days Ago — 103 applicants | https://job-boards.greenhouse.io/okx/jobs/7966539003
NEW Senior AI Full-Stack / Applications Engineer | San Jose, California, United States | Posted 72 Days Ago — 116 applicants | https://job-boards.greenhouse.io/okx/jobs/7813272003
NEW Senior AI Platform & Agentic Infrastructure Engineer | San Jose, California, United States | Posted 72 Days Ago — 150 applicants | https://job-boards.greenhouse.io/okx/jobs/7813260003
NEW Senior Fraud Risk Manager | New York, United States | Posted 3 Days Ago — 25 applicants | https://job-boards.greenhouse.io/okx/jobs/8008766003
NEW Senior HR Business Partner | United States (US) | Posted 10 Days Ago — 200 applicants | https://job-boards.greenhouse.io/okx/jobs/8002890003
NEW Senior HR Business Partner, Global Commercial Center | New York, United States | Posted 85 Days Ago — 124 applicants | https://job-boards.greenhouse.io/okx/jobs/7800123003
NEW Senior Manager, Financial Planning & Analysis | San Jose, California, United States | Posted 80 Days Ago — 68 applicants | https://job-boards.greenhouse.io/okx/jobs/7803296003
NEW Senior Mobile Engineer (Card & Payment) | San Jose, California, United States | Posted 52 Days Ago — 33 applicants | https://job-boards.greenhouse.io/okx/jobs/7850427003
NEW Senior Software Engineer, Payment | San Jose, California, United States | Posted 36 Days Ago — 82 applicants | https://job-boards.greenhouse.io/okx/jobs/7978592003
NEW Senior/Staff Software Engineer, Mobile Trading | San Jose, California, United States | Posted 95 Days Ago — 37 applicants | https://job-boards.greenhouse.io/okx/jobs/7786381003
NEW Sr Data Scientist, Risk Strategy | San Jose, California, United States | Posted 296 Days Ago — 200 applicants | https://job-boards.greenhouse.io/okx/jobs/7552740003
NEW Sr Product Manager, Risk Platform | San Jose, California, United States | Posted 288 Days Ago — 133 applicants | https://job-boards.greenhouse.io/okx/jobs/7551337003
NEW Talent Acquisition Specialist | San Jose, California, United States; United States (US) | Posted 38 Days Ago — 96 applicants | https://job-boards.greenhouse.io/okx/jobs/7977145003
NEW … and 1 more (newposts.jsonl)
(2026-10-02T13:20:02)

