OmniVision board-watch 2026-09-30: +62 new, -0 gone (62 active [omnivision_us_fulltime])
NEW Analog CAD Engineer | Santa Clara, California | 2026-02-04 — 127 applicants | https://jobs.jobvite.com/ovt/job/owqyzfwN
NEW Analog Design Engineer | Santa Clara, California | 2025-12-18 — 200 applicants | https://jobs.jobvite.com/ovt/job/oLz6yfwI
NEW Analog Design Engineer | Santa Clara, California | 2026-02-03 — 62 applicants | https://jobs.jobvite.com/ovt/job/oT1yzfwL
NEW Analog Design Engineer | Irvine, California | 2026-02-03 — 200 applicants | https://jobs.jobvite.com/ovt/job/om1yzfwe
NEW Analog Design Engineer | Santa Clara, California | 2026-06-08 — 186 applicants | https://jobs.jobvite.com/ovt/job/oUgjAfwN
NEW Analog Design Engineer | Irvine, California | 2026-02-20 — 200 applicants | https://jobs.jobvite.com/ovt/job/ohaIzfws
NEW Analog Design Engineer | Santa Clara, California | 2025-06-20 — 62 applicants | https://jobs.jobvite.com/ovt/job/ob7owfwW
NEW Analog Mixed-Signal Design Engineer | Santa Clara, California | 2026-06-08 — 88 applicants | https://jobs.jobvite.com/ovt/job/ojejAfwa
NEW Analog-Mixed Signal Design Engineer | Santa Clara, California | 2026-02-26 — 147 applicants | https://jobs.jobvite.com/ovt/job/oA9KzfwM
NEW Analog-Mixed Signal Design Engineer | Santa Clara, California | 2025-10-20 — 200 applicants | https://jobs.jobvite.com/ovt/job/opKJyfwa
NEW Analog-Mixed Signal Design Engineer | Santa Clara, California | 2026-04-03 — 110 applicants | https://jobs.jobvite.com/ovt/job/oK5Wzfw4
NEW Design Characterization Engineer | Santa Clara, California | 2026-03-18 — 135 applicants | https://jobs.jobvite.com/ovt/job/oAQQzfwz
NEW Design Characterization Engineer | Irvine, California | 2026-04-06 — 104 applicants | https://jobs.jobvite.com/ovt/job/oGoWzfwj
NEW Digital Design Engineer | Irvine, California | 2026-03-27 — 200 applicants | https://jobs.jobvite.com/ovt/job/owQTzfwy
NEW Digital Design Engineer | Irvine, California | 2026-02-05 — 200 applicants | https://jobs.jobvite.com/ovt/job/oa1zzfw3
NEW Document Control Administrator | Santa Clara, California | 2026-02-17 | https://jobs.jobvite.com/ovt/job/ojHGzfwZ
NEW IT Support Engineer | Santa Clara, California | 2026-03-16 — 200 applicants | https://jobs.jobvite.com/ovt/job/oFkQzfw8
NEW Optical Engineer | Santa Clara, California | 2025-07-25 — 200 applicants | https://jobs.jobvite.com/ovt/job/oQUOwfwO
NEW Partnership Business Development Manager (Global – Medical Imaging & Embedded Systems) | Santa Clara, California | 2026-04-27 — 27 applicants | https://jobs.jobvite.com/ovt/job/oXK2zfw2
NEW Pixel Design Engineer – Process R&D | Santa Clara, California | 2026-02-12 — 63 applicants | https://jobs.jobvite.com/ovt/job/oEaFzfwM
NEW Principal Image Sensor Technology Engineer | Santa Clara, California | 2024-04-01 — 123 applicants | https://jobs.jobvite.com/ovt/job/oohGsfwx
NEW Product Engineer | Santa Clara, California | 2026-02-03 — 180 applicants | https://jobs.jobvite.com/ovt/job/ou1yzfwm
NEW Product Engineer | Santa Clara, California | 2026-02-23 — 180 applicants | https://jobs.jobvite.com/ovt/job/on1Jzfwq
NEW Product Marketing Engineer | Santa Clara, California | 2026-02-04 — 118 applicants | https://jobs.jobvite.com/ovt/job/obzyzfwB
NEW Product Marketing Engineer | Santa Clara, California | 2026-05-07 — 48 applicants | https://jobs.jobvite.com/ovt/job/oxa6zfw6
NEW … and 37 more (newposts.jsonl)
(2026-09-30T13:31:42)

OmniVision board-watch 2026-10-02: +0 new, -1 gone (61 active [omnivision_us_fulltime])
GONE Sr. Manager - IT Security (first seen 2026-09-30)
(2026-10-02T03:51:00)

