POIZON board-watch 2026-09-27: +3 new, -0 gone (3 active [poizon_us_fulltime])
NEW Business Development-US | Brooklyn | 2025-11-14 | https://poizon.jobs.feishu.cn/index/position/7572394573919979795/detail
NEW 美国商家运营 | Brooklyn; Shanghai | 2025-07-08 | https://poizon.jobs.feishu.cn/index/position/7524541056400492826/detail
NEW 品牌研究运营（美国） | Los Angeles; Essex County | 2024-04-11 | https://poizon.jobs.feishu.cn/index/position/7356547414055029028/detail
(2026-09-27T12:41:15)

POIZON board-watch 2026-10-07: +12 new, -0 gone (15 active [poizon_us_fulltime])
NEW 国际-港澳台商机招商 | Hong Kong (China) | 2026-09-07 | https://poizon.jobs.feishu.cn/index/position/7682629034660104490/detail
NEW 한국 현지 이커머스 스토어 운영매니저（韩国开店运营） | Seoul | 2026-08-18 | https://poizon.jobs.feishu.cn/index/position/7675255293420783914/detail
NEW 国际-港澳台招运一体【标品类目/美妆个护/3c数码】 | Shanghai; Hong Kong (China) | 2026-08-10 | https://poizon.jobs.feishu.cn/index/position/7672308280341121289/detail
NEW 【SG】-后端开发工程师 | Singapore | 2026-04-29 | https://poizon.jobs.feishu.cn/index/position/7634145791447976211/detail
NEW (Sr.) Business Development Manager- HK | Hong Kong (China) | 2025-12-03 | https://poizon.jobs.feishu.cn/index/position/7579532386560575786/detail
NEW 日本鉴别师 | Tokyo | 2025-09-22 | https://poizon.jobs.feishu.cn/index/position/7552888361754806571/detail
NEW 高级Java开发工程师/开发专家 | Singapore | 2025-07-17 | https://poizon.jobs.feishu.cn/index/position/7527971188661881129/detail
NEW 欧洲-德国商家运营 | Berlin | 2025-06-18 | https://poizon.jobs.feishu.cn/index/position/7517240069578033418/detail
NEW 品牌研究运营（日本） | Tokyo | 2025-01-10 | https://poizon.jobs.feishu.cn/index/position/7458224611781904676/detail
NEW EU-AM/BD | London; Berlin | 2024-12-25 | https://poizon.jobs.feishu.cn/index/position/7452244062138730788/detail
NEW 【日本】招商经理-セラー新規開拓営業 | Tokyo | 2024-12-12 | https://poizon.jobs.feishu.cn/index/position/7447347907362539814/detail
NEW 欧洲-德国招商 | Berlin | 2024-01-08 | https://poizon.jobs.feishu.cn/index/position/7321601119900207369/detail
(2026-10-07T04:19:18)

POIZON board-watch 2026-10-08: +1 new, -0 gone (16 active [poizon_us_fulltime])
NEW 运营实习生-日本东京 | Tokyo | 2025-04-25 | https://poizon.jobs.feishu.cn/index/position/7497125499015121189/detail
(2026-10-08T14:19:41)

