Polestar board-watch 2026-10-11: +22 new, -0 gone (22 active [polestar_us_fulltime])
NEW Internship | Retail Network | Cologne, Central Europe | 2024-01-17 | https://polestar.teamtailor.com/jobs/3528756-internship-retail-network
NEW Senior Customs Operations Specialist | Göteborg, Nordics & UK | 2026-10-02 | https://polestar.teamtailor.com/jobs/8476851-senior-customs-operations-specialist
NEW Team Lead, Group Consolidation | Göteborg, Nordics & UK | 2026-09-28 | https://polestar.teamtailor.com/jobs/7592571-team-lead-group-consolidation
NEW Product Cybersecurity Engineer | Göteborg, Nordics & UK | 2026-09-23 | https://polestar.teamtailor.com/jobs/8311441-product-cybersecurity-engineer
NEW Internal Fleet Coordinator | Brussels, EMEA | 2026-09-22 | https://polestar.teamtailor.com/jobs/8433714-internal-fleet-coordinator
NEW Head of Financial Planning & Analysis | Göteborg, Nordics & UK | 2026-09-22 | https://polestar.teamtailor.com/jobs/8390141-head-of-financial-planning-analysis
NEW PoD Coordinator  | Operations | Vienna, Central Europe | 2026-09-16 | https://polestar.teamtailor.com/jobs/8390203-pod-coordinator-operations
NEW Manager Fleet Sales | Beesd, EMEA | 2026-09-04 | https://polestar.teamtailor.com/jobs/8322367-manager-fleet-sales
NEW HR Projects Admin (Fixed-Term Contract- 6 Months) | Bicester, Nordics & UK | 2026-08-28 | https://polestar.teamtailor.com/jobs/8284793-hr-projects-admin-fixed-term-contract-6-months
NEW Information Security Coordinator | Seoul, APEC | 2026-08-25 | https://polestar.teamtailor.com/jobs/8263044-information-security-coordinator
NEW Cybersecurity Engineer | Göteborg, Nordics & UK | 2026-08-24 | https://polestar.teamtailor.com/jobs/8260328-cybersecurity-engineer
NEW Corporate Legal Counsel | Göteborg, Nordics & UK | 2026-08-21 | https://polestar.teamtailor.com/jobs/8255359-corporate-legal-counsel
NEW Group Control Assurance Specialist | Göteborg, Nordics & UK | 2026-08-21 | https://polestar.teamtailor.com/jobs/8253125-group-control-assurance-specialist
NEW Leasing & Direct Accounts Manager  | Germany | Cologne, Central Europe | 2026-08-04 | https://polestar.teamtailor.com/jobs/8170407-leasing-direct-accounts-manager-germany
NEW Order Specialist (Young Graduate) | Brussels, EMEA | 2026-07-24 | https://polestar.teamtailor.com/jobs/8119049-order-specialist-young-graduate
NEW Group Category Manager – Digital | Göteborg, Nordics & UK | 2026-07-10 | https://polestar.teamtailor.com/jobs/8052272-group-category-manager-digital
NEW Aftersales Lead | Norway | Oslo, Nordics & UK | 2026-07-08 | https://polestar.teamtailor.com/jobs/8040532-aftersales-lead-norway
NEW Senior Software Developer | Göteborg, Nordics & UK | 2026-07-07 | https://polestar.teamtailor.com/jobs/7978713-senior-software-developer
NEW Senior Quality Assurance Engineer | Göteborg, Nordics & UK | 2026-06-25 | https://polestar.teamtailor.com/jobs/7973296-senior-quality-assurance-engineer
NEW Public Relations & Events Manager | Mascouche, Canada | 2026-06-01 | https://polestar.teamtailor.com/jobs/7831116-public-relations-events-manager
NEW Space Specialist (Nantes) | Nantes, EMEA | 2026-05-13 | https://polestar.teamtailor.com/jobs/7731796-space-specialist-nantes
NEW Customer Engagement Advisor | Bicester, Nordics & UK | 2025-10-10 | https://polestar.teamtailor.com/jobs/6595224-customer-engagement-advisor
(2026-10-11T00:35:19)

