Pop Mart board-watch 2026-09-30: +24 new, -0 gone (24 active [popmart_us_fulltime])
NEW Construction Project Manager | California | 2026-09-21 — 43 applicants | https://popmart.wd102.myworkdayjobs.com/popmart/job/California/Construction-Project-Manager_JR100712
NEW Senior Real Estate Manager | California; New York | 2026-09-14 — 61 applicants | https://popmart.wd102.myworkdayjobs.com/popmart/job/California/Senior-Real-Estate-Manager_JR100714
NEW Real Estate Manager | California; Remote (Texas); New York | 2026-09-14 — 25 applicants | https://popmart.wd102.myworkdayjobs.com/popmart/job/California/Real-Estate-Manager_JR101313-1
NEW Retail Assistant Manager- Mall of America | MOA - Mall of America | 2026-09-29 — 25 applicants | https://popmart.wd102.myworkdayjobs.com/popmart/job/MOA---Mall-of-America/Retail-Assistant-Manager--Mall-of-America_JR101656
NEW Retail Store Manager- Walt Whitman | Walt Whitman | 2026-09-29 — 25 applicants | https://popmart.wd102.myworkdayjobs.com/popmart/job/Walt-Whitman/Retail-Store-Manager--Walt-Whitman_JR101365
NEW Retail Assistant Store Manager - Desert Hills Premium | Desert Hill Premium | 2026-09-29 — 25 applicants | https://popmart.wd102.myworkdayjobs.com/popmart/job/Desert-Hill-Premium/Retail-Assistant-Store-Manager---Desert-Hills-Premium_JR101487
NEW Retail Store Manager - Galleria at Tyler | Galleria at Tyler | 2026-09-29 — 25 applicants | https://popmart.wd102.myworkdayjobs.com/popmart/job/Galleria-at-Tyler/Retail-Store-Manager--Galleria-at-Tyler_JR101110
NEW Retail Assistant Store Manager - San Francisco Premium | San Francisco Premium | 2026-09-29 — 25 applicants | https://popmart.wd102.myworkdayjobs.com/popmart/job/San-Francisco-Premium/Retail-Assistant-Store-Manager--San-Francisco-Premium_JR101057-1
NEW Retail Sales Lead - Arden Fair | AF - Arden Fair | 2026-09-29 — 25 applicants | https://popmart.wd102.myworkdayjobs.com/popmart/job/AF---Arden-Fair/Retail-Sales-Lead---Arden-Fair_JR101418
NEW Retail Store Manager - Desert Hills Premium | Desert Hill Premium | 2026-09-29 — 25 applicants | https://popmart.wd102.myworkdayjobs.com/popmart/job/Desert-Hill-Premium/Retail-Store-Manager--Desert-Hills-Premium_JR101111
NEW Retail Sales Lead - 200 Powell Street | POW - 200 Powell Street | 2026-09-29 — 25 applicants | https://popmart.wd102.myworkdayjobs.com/popmart/job/POW---200-Powell-Street/Sales-Lead_JR101038
NEW Retail Store Manager - Galleria at Roseville | ROSE - Galleria at Roseville | 2026-09-29 — 25 applicants | https://popmart.wd102.myworkdayjobs.com/popmart/job/ROSE---Galleria-at-Roseville/Retail-Store-Manager---Galleria-at-Roseville_JR101516
NEW Retail Store Manager - Jordan Creek | Iowa | 2026-09-28 — 25 applicants | https://popmart.wd102.myworkdayjobs.com/popmart/job/Iowa/Retail-Store-Manager---Jordan-Creek-Town_JR101213
NEW Retail Assistant Manager- Potomac Mills Mall | Virginia | 2026-09-25 — 25 applicants | https://popmart.wd102.myworkdayjobs.com/popmart/job/Virginia/Retail-Assistant-Manager--Potomac-Mills-Mall_JR101650
NEW Sr. HR Compliance Specialist. | California | 2026-09-24 — 34 applicants | https://popmart.wd102.myworkdayjobs.com/popmart/job/California/HR-Operations-Coordinator_JR100762
NEW Retail Store Manager - King of Prussia Mall | King of Prussia | 2026-09-23 — 25 applicants | https://popmart.wd102.myworkdayjobs.com/popmart/job/King-of-Prussia/Retail-Store-Manager---King-of-Prussia-Mall_JR101632
NEW Insurance & Risk Coordinator | California | 2026-09-23 — 32 applicants | https://popmart.wd102.myworkdayjobs.com/popmart/job/California/Insurance---Risk-Coordinator_JR101638
NEW District Manager (DMV) | Washington DC | 2026-09-23 — 87 applicants | https://popmart.wd102.myworkdayjobs.com/popmart/job/Washington-DC/District-Manager--DMV-_JR101561
NEW Retail Assistant Manager- Annapolis Mall | Maryland | 2026-09-22 — 25 applicants | https://popmart.wd102.myworkdayjobs.com/popmart/job/Maryland/Retail-Assistant-Manager--Annapolis-Mall_JR101627
NEW Retail Store Manager - Annapolis Mall | Maryland | 2026-09-22 — 46 applicants | https://popmart.wd102.myworkdayjobs.com/popmart/job/Maryland/Retail-Store-Manager---Annapolis-Mall_JR101626-1
NEW Retail Assistant Manager- Sawgrass Mills Mall | Florida | 2026-09-22 — 25 applicants | https://popmart.wd102.myworkdayjobs.com/popmart/job/Florida/Retail-Assistant-Manager--Sawgrass-Mills-Mall_JR101624
NEW Retail Sales Lead- World Trade Center Mall | New York | 2026-09-22 | https://popmart.wd102.myworkdayjobs.com/popmart/job/New-York/Retail-Sales-Lead--World-Trade-Center-Mall_JR101258
NEW Retail Assistant Store Manager - Brea | California | 2026-09-22 — 25 applicants | https://popmart.wd102.myworkdayjobs.com/popmart/job/California/Retail-Assistant-Store-Manager---Brea_JR101621
NEW Retail Assistant Manager- Walt Whitman Mall | New York | 2026-09-22 — 25 applicants | https://popmart.wd102.myworkdayjobs.com/popmart/job/New-York/Retail-Assistant-Manager--Walt-Whitman-Mall_JR101618
(2026-09-30T13:21:11)

