Power Solutions International board-watch 2026-10-11: +45 new, -0 gone (45 active [psi_us_fulltime])
NEW Quality Engineer II | WI Darien - Darien, WI 53114; WI Beloit - Beloit, WI 53511 |  — 45 applicants | https://www.paycomonline.net/v4/ats/web.php/portal/39DCF574C16448FF09ADD3EF809F9EF2/career-page
NEW Assembly Team Member - Itasca  | IL 1465 - Itasca, IL 60143 |  — 25 applicants | https://www.paycomonline.net/v4/ats/web.php/portal/39DCF574C16448FF09ADD3EF809F9EF2/career-page
NEW Assembly Team Member - Itasca  | IL 1465 - Itasca, IL 60143 |  — 25 applicants | https://www.paycomonline.net/v4/ats/web.php/portal/39DCF574C16448FF09ADD3EF809F9EF2/career-page
NEW Manufacturing Engineer | WI Darien - Darien, WI 53114 |  — 25 applicants | https://www.paycomonline.net/v4/ats/web.php/portal/39DCF574C16448FF09ADD3EF809F9EF2/career-page
NEW Electrical Engineer | WI Darien - Darien, WI 53114 |  — 83 applicants | https://www.paycomonline.net/v4/ats/web.php/portal/39DCF574C16448FF09ADD3EF809F9EF2/career-page
NEW Senior Accountant | IL 1465 - Itasca, IL 60143 |  | https://www.paycomonline.net/v4/ats/web.php/portal/39DCF574C16448FF09ADD3EF809F9EF2/career-page
NEW Manufacturing Engineer | WI Darien - Darien, WI 53114 |  — 25 applicants | https://www.paycomonline.net/v4/ats/web.php/portal/39DCF574C16448FF09ADD3EF809F9EF2/career-page
NEW Assembly Team Member - Wood Dale | Corporate Headquarters 201 - Wood Dale, IL 60191 |  | https://www.paycomonline.net/v4/ats/web.php/portal/39DCF574C16448FF09ADD3EF809F9EF2/career-page
NEW Assembly Team Member - Wood Dale | Corporate Headquarters 201 - Wood Dale, IL 60191 |  | https://www.paycomonline.net/v4/ats/web.php/portal/39DCF574C16448FF09ADD3EF809F9EF2/career-page
NEW Engineering Technician III | IL Burr Ridge - Burr Ridge, IL 60527 |  | https://www.paycomonline.net/v4/ats/web.php/portal/39DCF574C16448FF09ADD3EF809F9EF2/career-page
NEW Field Service Technician for Jackson, Mississippi | WI Remote - Darien, WI 53114 |  — 25 applicants | https://www.paycomonline.net/v4/ats/web.php/portal/39DCF574C16448FF09ADD3EF809F9EF2/career-page
NEW Engine Mechanic | MI Waterford - Waterford, MI 48339 |  — 25 applicants | https://www.paycomonline.net/v4/ats/web.php/portal/39DCF574C16448FF09ADD3EF809F9EF2/career-page
NEW Field Service Technician for Columbus, Ohio | WI Remote - Darien, WI 53114 |  — 25 applicants | https://www.paycomonline.net/v4/ats/web.php/portal/39DCF574C16448FF09ADD3EF809F9EF2/career-page
NEW Epicor Business Analyst | IL 1465 - Itasca, IL 60143 |  — 101 applicants | https://www.paycomonline.net/v4/ats/web.php/portal/39DCF574C16448FF09ADD3EF809F9EF2/career-page
NEW Senior Accountant | WI Darien - Darien, WI 53114 |  | https://www.paycomonline.net/v4/ats/web.php/portal/39DCF574C16448FF09ADD3EF809F9EF2/career-page
NEW Warranty Technician | IL 1465 - Itasca, IL 60143 |  | https://www.paycomonline.net/v4/ats/web.php/portal/39DCF574C16448FF09ADD3EF809F9EF2/career-page
NEW Field Service Technician for Jackson, Mississippi | WI Remote - Darien, WI 53114 |  — 25 applicants | https://www.paycomonline.net/v4/ats/web.php/portal/39DCF574C16448FF09ADD3EF809F9EF2/career-page
NEW Electrical Controls Engineer 2 | WI Darien - Darien, WI 53114 |  — 25 applicants | https://www.paycomonline.net/v4/ats/web.php/portal/39DCF574C16448FF09ADD3EF809F9EF2/career-page
NEW Materials Team Member Heavy Haul - Level 1 | WI Beloit - Beloit, WI 53511 |  — 25 applicants | https://www.paycomonline.net/v4/ats/web.php/portal/39DCF574C16448FF09ADD3EF809F9EF2/career-page
NEW Materials Team Member- 1st Shift  | Corporate Headquarters 201 - Wood Dale, IL 60191 |  — 25 applicants | https://www.paycomonline.net/v4/ats/web.php/portal/39DCF574C16448FF09ADD3EF809F9EF2/career-page
NEW Assembly Team Member  | Corporate Headquarters 201 - Wood Dale, IL 60191; IL 1465 - Itasca, IL 60143 |  | https://www.paycomonline.net/v4/ats/web.php/portal/39DCF574C16448FF09ADD3EF809F9EF2/career-page
NEW Materials Team Member- 1st Shift 7:30AM - 4:00PM | Corporate Headquarters 201 - Wood Dale, IL 60191 |  — 25 applicants | https://www.paycomonline.net/v4/ats/web.php/portal/39DCF574C16448FF09ADD3EF809F9EF2/career-page
NEW Assembly Team Member 1st shift- 5:00AM: 3:30PM M-F | WI Beloit - Beloit, WI 53511 |  — 25 applicants | https://www.paycomonline.net/v4/ats/web.php/portal/39DCF574C16448FF09ADD3EF809F9EF2/career-page
NEW Assembly Team Member 1st shift- 5:00AM: 3:30PM M-F | WI Darien - Darien, WI 53114 |  — 25 applicants | https://www.paycomonline.net/v4/ats/web.php/portal/39DCF574C16448FF09ADD3EF809F9EF2/career-page
NEW Materials Team Member - 1st Shift - Global Supply | WI Darien - Darien, WI 53114 |  — 25 applicants | https://www.paycomonline.net/v4/ats/web.php/portal/39DCF574C16448FF09ADD3EF809F9EF2/career-page
NEW … and 20 more (newposts.jsonl)
(2026-10-11T00:31:58)

