Reolink board-watch 2026-10-09: +69 new, -0 gone (69 active [reolink_us_fulltime])
NEW Accountant | Group Consolidation - US & Europe | Singapore | Posted 50 Days Ago | https://job-boards.greenhouse.io/reolink/jobs/4373335009
NEW Advertising Specialist [ Google Ads, Performance Max (PMax) ] | Singapore | Posted 28 Days Ago | https://job-boards.greenhouse.io/reolink/jobs/4403170009
NEW AI Algorithms Specialist | Machine Learning | NPU / GPU | Singapore | Posted 182 Days Ago | https://job-boards.greenhouse.io/reolink/jobs/4215249009
NEW AI Algorithms Specialist - Senior (PhD Holder) | Singapore | Posted 16 Days Ago | https://job-boards.greenhouse.io/reolink/jobs/4417478009
NEW Associate Accountant (Entry-Level / Fresh Graduates) | KL ECO CITY | Posted 136 Days Ago | https://job-boards.greenhouse.io/reolink/jobs/4258548009
NEW Associate Accountant (Entry-Level / Fresh Graduates) | KL ECO CITY | Posted 58 Days Ago | https://job-boards.greenhouse.io/reolink/jobs/4362903009
NEW B2B Sales | KL Eco City | Posted 115 Days Ago | https://job-boards.greenhouse.io/reolink/jobs/4285918009
NEW Business Development Manager | Jakarta | Posted 150 Days Ago | https://job-boards.greenhouse.io/reolink/jobs/4244827009
NEW Business Development Manager – Spain | Spain | Posted 115 Days Ago | https://job-boards.greenhouse.io/reolink/jobs/4287021009
NEW Chief Accountant | Singapore | Posted 24 Days Ago | https://job-boards.greenhouse.io/reolink/jobs/4406365009
NEW Content & Copy Manager – DACH | Düsseldorf | Posted 15 Days Ago | https://job-boards.greenhouse.io/reolink/jobs/4419123009
NEW Costing Accountant | Group Finance | Singapore | Posted 28 Days Ago | https://job-boards.greenhouse.io/reolink/jobs/4403156009
NEW Creative & Design Manager – DACH | Düsseldorf | Posted 15 Days Ago | https://job-boards.greenhouse.io/reolink/jobs/4417522009
NEW Data Analyst (E-Commerce Team) | Singapore | Posted 28 Days Ago | https://job-boards.greenhouse.io/reolink/jobs/4403161009
NEW Digital Advertising Specialist / Senior (Meta & Google Ads) | Singapore | Posted 66 Days Ago | https://job-boards.greenhouse.io/reolink/jobs/4354050009
NEW eCommerce Analyst [ Google Analytics | CPC | CRO] | Singapore | Posted 99 Days Ago | https://job-boards.greenhouse.io/reolink/jobs/4303351009
NEW E-Commerce Executive / Specialist (Senior) | Singapore | Posted 23 Days Ago | https://job-boards.greenhouse.io/reolink/jobs/4407850009
NEW eCommerce Manager (US & Euro D2C Markets) | Singapore | Posted 154 Days Ago | https://job-boards.greenhouse.io/reolink/jobs/4243720009
NEW E-Commerce Operation(Entry-Level / Fresh Graduates) | KL Eco City Kuala Lumpur | Posted 79 Days Ago | https://job-boards.greenhouse.io/reolink/jobs/4323775009
NEW E-Commerce Operation（Entry-Level / Fresh Graduates） | KL Eco City Kuala Lumpur | Posted 169 Days Ago | https://job-boards.greenhouse.io/reolink/jobs/4229586009
NEW E-commerce Operations Manager | KL Eco City | Posted 74 Days Ago | https://job-boards.greenhouse.io/reolink/jobs/4331722009
NEW E-commerce Operations（Shopfiy/Website） | Kuala Lumpur | Posted 177 Days Ago | https://job-boards.greenhouse.io/reolink/jobs/4221750009
NEW e-Comm & Online Sales Manager (US, Europe, Australia Markets) | Singapore | Posted 28 Days Ago | https://job-boards.greenhouse.io/reolink/jobs/4403164009
NEW Finance Intern / Assistant (Entry or Junior) | Singapore | Posted 15 Days Ago | https://job-boards.greenhouse.io/reolink/jobs/4419029009
NEW Finance Manager | Harffstrasse 38A 40591 Duesseldorf | Posted 71 Days Ago | https://job-boards.greenhouse.io/reolink/jobs/4339921009
NEW … and 44 more (newposts.jsonl)
(2026-10-09T04:28:41)

