Retell AI board-watch 2026-10-02: +22 new, -0 gone (22 active [retellai_us_fulltime])
NEW Senior Product Designer | San Francisco Bay Area | Posted 256 Days Ago | https://jobs.ashbyhq.com/retell-ai/9b165c15-aa78-49a7-a755-8c2379fd5416
NEW Senior Software Engineer, Backend | San Francisco Bay Area | Posted 668 Days Ago | https://jobs.ashbyhq.com/retell-ai/3e4fa860-4673-49bf-b577-57e73b6292fe
NEW Senior Software Engineer, Full Stack | San Francisco Bay Area | Posted 361 Days Ago | https://jobs.ashbyhq.com/retell-ai/dc995420-9909-4867-83f4-0816fe758a6f
NEW Senior Forward Deployed Engineer | San Francisco Bay Area | Posted 589 Days Ago | https://jobs.ashbyhq.com/retell-ai/5652ab47-6c89-4889-a507-7a3a943c3669
NEW Senior Software Engineer, Frontend | San Francisco Bay Area | Posted 319 Days Ago | https://jobs.ashbyhq.com/retell-ai/26e3aa9d-f22d-4870-8db5-bb488c207559
NEW Staff Engineer, Platform & Systems | San Francisco Bay Area | Posted 236 Days Ago | https://jobs.ashbyhq.com/retell-ai/b408ee8c-69af-4be3-a4a3-12ed5766fe1f
NEW Internal Deployed Engineer | San Francisco Bay Area | Posted 68 Days Ago | https://jobs.ashbyhq.com/retell-ai/2e3f3930-0949-4b86-8ed1-7f5d9e068c87
NEW Founding Strategic Partnerships, Cloud & Alliances | San Francisco Bay Area | Posted 28 Days Ago | https://jobs.ashbyhq.com/retell-ai/b3f5abf4-e92a-4cdb-9358-d0d01e5e2205
NEW Founders Initiatives, AI Agents | San Francisco Bay Area | Posted 113 Days Ago | https://jobs.ashbyhq.com/retell-ai/21cf0117-6b44-40df-96ea-0fb2d1d0892f
NEW Founders Initiatives, Technical Ex-Founders | San Francisco Bay Area | Posted 113 Days Ago | https://jobs.ashbyhq.com/retell-ai/7961d60d-cadd-45af-9635-6efaeb04a14d
NEW Enterprise Account Executive | San Francisco Bay Area | Posted 79 Days Ago | https://jobs.ashbyhq.com/retell-ai/26bbe240-4f9f-4414-8807-ee58270726d8
NEW Senior Product Manager | San Francisco Bay Area | Posted 63 Days Ago | https://jobs.ashbyhq.com/retell-ai/0a2439c0-5caf-4e79-89ae-c916e460b6d0
NEW Software Engineer (New Grad) | San Francisco Bay Area | Posted 60 Days Ago | https://jobs.ashbyhq.com/retell-ai/ea775189-0496-43d8-a386-df8148265463
NEW Software Engineer, Founders Initiatives  | San Francisco Bay Area | Posted 60 Days Ago | https://jobs.ashbyhq.com/retell-ai/46400d61-feca-45f9-9000-563b8994f60f
NEW Senior Forward Deployed Engineer (Mandarin Fluency Required) | San Francisco Bay Area | Posted 58 Days Ago | https://jobs.ashbyhq.com/retell-ai/7a614b87-2dd8-4723-ae79-7cdca82aac73
NEW Senior Forward Deployed Engineer (Spanish Fluency Required) | San Francisco Bay Area | Posted 50 Days Ago — 25 applicants | https://jobs.ashbyhq.com/retell-ai/e6b26f71-d747-4f1d-8756-e6cf91ee1e50
NEW Senior Counsel | San Francisco Bay Area | Posted 3 Days Ago | https://jobs.ashbyhq.com/retell-ai/f05f065a-a20e-418c-8c73-dad53ea64a21
NEW Procurement Manager | San Francisco Bay Area | Posted 14 Days Ago | https://jobs.ashbyhq.com/retell-ai/05d85a26-48cd-44ed-aeff-917118bf507d
NEW Enterprise Account Manager | San Francisco Bay Area | Posted 13 Days Ago | https://jobs.ashbyhq.com/retell-ai/21574bc5-a161-432d-92c6-7b61a66c6572
NEW Senior Compliance Manager | San Francisco Bay Area | Posted 3 Days Ago | https://jobs.ashbyhq.com/retell-ai/8a3093dd-35df-435c-bd71-3a0df4246050
NEW Senior Contract Recruiter | San Francisco Bay Area; {'location': 'Brazil', 'address': {'postalAddress': {'addressCountry': 'Brazil'}}}; {'location': 'United States', 'address': {'postalAddress': {'postalCode': '', 'addressRegion': 'Remote', 'addressCountry': 'United States', 'addressLocality': 'Remote'}}}; {'location': 'Mexico', 'address': None}; {'location': 'Argentina', 'address': {'postalAddress': {'addressCountry': 'Argentina'}}}; {'location': 'Remote', 'address': {'postalAddress': {'addressRegion': 'California', 'addressLocality': 'San Francisco '}}}; {'location': 'Canada', 'address': None} | Posted 4 Days Ago | https://jobs.ashbyhq.com/retell-ai/9e2e1eab-29ec-4a84-8d97-caac6c7f04da
NEW Senior Deal Desk Manager | San Francisco Bay Area | Posted 3 Days Ago — 25 applicants | https://jobs.ashbyhq.com/retell-ai/971dfb26-f54b-4f04-848d-f73a402e9726
(2026-10-02T14:23:38)

