Riot Games board-watch 2026-10-02: +82 new, -0 gone (82 active [riotgames_us_fulltime])
NEW Director, Art Direction - Unpublished R&D Product | Los Angeles, USA | Posted 7 Days Ago — 33 applicants | https://www.riotgames.com/en/work-with-us/job/7984204?gh_jid=7984204
NEW Manager, Anti-Cheat Engineering - Central Technology, Anti-Cheat | Los Angeles, USA | Posted 2 Days Ago — 25 applicants | https://www.riotgames.com/en/work-with-us/job/8187655?gh_jid=8187655
NEW Manager, Narrative Writing - League of Legends | Los Angeles, USA | Posted 23 Days Ago — 167 applicants | https://www.riotgames.com/en/work-with-us/job/8187620?gh_jid=8187620
NEW Manager, Software Engineering, Core Services - VALORANT | Mercer Island, USA | Posted 77 Days Ago — 69 applicants | https://www.riotgames.com/en/work-with-us/job/8056379?gh_jid=8056379
NEW Manager, Software Engineering, Gameplay AI - VALORANT | Los Angeles, USA | Posted 269 Days Ago — 25 applicants | https://www.riotgames.com/en/work-with-us/job/7336877?gh_jid=7336877
NEW Manager, Software Engineering - League of Legends, Alternate Play Modes | Los Angeles, USA | Posted 8 Days Ago — 26 applicants | https://www.riotgames.com/en/work-with-us/job/8210299?gh_jid=8210299
NEW Manager, Software Engineering - Publishing Platform, Core Game Loop | Los Angeles, USA; Mercer Island, USA | Posted 70 Days Ago — 26 applicants | https://www.riotgames.com/en/work-with-us/job/8076095?gh_jid=8076095
NEW Manager, Software Engineering (Services Lead) - Unpublished R&D Product | Los Angeles, USA | Posted 171 Days Ago — 25 applicants | https://www.riotgames.com/en/work-with-us/job/7763650?gh_jid=7763650
NEW Manager, Software Engineering - VALORANT, Gameplay Cosmetics | Los Angeles, USA; Mercer Island, USA | Posted 127 Days Ago — 25 applicants | https://www.riotgames.com/en/work-with-us/job/7763644?gh_jid=7763644
NEW Manager, Technical Game Design - Teamfight Tactics | Los Angeles, USA | Posted 48 Days Ago — 33 applicants | https://www.riotgames.com/en/work-with-us/job/8124195?gh_jid=8124195
NEW Manager, Visual Design Art - TFT | Los Angeles, USA | Posted 35 Days Ago — 78 applicants | https://www.riotgames.com/en/work-with-us/job/8163225?gh_jid=8163225
NEW Player Support Producer lll | Los Angeles, USA | Posted 10 Days Ago — 190 applicants | https://www.riotgames.com/en/work-with-us/job/8207247?gh_jid=8207247
NEW Principal Content Producer, Riftbound Publishing | Los Angeles, USA | Posted 23 Days Ago — 150 applicants | https://www.riotgames.com/en/work-with-us/job/8148779?gh_jid=8148779
NEW Principal Creative Director, Growth Marketing & Lifecycle  | Los Angeles, USA | Posted 8 Days Ago — 48 applicants | https://www.riotgames.com/en/work-with-us/job/8229332?gh_jid=8229332
NEW Principal Data Engineer, Personalization - Central Product Insights | Los Angeles, USA | Posted 66 Days Ago — 74 applicants | https://www.riotgames.com/en/work-with-us/job/8049834?gh_jid=8049834
NEW Principal Data Engineer -Teamfight Tactics | Los Angeles, USA | Posted 17 Days Ago — 48 applicants | https://www.riotgames.com/en/work-with-us/job/8187622?gh_jid=8187622
NEW Principal Game Designer - League of Legends, ARAM Mayhem | Los Angeles, USA | Posted 3 Days Ago — 25 applicants | https://www.riotgames.com/en/work-with-us/job/8231348?gh_jid=8231348
NEW Principal Insights Analyst, AXE - Teamfight Tactics | Los Angeles, USA | Posted 203 Days Ago — 89 applicants | https://www.riotgames.com/en/work-with-us/job/7592030?gh_jid=7592030
NEW Principal Insights Analyst - Central Product Insights | Los Angeles, USA | Posted 39 Days Ago — 118 applicants | https://www.riotgames.com/en/work-with-us/job/8148781?gh_jid=8148781
NEW Principal Machine Learning Engineer (Platform & Integrations)- League of Legends | Los Angeles, USA | Posted 44 Days Ago — 25 applicants | https://www.riotgames.com/en/work-with-us/job/7944656?gh_jid=7944656
NEW Principal Publishing Product Manager – Unpublished R&D Product | Los Angeles, USA | Posted 42 Days Ago — 42 applicants | https://www.riotgames.com/en/work-with-us/job/8129452?gh_jid=8129452
NEW Principal Software Engineer, AI Enablement - Central Product | Los Angeles, USA | Posted 149 Days Ago — 30 applicants | https://www.riotgames.com/en/work-with-us/job/7872902?gh_jid=7872902
NEW Principal Software Engineer - Developer Connections, Game Release | Los Angeles, USA | Posted 78 Days Ago — 25 applicants | https://www.riotgames.com/en/work-with-us/job/8049807?gh_jid=8049807
NEW Principal Software Engineer, Gameplay - Teamfight Tactics | Los Angeles, USA | Posted 87 Days Ago — 26 applicants | https://www.riotgames.com/en/work-with-us/job/8049865?gh_jid=8049865
NEW Principal Software Engineer - League of Legends , UI Tooling | Los Angeles, USA | Posted 10 Days Ago — 25 applicants | https://www.riotgames.com/en/work-with-us/job/8221963?gh_jid=8221963
NEW … and 57 more (newposts.jsonl)
(2026-10-02T13:23:58)

Riot Games board-watch 2026-10-02: +0 new, -1 gone (81 active [riotgames_us_fulltime])
GONE Principal Content Producer, Riftbound Publishing (first seen 2026-10-02)
(2026-10-02T16:53:47)

Riot Games board-watch 2026-10-03: +2 new, -3 gone (80 active [riotgames_us_fulltime])
NEW Senior Brand Manager | Los Angeles, USA | Posted 1 Days Ago — 26 applicants | https://www.riotgames.com/en/work-with-us/job/8247937?gh_jid=8247937
NEW Senior VFX Artist - Unpublished R&D Product | Los Angeles, USA | Posted 1 Days Ago — 25 applicants | https://www.riotgames.com/en/work-with-us/job/8148791?gh_jid=8148791
GONE Principal Technical Product Manager - VALORANT, AI/ML  (first seen 2026-10-02)
GONE Senior Illustration Artist - Riftbound (first seen 2026-10-02)
GONE Senior Software Engineer, Matchmaking - Publishing Platform (first seen 2026-10-02)
(2026-10-03T12:33:14)

