Sunday Robotics board-watch 2026-10-02: +24 new, -0 gone (24 active [sundayrobotics_us_fulltime])
NEW Mechanical Engineer | Redwood City, CA | Posted 323 Days Ago | https://jobs.ashbyhq.com/sunday/9ce13c41-9349-458c-b77f-30427c9f11c3
NEW Systems Software Engineer | Redwood City, CA | Posted 323 Days Ago | https://jobs.ashbyhq.com/sunday/7aef58fa-2365-474e-966d-3026c66890c4
NEW Electrical Engineer | Redwood City, CA | Posted 323 Days Ago | https://jobs.ashbyhq.com/sunday/2fe17ac9-2fa6-4675-9961-c79d3205953f
NEW Robotics Systems Engineer | Redwood City, CA | Posted 317 Days Ago | https://jobs.ashbyhq.com/sunday/8de199cb-8d35-460c-8eea-77e2140b34a4
NEW Firmware Engineer | Redwood City, CA | Posted 186 Days Ago | https://jobs.ashbyhq.com/sunday/0fe711a6-fadf-4908-8f5c-243c5e22a03e
NEW Memory Developer (remote) | Remote | Posted 317 Days Ago | https://jobs.ashbyhq.com/sunday/f92adbe3-da24-4edd-8599-4f60dec7bd5f
NEW Assembly Associate | Redwood City, CA | Posted 276 Days Ago | https://jobs.ashbyhq.com/sunday/89bc861e-3730-4d0e-8314-beff86ae4014
NEW Production Support Associate | Redwood City, CA | Posted 276 Days Ago | https://jobs.ashbyhq.com/sunday/acd40199-9077-413c-89d4-0c4928402016
NEW ML Infrastructure Engineer | Redwood City, CA | Posted 233 Days Ago | https://jobs.ashbyhq.com/sunday/71a0fc4c-f1fa-48c5-b7dc-11b5f0655f27
NEW Machine Learning Research Engineer/Scientist  | Redwood City, CA | Posted 172 Days Ago | https://jobs.ashbyhq.com/sunday/38ac9ff8-2d68-40a8-9733-1709dd34023d
NEW Embedded Software Engineer | Redwood City, CA | Posted 158 Days Ago | https://jobs.ashbyhq.com/sunday/788d2c63-f5b7-447e-9d4d-7ab1a92e10f1
NEW SLAM Engineer | Redwood City, CA | Posted 317 Days Ago | https://jobs.ashbyhq.com/sunday/f3090c65-6030-4d5d-9ad2-cbb5503afe82
NEW Technical Program Manager, Data Engine | Redwood City, CA | Posted 11 Days Ago | https://jobs.ashbyhq.com/sunday/3c7d1c4e-9c91-4af7-83dd-6d548d995f6b
NEW Eval Ops Program Manager | Redwood City, CA | Posted 119 Days Ago | https://jobs.ashbyhq.com/sunday/d84ca1a7-e300-45e5-9b01-5013dc10d18d
NEW R&D Engineering Technician  | Redwood City, CA | Posted 100 Days Ago | https://jobs.ashbyhq.com/sunday/ed7b6362-cf81-4a42-b8de-c7925127e2fb
NEW Triage Associate | Redwood City, CA | Posted 81 Days Ago | https://jobs.ashbyhq.com/sunday/09da6504-ef7a-454e-9232-d3d45770c5c9
NEW Robot Service Technician | Redwood City, CA | Posted 79 Days Ago | https://jobs.ashbyhq.com/sunday/b287086a-a786-47c1-8805-d59bcbe80537
NEW Memory Developer (in-house) PM Shift | Redwood City, CA | Posted 79 Days Ago | https://jobs.ashbyhq.com/sunday/41d7bd17-a739-46a5-8d5f-e8c85daa541d
NEW Product Operations | Redwood City, CA | Posted 79 Days Ago | https://jobs.ashbyhq.com/sunday/adcdd154-4755-49fc-afbb-4e0a20f66fa0
NEW Strategic Projects Lead | Redwood City, CA | Posted 74 Days Ago | https://jobs.ashbyhq.com/sunday/f18ecebf-f821-474f-be7c-3461ced8248f
NEW Global Supply Manager (any level) | Redwood City, CA | Posted 67 Days Ago | https://jobs.ashbyhq.com/sunday/655fcb86-c6ff-40ae-b698-0c4bc3a2ae80
NEW Fulfillment Associate | Redwood City, CA | Posted 63 Days Ago | https://jobs.ashbyhq.com/sunday/a81292e2-bb63-4b53-bb4e-47e6d2193fa2
NEW UI Designer | Redwood City, CA | Posted 200 Days Ago | https://jobs.ashbyhq.com/sunday/b3658191-4943-4cd5-b48e-fdc6c84d91ad
NEW Robotics Systems Software Integration Engineer | Redwood City, CA | Posted 9 Days Ago | https://jobs.ashbyhq.com/sunday/bd525705-1430-4f45-adb2-888165d45aa6
(2026-10-02T13:11:14)

