Sungrow board-watch 2026-09-30: +10 new, -0 gone (10 active [sungrow_us_fulltime])
NEW Staff Accountant (Contractor, Hybrid Schedule, SoCal) | Tempe, AZ, US | 2026-09-29 | https://workforcenow.adp.com/mascsr/default/mdf/recruitment/recruitment.html?cid=c2e0ba67-e6f9-439e-b8a3-0d734568eac2&ccId=19000101_000001&jobId=9201296000427_1&lang=en_US
NEW Asset Manager | Remote, US | 2026-09-16 — 75 applicants | https://workforcenow.adp.com/mascsr/default/mdf/recruitment/recruitment.html?cid=c2e0ba67-e6f9-439e-b8a3-0d734568eac2&ccId=19000101_000001&jobId=9201292715889_1&lang=en_US
NEW Commercial Counsel | Remote, US | 2026-09-04 — 65 applicants | https://workforcenow.adp.com/mascsr/default/mdf/recruitment/recruitment.html?cid=c2e0ba67-e6f9-439e-b8a3-0d734568eac2&ccId=19000101_000001&jobId=9201289573748_1&lang=en_US
NEW Third Party Risk Management Lead | US | 2026-08-18 | https://workforcenow.adp.com/mascsr/default/mdf/recruitment/recruitment.html?cid=c2e0ba67-e6f9-439e-b8a3-0d734568eac2&ccId=19000101_000001&jobId=9201284118740_1&lang=en_US
NEW Senior Accountant (mandarin speaking required) | Houston, TX, US | 2026-08-14 — 46 applicants | https://workforcenow.adp.com/mascsr/default/mdf/recruitment/recruitment.html?cid=c2e0ba67-e6f9-439e-b8a3-0d734568eac2&ccId=19000101_000001&jobId=9201282885888_1&lang=en_US
NEW Security Engineer - Network & Identity (Contractor) | Houston, TX, US | 2026-07-21 — 80 applicants | https://workforcenow.adp.com/mascsr/default/mdf/recruitment/recruitment.html?cid=c2e0ba67-e6f9-439e-b8a3-0d734568eac2&ccId=19000101_000001&jobId=9201275881586_1&lang=en_US
NEW Engineer - ESS Technical Solutions | US | 2026-07-08 | https://workforcenow.adp.com/mascsr/default/mdf/recruitment/recruitment.html?cid=c2e0ba67-e6f9-439e-b8a3-0d734568eac2&ccId=19000101_000001&jobId=9201272116070_1&lang=en_US
NEW Sr Engineer  ESS Technical Solution | US | 2026-06-04 | https://workforcenow.adp.com/mascsr/default/mdf/recruitment/recruitment.html?cid=c2e0ba67-e6f9-439e-b8a3-0d734568eac2&ccId=19000101_000001&jobId=9201262777020_1&lang=en_US
NEW SAP Business Systems Analyst | Costa Mesa, CA, US | 2026-04-14 — 180 applicants | https://workforcenow.adp.com/mascsr/default/mdf/recruitment/recruitment.html?cid=c2e0ba67-e6f9-439e-b8a3-0d734568eac2&ccId=19000101_000001&jobId=9201247305027_1&lang=en_US
NEW Strategic Key Account Manager | US | 2026-04-06 | https://workforcenow.adp.com/mascsr/default/mdf/recruitment/recruitment.html?cid=c2e0ba67-e6f9-439e-b8a3-0d734568eac2&ccId=19000101_000001&jobId=9201244924708_1&lang=en_US
(2026-09-30T13:25:55)

Sungrow board-watch 2026-10-01: +0 new, -2 gone (8 active [sungrow_us_fulltime])
GONE Senior Accountant (mandarin speaking required) (first seen 2026-09-30)
GONE Security Engineer - Network & Identity (Contractor) (first seen 2026-09-30)
(2026-10-01T14:16:52)

Sungrow board-watch 2026-10-02: +0 new, -1 gone (7 active [sungrow_us_fulltime])
GONE Staff Accountant (Contractor, Hybrid Schedule, SoCal) (first seen 2026-09-30)
(2026-10-02T16:03:22)

Sungrow board-watch 2026-10-03: +1 new, -0 gone (8 active [sungrow_us_fulltime])
NEW Service Contract Manager | Remote, US | 2026-10-02 — 25 applicants | https://workforcenow.adp.com/mascsr/default/mdf/recruitment/recruitment.html?cid=c2e0ba67-e6f9-439e-b8a3-0d734568eac2&ccId=19000101_000001&jobId=9201297209917_1&lang=en_US
(2026-10-03T12:17:45)

Sungrow board-watch 2026-10-07: +0 new, -1 gone (7 active [sungrow_us_fulltime])
GONE Commercial Counsel (first seen 2026-09-30)
(2026-10-07T04:29:16)

