Tencent board-watch 2026-09-19: +30 new, -0 gone (30 active [tencent_us_fulltime])
NEW Machine Learning Intern | US-California-Palo Alto | 2026-09-14 | https://tencent.wd1.myworkdayjobs.com/Tencent_Careers/job/US-California-Palo-Alto/Machine-Learning-Intern_R108140-1
NEW Cyber Security Engineer Intern | US-California-Palo Alto | 2026-09-14 | https://tencent.wd1.myworkdayjobs.com/Tencent_Careers/job/US-California-Palo-Alto/Cyber-Security-Engineer-Intern_R108141-2
NEW Senior Solution Architect - EdgeOne | US-California-Palo Alto | 2026-09-14 — 25 applicants | https://tencent.wd1.myworkdayjobs.com/Tencent_Careers/job/US-California-Palo-Alto/Senior-Solution-Architect---EdgeOne_R108138
NEW Associate, Global AI Policy | US-California-Palo Alto | 2026-09-10 — 200 applicants | https://tencent.wd1.myworkdayjobs.com/Tencent_Careers/job/US-California-Palo-Alto/Associate--Global-AI-Policy_R107663
NEW Global Talent Sourcing Intern | US-California-Palo Alto | 2026-09-08 — 40 applicants | https://tencent.wd1.myworkdayjobs.com/Tencent_Careers/job/US-California-Palo-Alto/Global-Talent-Sourcing-Intern_R108100
NEW Global Talent Sourcing Intern | US-California-Palo Alto | 2026-09-01 | https://tencent.wd1.myworkdayjobs.com/Tencent_Careers/job/US-California-Palo-Alto/Global-Talent-Sourcing-Intern_R108037
NEW AI Business Analyst Intern | US-California-Palo Alto | 2026-09-01 | https://tencent.wd1.myworkdayjobs.com/Tencent_Careers/job/US-California-Palo-Alto/AI-Business-Analyst-Intern_R108039-1
NEW Tencent Cloud CPaaS Product Management Intern | US-California-Palo Alto | 2026-09-01 — 128 applicants | https://tencent.wd1.myworkdayjobs.com/Tencent_Careers/job/US-California-Palo-Alto/Tencent-Cloud-CPaaS-Product-Management-Intern_R108019
NEW Tencent Cloud CPaaS Product Management Intern | US-California-Los Angeles | 2026-09-01 — 61 applicants | https://tencent.wd1.myworkdayjobs.com/Tencent_Careers/job/US-California-Los-Angeles/Tencent-Cloud-CPaaS-Product-Management-Intern_R108020
NEW Product Manager – AI Creator Platform | US-California-Los Angeles | 2026-08-25 — 131 applicants | https://tencent.wd1.myworkdayjobs.com/Tencent_Careers/job/US-California-Los-Angeles/Product-Manager---AI-Creator-Platform--WorkSolo-_R107700-1
NEW Senior Network Architect - Tencent Global Edge Network | US-Washington-Bellevue | 2026-08-19 — 25 applicants | https://tencent.wd1.myworkdayjobs.com/Tencent_Careers/job/US-Washington-Bellevue/Senior-Network-Architect---Tencent-Global-Edge-Network_R107545-1
NEW Business Development Manager (AI & Game Tech) | US-California-Palo Alto | 2026-08-17 — 88 applicants | https://tencent.wd1.myworkdayjobs.com/Tencent_Careers/job/US-California-Palo-Alto/Business-Development-Manager--AI---Game-Tech-_R107127-1
NEW Senior Project Manager – Workday Financials ERP Implementation | US-California-Palo Alto | 2026-08-13 — 100 applicants | https://tencent.wd1.myworkdayjobs.com/Tencent_Careers/job/US-California-Palo-Alto/Senior-Project-Manager---Workday-Financials-ERP-Implementation_R107961-1
NEW Senior Strategic Sales Executive | US-California-Palo Alto | 2026-08-10 — 26 applicants | https://tencent.wd1.myworkdayjobs.com/Tencent_Careers/job/US-California-Palo-Alto/Senior-Strategic-Sales-Executive_R107712
NEW Senior Strategic Sales Executive | US-California-Palo Alto | 2026-08-10 — 25 applicants | https://tencent.wd1.myworkdayjobs.com/Tencent_Careers/job/US-California-Palo-Alto/Senior-Strategic-Sales-Executive_R107879
NEW Senior Gateway Ops Engineer | US-California-Palo Alto | 2026-08-10 — 160 applicants | https://tencent.wd1.myworkdayjobs.com/Tencent_Careers/job/US-California-Palo-Alto/Senior-Gateway-Ops-Engineer_R107788-1
NEW Senior Business Development Manager | US-California-Palo Alto | 2026-08-06 — 45 applicants | https://tencent.wd1.myworkdayjobs.com/Tencent_Careers/job/US-California-Palo-Alto/Senior-Business-Development-Manager_R107918-2
NEW Senior Strategic Sales Executive | US-California-Los Angeles | 2026-07-30 — 200 applicants | https://tencent.wd1.myworkdayjobs.com/Tencent_Careers/job/US-California-Los-Angeles/Senior-Strategic-Sales-Executive_R105831
NEW Overseas Growth Operations Specialist | US-California-Palo Alto | 2026-07-14 — 81 applicants | https://tencent.wd1.myworkdayjobs.com/Tencent_Careers/job/US-California-Palo-Alto/Overseas-Growth-Operations-Specialist_R107764
NEW BD & Investment Manager, AI + Game Tech | US-California-Palo Alto | 2026-07-02 — 89 applicants | https://tencent.wd1.myworkdayjobs.com/Tencent_Careers/job/US-California-Palo-Alto/BD---Investment-Manager--AI---Game-Tech_R106333-1
NEW Business Development Manager | US-California-Palo Alto | 2026-07-02 — 37 applicants | https://tencent.wd1.myworkdayjobs.com/Tencent_Careers/job/US-California-Palo-Alto/Business-Development-Manager_R107495
NEW Financial Management and Analysis | US-California-Palo Alto | 2026-07-02 — 46 applicants | https://tencent.wd1.myworkdayjobs.com/Tencent_Careers/job/US-California-Palo-Alto/Financial-Management-and-Analysis_R107692-1
NEW Financial Management and Analysis | US-California-Palo Alto | 2026-07-02 — 200 applicants | https://tencent.wd1.myworkdayjobs.com/Tencent_Careers/job/US-California-Palo-Alto/Financial-Management-and-Analysis_R107693-1
NEW Game Research & Development Intern, Engine Research | US-California-Los Angeles | 2026-07-02 — 200 applicants | https://tencent.wd1.myworkdayjobs.com/Tencent_Careers/job/US-California-Los-Angeles/Game-Research---Development-Intern--Engine-Research_R107344-1
NEW Game Research & Development Intern, Engine Research | US-Washington-Bellevue | 2026-07-02 — 200 applicants | https://tencent.wd1.myworkdayjobs.com/Tencent_Careers/job/US-Washington-Bellevue/Game-Research---Development-Intern--Engine-Research_R107363-1
NEW … and 5 more (newposts.jsonl)
(2026-09-19T01:54:25)

Tencent board-watch 2026-09-21: +0 new, -1 gone (29 active [tencent_us_fulltime])
GONE AI Business Analyst Intern (first seen 2026-09-19)
REPOSTED (1)
REPOSTED Senior Solution Architect - EdgeOne (label reset 6d→1d, startDate +6d)
(2026-09-21T13:27:11)

Tencent board-watch 2026-09-22: +2 new, -0 gone (31 active [tencent_us_fulltime])
NEW Tech Reporter | US-California-Palo Alto | 2026-09-22 — 25 applicants | https://tencent.wd1.myworkdayjobs.com/Tencent_Careers/job/US-California-Palo-Alto/Tech-Reporter_R108162-1
NEW PR Intern | US-California-Los Angeles | 2026-09-21 | https://tencent.wd1.myworkdayjobs.com/Tencent_Careers/job/US-California-Los-Angeles/PR-Intern_R108151-1
(2026-09-22T12:09:52)

Tencent board-watch 2026-09-23: +2 new, -0 gone (33 active [tencent_us_fulltime])
NEW IT Operations Intern | US-California-Palo Alto | 2026-09-22 | https://tencent.wd1.myworkdayjobs.com/Tencent_Careers/job/US-California-Palo-Alto/IT-Operations-Intern_R108176-2
NEW Site Reliability Engineer (SRE) Intern — AI Infrastructure | US-California-Palo Alto | 2026-09-22 — 25 applicants | https://tencent.wd1.myworkdayjobs.com/Tencent_Careers/job/US-California-Palo-Alto/Site-Reliability-Engineer--SRE--Intern---AI-Infrastructure_R108158-1
(2026-09-23T00:22:40)

Tencent board-watch 2026-09-23: +3 new, -1 gone (35 active [tencent_us_fulltime])
NEW Brand Marketing Intern | US-California-Los Angeles; US-California-Palo Alto | 2026-08-19 | https://tencent.wd1.myworkdayjobs.com/Tencent_Careers/job/US-California-Los-Angeles/Brand-Marketing-Intern_R107926-1
NEW Director of Strategic Partnerships -  North America | US-California-Palo Alto; US-California-Los Angeles; US-New York State-New York; US-Washington-Bellevue | 2026-08-18 — 88 applicants | https://tencent.wd1.myworkdayjobs.com/Tencent_Careers/job/US-California-Palo-Alto/Director-of-Strategic-Partnerships----North-America_R107975-1
NEW Strategic Investment Manager | US-California-Palo Alto; US-New York State-New York; US-California-Los Angeles | 2026-08-17 — 130 applicants | https://tencent.wd1.myworkdayjobs.com/Tencent_Careers/job/US-California-Palo-Alto/Strategic-Investment-Manager_R107675-1
GONE Product Manager – AI Creator Platform (first seen 2026-09-19)
(2026-09-23T02:44:46)

Tencent board-watch 2026-09-24: +0 new, -2 gone (33 active [tencent_us_fulltime])
GONE  (first seen 2026-09-19)
GONE Business Development Manager (first seen 2026-09-19)
(2026-09-24T02:23:04)

Tencent board-watch 2026-09-24: +0 new, -2 gone (31 active [tencent_us_fulltime])
GONE Game Research & Development Intern, Engine Research (first seen 2026-09-19)
GONE Game Research & Development Intern, Engine Research (first seen 2026-09-19)
(2026-09-24T12:17:39)

Tencent board-watch 2026-09-26: +9 new, -0 gone (40 active [tencent_us_fulltime])
NEW Business Development Manager | US-California-Palo Alto | Posted Yesterday — 90 applicants | https://tencent.wd1.myworkdayjobs.com/Tencent_Careers/job/US-California-Palo-Alto/Business-Development-Manager_R107495
NEW Game Research & Development Intern, Engine Research | US-California-Los Angeles | Posted Yesterday — 200 applicants | https://tencent.wd1.myworkdayjobs.com/Tencent_Careers/job/US-California-Los-Angeles/Game-Research---Development-Intern--Engine-Research_R107344-1
NEW Game Research & Development Intern, Engine Research | US-Washington-Bellevue | Posted Yesterday — 200 applicants | https://tencent.wd1.myworkdayjobs.com/Tencent_Careers/job/US-Washington-Bellevue/Game-Research---Development-Intern--Engine-Research_R107363-1
NEW Producer (Onsolo) | US-California-Los Angeles | 2026-09-25 — 200 applicants | https://tencent.wd1.myworkdayjobs.com/Tencent_Careers/job/US-California-Los-Angeles/Producer--Onsolo-_R108008-1
NEW Cloud Media Services Intern | US-California-Palo Alto; US-Washington-Bellevue | 2026-09-25 — 25 applicants | https://tencent.wd1.myworkdayjobs.com/Tencent_Careers/job/US-California-Palo-Alto/Cloud-Media-Services-Intern_R107794
NEW Cloud Media Services Intern | US-California-Palo Alto | 2026-09-25 — 25 applicants | https://tencent.wd1.myworkdayjobs.com/Tencent_Careers/job/US-California-Palo-Alto/Cloud-Media-Services-Intern_R108186
NEW Senior Manager, Strategic & Business Development | US-California-Palo Alto; US-Washington-Bellevue; US-California-Los Angeles | 2026-09-25 — 126 applicants | https://tencent.wd1.myworkdayjobs.com/Tencent_Careers/job/US-California-Palo-Alto/Senior-Manager--Strategic---Business-Development_R106961
NEW Senior Strategic Sales Executive | US-California-Palo Alto | Posted Yesterday — 29 applicants | https://tencent.wd1.myworkdayjobs.com/Tencent_Careers/job/US-California-Palo-Alto/Senior-Strategic-Sales-Executive_R107712
NEW Tencent Cloud Business Development Intern - United States | US-California-Palo Alto | 2026-09-25 — 25 applicants | https://tencent.wd1.myworkdayjobs.com/Tencent_Careers/job/US-California-Palo-Alto/Tencent-Cloud-Business-Development-Intern---United-States_R108152
(2026-09-26T12:01:50)

Tencent board-watch 2026-09-29: +2 new, -0 gone (42 active [tencent_us_fulltime])
NEW Senior Technical Artist | US-California-Irvine; US-California-Los Angeles | 2026-09-28 — 25 applicants | https://tencent.wd1.myworkdayjobs.com/Tencent_Careers/job/US-California-Irvine/Senior-Technical-Artist_R108153-1
NEW Senior Technical Artist | US-California-Irvine; US-California-Los Angeles | 2026-09-28 — 25 applicants | https://tencent.wd1.myworkdayjobs.com/Tencent_Careers/job/US-California-Irvine/Senior-Technical-Artist_R108154-1
(2026-09-29T13:31:54)

Tencent board-watch 2026-10-01: +0 new, -1 gone (41 active [tencent_us_fulltime])
GONE Senior Network Architect - Tencent Global Edge Network (first seen 2026-09-19)
(2026-10-01T14:05:21)

Tencent board-watch 2026-10-02: +1 new, -0 gone (42 active [tencent_us_fulltime])
NEW Senior AI Infrastructure Engineer | US-California-Palo Alto | 2026-10-01 — 25 applicants | https://tencent.wd1.myworkdayjobs.com/Tencent_Careers/job/US-California-Palo-Alto/Senior-AI-Infrastructure-Engineer_R108182
(2026-10-02T03:41:06)

Tencent board-watch 2026-10-02: +0 new, -1 gone (41 active [tencent_us_fulltime])
GONE Sr. Cloud AI Infrastructure Engineer (first seen 2026-09-19)
(2026-10-02T09:30:07)

Tencent board-watch 2026-10-07: +177 new, -0 gone (218 active [tencent_us_fulltime])
NEW AI Compute Intern | Singapore-CapitaSky | 2026-10-07 | https://tencent.wd1.myworkdayjobs.com/Tencent_Careers/job/Singapore-CapitaSky/AI-Compute-Intern_R108149
NEW Backend Engineer Intern | Singapore-CapitaSky | 2026-10-05 | https://tencent.wd1.myworkdayjobs.com/Tencent_Careers/job/Singapore-CapitaSky/Backend-Engineer-Intern_R108219
NEW Site Reliability Engineer Intern | Singapore-CapitaSky | 2026-10-05 | https://tencent.wd1.myworkdayjobs.com/Tencent_Careers/job/Singapore-CapitaSky/Site-Reliability-Engineer-Intern_R108220
NEW Data Engineer Intern | Singapore-CapitaSky | 2026-10-05 | https://tencent.wd1.myworkdayjobs.com/Tencent_Careers/job/Singapore-CapitaSky/Data-Engineer-Intern_R108218
NEW Data Science Intern (Data Analytics & AI) | Singapore-CapitaSky | 2026-10-05 | https://tencent.wd1.myworkdayjobs.com/Tencent_Careers/job/Singapore-CapitaSky/Data-Science-Intern--Data-Analytics---AI-_R108216
NEW Data Scientist (Safety Strategies) | Singapore-CapitaSky | 2026-10-05 | https://tencent.wd1.myworkdayjobs.com/Tencent_Careers/job/Singapore-CapitaSky/Data-Scientist--Safety-Strategies-_R108217
NEW People Operations Manager | Malaysia-Kuala Lumpur | 2026-10-05 | https://tencent.wd1.myworkdayjobs.com/Tencent_Careers/job/Malaysia-Kuala-Lumpur/People-Operations-Manager_R108187-1
NEW Tencent Cloud- IDC Procurement Business Manager (Singapore) | Singapore-CapitaSky | 2026-10-02 | https://tencent.wd1.myworkdayjobs.com/Tencent_Careers/job/Singapore-CapitaSky/Tencent-Cloud--IDC-Procurement-Business-Manager--Singapore-_R107119
NEW Producer | Sweden | 2026-09-30 — 200 applicants | https://tencent.wd1.myworkdayjobs.com/Tencent_Careers/job/Sweden/Senior-User-Researcher_R108106
NEW Tencent Cloud - Senior Pre-sales Solution Architect (AI-Native Cloud & GenAI) – Malaysia | Malaysia-Kuala Lumpur | 2026-09-30 | https://tencent.wd1.myworkdayjobs.com/Tencent_Careers/job/Malaysia-Kuala-Lumpur/Tencent-Cloud---Senior-Pre-sales-Solution-Architect--Malaysia-_R107786
NEW Tencent Cloud - Senior Pre-sales Solution Architect (AI-Native Cloud & GenAI) – Singapore | Singapore-CapitaSky | 2026-09-30 | https://tencent.wd1.myworkdayjobs.com/Tencent_Careers/job/Singapore-CapitaSky/Tencent-Cloud---Senior-Pre-sales-Solution-Architect--GenAI---Cloud---Singapore_R107962
NEW Tencent Cloud –Senior Project Manager (Gen AI & Cloud) | Malaysia-Kuala Lumpur | 2026-09-28 | https://tencent.wd1.myworkdayjobs.com/Tencent_Careers/job/Malaysia-Kuala-Lumpur/Tencent-Cloud---Senior-Project-Manager--Cloud-Services--Malaysia-_R106365
NEW Tencent Cloud Senior Industry Product Operations Manager — Risk Control & Anti-Fraud (Malaysia) | ? | 2026-09-28 | https://tencent.wd1.myworkdayjobs.com/Tencent_Careers/job/Tencent-Cloud-Senior-Industry-Product-Operations-Manager---Risk-Control---Anti-Fraud--Thailand-_R107646-1
NEW Tencent Cloud–Regional Product Operations Specialist (Southeast Asia） | Indonesia-Jakarta | 2026-09-24 | https://tencent.wd1.myworkdayjobs.com/Tencent_Careers/job/Indonesia-Jakarta/Tencent-Cloud---Regional-Product-Operations-Specialist--Southeast-Asi_R107722
NEW Strategic Ecosystem Partnership Manager | Singapore-CapitaSky | 2026-09-23 | https://tencent.wd1.myworkdayjobs.com/Tencent_Careers/job/Singapore-CapitaSky/Strategic-Ecosystem-Partnership-Manager_R107931
NEW Global Talent Sourcing Intern | Singapore-CapitaSky | 2026-09-23 — 58 applicants | https://tencent.wd1.myworkdayjobs.com/Tencent_Careers/job/Singapore-CapitaSky/Global-Talent-Sourcing-Intern_R108177
NEW Global Talent Sourcing Intern | Singapore-CapitaSky | 2026-09-23 | https://tencent.wd1.myworkdayjobs.com/Tencent_Careers/job/Singapore-CapitaSky/Global-Talent-Sourcing-Intern_R108178
NEW Channel Sales Manager, Cloud | France-Paris; Germany-Frankfurt | 2026-09-22 | https://tencent.wd1.myworkdayjobs.com/Tencent_Careers/job/France-Paris/Channel-Sales-Manager--Cloud_R107845
NEW Senior Strategic Sales Executive, Advertising | UAE-Dubai | 2026-09-22 | https://tencent.wd1.myworkdayjobs.com/Tencent_Careers/job/UAE-Dubai/Senior-Strategic-Sales-Executive--Advertising_R108108
NEW Tencent Cloud - Senior Solution Architect - Cloud & AI Solutions (Thailand) | Thailand-Bangkok | 2026-09-21 | https://tencent.wd1.myworkdayjobs.com/Tencent_Careers/job/Thailand-Bangkok/Tencent-Cloud---Senior-Solution-Architect---Cloud---AI-Solutions--Thailand-_R108137
NEW サウンドデザイナー｜Sound Designer | Japan-Tokyo-Business Tower | 2026-09-21 | https://tencent.wd1.myworkdayjobs.com/Tencent_Careers/job/Japan-Tokyo-Business-Tower/-Sound-Designer_R108164-1
NEW PUBG Mobile Marketing Team Intern | United Kingdom-London; France-Paris | 2026-09-18 | https://tencent.wd1.myworkdayjobs.com/Tencent_Careers/job/United-Kingdom-London/PUBG-Mobile-Marketing-Team-Intern_R107793-1
NEW Tencent Cloud - AI Native Cloud Solution Architect (Thailand) | Thailand-Bangkok | 2026-09-17 | https://tencent.wd1.myworkdayjobs.com/Tencent_Careers/job/Thailand-Bangkok/Tencent-Cloud---AI-Native-Cloud-Solution-Architect--Thailand-_R108142
NEW Tencent Cloud - Edge Platform Product Solutions Architecture Intern - Singapore | Singapore-CapitaSky | 2026-09-17 | https://tencent.wd1.myworkdayjobs.com/Tencent_Careers/job/Singapore-CapitaSky/Tencent-Cloud---Edge-Platform-Product-Solutions-Architecture-Intern---Singapore_R107927
NEW シニアアニメーター｜Senior Animator | ? | 2026-09-16 | https://tencent.wd1.myworkdayjobs.com/Tencent_Careers/job/-Senior-Animator_R108155-1
NEW … and 152 more (newposts.jsonl)
(2026-10-07T04:15:48)

Tencent board-watch 2026-10-07: +0 new, -1 gone (217 active [tencent_us_fulltime])
GONE Tencent Cloud - Senior Channel Sales Executive (Singapore) (first seen 2026-09-24)
(2026-10-07T14:05:38)

Tencent board-watch 2026-10-08: +1 new, -2 gone (216 active [tencent_us_fulltime])
NEW Tencent Cloud- IDC Procurement Business Manager (Singapore) | Singapore-CapitaSky | 2026-10-08 | https://tencent.wd1.myworkdayjobs.com/Tencent_Careers/job/Singapore-CapitaSky/Tencent-Cloud--IDC-Procurement-Business-Manager--Singapore-_R108205-1
GONE Global Recruitment Intern (first seen 2026-09-24)
GONE Cloud & AI Sales Intern (first seen 2026-09-24)
REPOSTED (1)
REPOSTED Big Data Development Senior Engineer (label reset 30+d→0d, startDate +43d)
(2026-10-08T14:17:16)

Tencent board-watch 2026-10-08: +1 new, -0 gone (217 active [tencent_us_fulltime])
NEW Senior Interactive Vision Model Researcher | Singapore-CapitaSky | 2026-10-08 | https://tencent.wd1.myworkdayjobs.com/Tencent_Careers/job/Singapore-CapitaSky/Senior-Interactive-Vision-Model-Researcher_R108201-1
(2026-10-08T15:07:42)

Tencent board-watch 2026-10-09: +0 new, -1 gone (216 active [tencent_us_fulltime])
GONE Brand Marketing Intern (first seen 2026-09-23)
(2026-10-09T04:08:20)

Tencent board-watch 2026-10-09: +4 new, -0 gone (220 active [tencent_us_fulltime])
NEW Coding Agent Research Intern | Singapore-CapitaSky | 2026-10-09 | https://tencent.wd1.myworkdayjobs.com/Tencent_Careers/job/Singapore-CapitaSky/Coding-Agent-Research-Intern_R108212
NEW Software Engineer II | Singapore-CapitaSky | 2026-10-09 | https://tencent.wd1.myworkdayjobs.com/Tencent_Careers/job/Singapore-CapitaSky/Software-Engineer-II_R108225
NEW Senior Strategic Sales Executive | United Kingdom-London | 2026-10-09 — 30 applicants | https://tencent.wd1.myworkdayjobs.com/Tencent_Careers/job/United-Kingdom-London/Senior-Strategic-Sales-Executive_R108226
NEW Sr. AI infra engineer | Singapore-CapitaSky | 2026-10-09 | https://tencent.wd1.myworkdayjobs.com/Tencent_Careers/job/Singapore-CapitaSky/Sr-AI-infra-engineer_R108222
(2026-10-09T13:57:01)

Tencent board-watch 2026-10-10: +1 new, -1 gone (220 active [tencent_us_fulltime])
NEW Senior Strategic Sales Executive | France-Paris | 2026-10-10 — 31 applicants | https://tencent.wd1.myworkdayjobs.com/Tencent_Careers/job/France-Paris/Senior-Strategic-Sales-Executive_R108229
GONE Senior AI Infrastructure Engineer (first seen 2026-10-02)
(2026-10-10T13:13:40)

