Together AI board-watch 2026-10-02: +58 new, -0 gone (58 active [togetherai_us_fulltime])
NEW AI Infrastructure Systems Engineer | San Francisco | Posted 140 Days Ago — 200 applicants | https://job-boards.greenhouse.io/togetherai/jobs/5138540007
NEW Associate, Infrastructure Strategy & Operations | San Francisco | Posted 122 Days Ago — 200 applicants | https://job-boards.greenhouse.io/togetherai/jobs/5152193007
NEW Commercial Counsel-Infrastructure and GTM | San Francisco | Posted 84 Days Ago | https://job-boards.greenhouse.io/togetherai/jobs/5182998007
NEW Customer Success Engineer (CSE), GPU Cluster | San Francisco | Posted 155 Days Ago — 109 applicants | https://job-boards.greenhouse.io/togetherai/jobs/5123203007
NEW Data Center Operations Coordinator | San Francisco | Posted 113 Days Ago — 200 applicants | https://job-boards.greenhouse.io/togetherai/jobs/5160139007
NEW Director of Brand | San Francisco | Posted 17 Days Ago — 125 applicants | https://job-boards.greenhouse.io/togetherai/jobs/5238654007
NEW Director of Technical Accounting | San Francisco | Posted 50 Days Ago — 73 applicants | https://job-boards.greenhouse.io/togetherai/jobs/5210729007
NEW Forward Deployed Engineer (Inference & Post-Training) | San Francisco | Posted 148 Days Ago — 142 applicants | https://job-boards.greenhouse.io/togetherai/jobs/5131941007
NEW GTM Engineer | San Francisco | Posted 92 Days Ago — 138 applicants | https://job-boards.greenhouse.io/togetherai/jobs/5178712007
NEW Head of Distribution Partnerships | San Francisco | Posted 98 Days Ago — 200 applicants | https://job-boards.greenhouse.io/togetherai/jobs/5171124007
NEW HR Coordinator- Amsterdam | Amsterdam, Netherlands  | Posted 43 Days Ago | https://job-boards.greenhouse.io/togetherai/jobs/5214243007
NEW [Junior / Senior / Staff] Software Engineer, Inference / Compute Infrastructure Engineering | San Francisco | Posted 78 Days Ago — 25 applicants | https://job-boards.greenhouse.io/togetherai/jobs/5186628007
NEW Machine Learning Engineer - Inference | San Francisco  | Posted 848 Days Ago — 44 applicants | https://job-boards.greenhouse.io/togetherai/jobs/4385540007
NEW Manager, International Cloud Sourcing | San Francisco or NYC | Posted 45 Days Ago — 36 applicants | https://job-boards.greenhouse.io/togetherai/jobs/5211627007
NEW Platform Engineer, Model Shaping | San Francisco  | Posted 443 Days Ago — 200 applicants | https://job-boards.greenhouse.io/togetherai/jobs/4790243007
NEW Product Manager, AI Infrastructure | San Francisco | Posted 100 Days Ago — 200 applicants | https://job-boards.greenhouse.io/togetherai/jobs/5172169007
NEW Recruiting Coordinator | San Francisco | Posted 707 Days Ago | https://job-boards.greenhouse.io/togetherai/jobs/4550767007
NEW Research Engineer, Large-Scale Training | San Francisco | Posted 64 Days Ago — 200 applicants | https://job-boards.greenhouse.io/togetherai/jobs/5199554007
NEW Research Engineer, Post-Training Inference | San Francisco | Posted 88 Days Ago — 200 applicants | https://job-boards.greenhouse.io/togetherai/jobs/5179372007
NEW Research Intern, Frontier Agents (Summer 2027) | San Francisco | Posted 14 Days Ago | https://job-boards.greenhouse.io/togetherai/jobs/5238468007
NEW Research Intern, Frontier Agents (Winter 2027) | San Francisco | Posted 14 Days Ago | https://job-boards.greenhouse.io/togetherai/jobs/5238467007
NEW Research Intern, Inference (Summer 2027) | San Francisco | Posted 14 Days Ago — 103 applicants | https://job-boards.greenhouse.io/togetherai/jobs/5238462007
NEW Research Intern, Inference (Winter 2027) | San Francisco | Posted 14 Days Ago | https://job-boards.greenhouse.io/togetherai/jobs/5238461007
NEW Research Intern, Model Shaping (Summer 2027) | San Francisco, Amsterdam | Posted 14 Days Ago | https://job-boards.greenhouse.io/togetherai/jobs/5238466007
NEW Research Intern, Model Shaping (Winter 2027) | San Francisco, Amsterdam | Posted 14 Days Ago | https://job-boards.greenhouse.io/togetherai/jobs/5238465007
NEW … and 33 more (newposts.jsonl)
(2026-10-02T14:11:11)

