Techtronic Industries board-watch 2026-09-30: +648 new, -0 gone (648 active [tti_us_fulltime])
NEW Demand Planner | Anderson, SC | 2026-09-29 | https://tti.wd1.myworkdayjobs.com/TTI_PE/job/Anderson-SC/Demand-Planner_R78184
NEW Electrical Engineer II - Embedded Hardware | Brookfield, WI | 2026-09-29 — 25 applicants | https://tti.wd1.myworkdayjobs.com/Milwaukee/job/Brookfield-WI/Electrical-Engineer-II---Embedded-Hardware_R77755
NEW Field Sales and Marekting Representative - Lompoc, CA | Lompoc, CA | 2026-09-29 | https://tti.wd1.myworkdayjobs.com/TeamTTI-Jobs/job/Lompoc-CA/Field-Sales-and-Marekting-Representative---Lompoc--CA_R78170
NEW Field Sales and Marketing Representative - Lindon, UT | Lindon, UT | 2026-09-29 | https://tti.wd1.myworkdayjobs.com/TeamTTI-Jobs/job/Lindon-UT/Field-Sales-and-Marketing-Representative---Lindon--UT_R78173
NEW Field Sales and Marketing Representative - Modesto, CA | Modesto, CA | 2026-09-29 | https://tti.wd1.myworkdayjobs.com/TeamTTI-Jobs/job/Modesto-CA/Field-Sales-and-Marketing-Representative---Modesto--CA_R78172
NEW Field Sales and Marketing Representative - Roseville, CA | Roseville, CA | 2026-09-29 | https://tti.wd1.myworkdayjobs.com/TeamTTI-Jobs/job/Roseville-CA/Field-Sales-and-Marketing-Representative---Roseville--CA_R78181
NEW Field Sales and Marketing Representative - Wenatchee & Omak, WA | Wenatchee, WA | 2026-09-29 | https://tti.wd1.myworkdayjobs.com/TeamTTI-Jobs/job/Wenatchee-WA/Field-Sales-and-Marketing-Representative---Wenatchee---Omak--WA_R78169
NEW Field Sales and Marketing Representative -Brandon, FL | Brandon, FL | 2026-09-29 | https://tti.wd1.myworkdayjobs.com/TeamTTI-Jobs/job/Brandon-FL/Field-Sales-and-Marketing-Representative--Brandon--FL_R78152
NEW Field Sales and Marketing Representative-North Scottsdale | RNB - West HD Team | 2026-09-29 | https://tti.wd1.myworkdayjobs.com/TeamTTI-Jobs/job/RNB---West-HD-Team/Field-Sales-and-Marketing-Representative-North-Scottsdale_R78119
NEW Field Sales and Marketing Representative-Surprise, AZ | RNB - West HD Team | 2026-09-29 | https://tti.wd1.myworkdayjobs.com/TeamTTI-Jobs/job/RNB---West-HD-Team/Field-Sales-and-Marketing-Representative-Surprise--AZ_R78168
NEW Firmware Engineer II | Brookfield, WI | 2026-09-29 | https://tti.wd1.myworkdayjobs.com/Milwaukee/job/Brookfield-WI/Firmware-Engineer-II_R78093
NEW Firmware Test Engineer II | Menomonee Falls, WI | 2026-09-29 — 26 applicants | https://tti.wd1.myworkdayjobs.com/Milwaukee/job/Menomonee-Falls-WI/Firmware-Test-Engineer-II_R77803
NEW IP Docketing Manager | Brookfield, WI | 2026-09-29 — 25 applicants | https://tti.wd1.myworkdayjobs.com/Milwaukee/job/Brookfield-WI/IP-Docketing-Manager_R78186
NEW Manufacturing Engineer l | West Bend, WI | 2026-09-29 | https://tti.wd1.myworkdayjobs.com/Milwaukee/job/West-Bend-WI/Manufacturing-Engineer-l_R77859
NEW OB Returns Auditor II | Olive Branch, MS | 2026-09-29 | https://tti.wd1.myworkdayjobs.com/Milwaukee/job/Olive-Branch-MS/OB-Returns-Auditor-II_R77189
NEW Product Marketing Manager - Plumbing, Mechanical, & HVAC | Brookfield, WI | 2026-09-29 — 25 applicants | https://tti.wd1.myworkdayjobs.com/Milwaukee/job/Brookfield-WI/Product-Marketing-Manager---Plumbing--Mechanical----HVAC_R77819
NEW Quality Technician | PE-Wellford | 2026-09-29 | https://tti.wd1.myworkdayjobs.com/TTI_PE/job/PE-Wellford/Quality-Technician_R78166
NEW Receiving Clerk | Greenwood, IN | 2026-09-29 | https://tti.wd1.myworkdayjobs.com/Milwaukee/job/Greenwood-IN/Receiving-Clerk_R78123-1
NEW Sr Firmware Engineer | Brookfield, WI | 2026-09-29 | https://tti.wd1.myworkdayjobs.com/Milwaukee/job/Brookfield-WI/Sr-Firmware-Engineer_R78095
NEW Sr. Advanced Manufacturing Quality Engineer | Brookfield, WI | 2026-09-29 — 25 applicants | https://tti.wd1.myworkdayjobs.com/Milwaukee/job/Brookfield-WI/Sr-Advanced-Manufacturing-Quality-Engineer_R78091
NEW Sr. Graphic Designer - LATAM | Anderson, SC | 2026-09-29 | https://tti.wd1.myworkdayjobs.com/TTI_PE/job/Anderson-SC/Sr-Graphic-Designer---LATAM_R78185
NEW Sr. Project Engineer | Brookfield, WI | 2026-09-29 | https://tti.wd1.myworkdayjobs.com/Milwaukee/job/Brookfield-WI/Sr-Project-Engineer_R77888
NEW UX Designer | Brookfield, WI | 2026-09-29 | https://tti.wd1.myworkdayjobs.com/Milwaukee/job/Brookfield-WI/UX-Designer_R77882-1
NEW Accounts Payable Specialist | Menomonee Falls, WI | 2026-09-28 | https://tti.wd1.myworkdayjobs.com/Milwaukee/job/Menomonee-Falls-WI/Accounts-Payable-Specialist_R77974
NEW Field Sales & Marketing Representative - Inver Grove Heights, MN | Inver Grove Heights, MN | 2026-09-28 | https://tti.wd1.myworkdayjobs.com/TeamTTI-Jobs/job/Inver-Grove-Heights-MN/Field-Sales---Marketing-Representative---Inver-Grove-Heights--MN_R78138
NEW … and 623 more (newposts.jsonl)
(2026-09-30T13:40:40)

