United Imaging board-watch 2026-09-25: +0 new, -1 gone (40 active [unitedimaging_us_fulltime])
GONE Account Executive - Iowa (first seen 2026-09-24)
REPOSTED (1)
REPOSTED Customer Service Engineer (CT/MRI/PET-CT/X-ray/ANGIO) (label reset 3d→0d)
(2026-09-25T12:26:58)

United Imaging board-watch 2026-09-26: +2 new, -2 gone (40 active [unitedimaging_us_fulltime])
NEW Application Specialist, MR | Fully Remote | 2026-09-25 | https://recruiting.paylocity.com/Recruiting/Jobs/Details/4538865
NEW Application Specialist, Digital Radiography (DR) | Fully Remote | 2026-09-25 | https://recruiting.paylocity.com/Recruiting/Jobs/Details/4538861
GONE Customer Service Coordinator (first seen 2026-09-24)
GONE Application Specialist, Digital Radiography (DR) (first seen 2026-09-24)
REPOSTED (2)
REPOSTED Account Executive (label reset 5d→1d)
REPOSTED Product Sales Specialist - Magnetic Resonance (MR), Southeast Region (label reset 4d→1d)
(2026-09-26T12:03:49)

United Imaging board-watch 2026-09-28: +0 new, -0 gone (40 active [unitedimaging_us_fulltime])
REPOSTED (1)
REPOSTED Product Sales Specialist - Magnetic Resonance (MR), Southeast Region (label reset 2d→0d, startDate +3d)
(2026-09-28T14:39:40)

United Imaging board-watch 2026-09-29: +3 new, -2 gone (41 active [unitedimaging_us_fulltime])
NEW Account Executive - New York | Fully Remote • New York City, NY | 2026-09-28 | https://recruiting.paylocity.com/Recruiting/Jobs/Details/4541623
NEW Customer Service Engineer (CT/MRI/PET-CT/X-ray/ANGIO) | Fully Remote • Houston, TX | 2026-09-28 | https://recruiting.paylocity.com/Recruiting/Jobs/Details/4541049
NEW Customer Service Engineer (CT/MRI/PET-CT/X-ray/ANGIO) | Fully Remote • Toledo, OH | 2026-09-28 | https://recruiting.paylocity.com/Recruiting/Jobs/Details/4540418
GONE Customer Service Engineer (CT/MRI/PET-CT/X-ray/ANGIO) (first seen 2026-09-24)
GONE Customer Service Engineer (CT/MRI/PET-CT/X-ray/ANGIO) (first seen 2026-09-24)
REPOSTED (3)
REPOSTED Mechanical Assembler / Production Technician - Near the Highway 610 and 288 intersection (label reset 56d→1d)
REPOSTED Mechanical Assembler / Production Technician (label reset 56d→1d)
REPOSTED Mechanical Assembler / Technician – Second Shift (4:00 PM–1:00 AM) (label reset 56d→1d)
(2026-09-29T13:32:47)

United Imaging board-watch 2026-10-01: +1 new, -0 gone (42 active [unitedimaging_us_fulltime])
NEW Product Sales Specialist - Magnetic Resonance (MR), Northeast Region | Fully Remote • Northeast Region | 2026-10-01 | https://recruiting.paylocity.com/Recruiting/Jobs/Details/4551313
REPOSTED (1)
REPOSTED Product Sales Specialist - Magnetic Resonance (MR), Southeast Region (label reset 2d→1d, startDate +2d)
(2026-10-01T14:06:57)

