Webull board-watch 2026-09-27: +29 new, -0 gone (29 active [webull_us_fulltime])
NEW Senior Associate Director, Compliance | New York, NY | 2026-09-02 | https://ats.rippling.com/webull/jobs/96f312be-2558-46ce-9347-cbaf0b20aaed
NEW Senior Associate Director, Compliance  | Saint Petersburg, FL | 2026-08-24 | https://ats.rippling.com/webull/jobs/67fc6beb-f593-45e0-aae4-1828e6e6b7b9
NEW Asset Servicing, Senior Associate  | Saint Petersburg, FL | 2026-09-02 | https://ats.rippling.com/webull/jobs/b52efec4-110e-433e-ba90-13eb777b7c21
NEW Associate Director, Clearing Operations  | Saint Petersburg, FL | 2026-06-29 | https://ats.rippling.com/webull/jobs/cf0645c6-db07-4e23-af82-30213a0b97f5
NEW Associate, Clearing Operations | Saint Petersburg, FL | 2026-04-24 | https://ats.rippling.com/webull/jobs/5959c841-599d-4005-b2c6-7af2f0ce2515
NEW Customer Experience Representative | Saint Petersburg, FL | 2026-09-15 | https://ats.rippling.com/webull/jobs/bd04d95a-cbb3-4457-aead-db741afc0251
NEW Senior Associate, Compliance (Webull Pay) | Saint Petersburg, FL | 2026-09-02 | https://ats.rippling.com/webull/jobs/9cc5ae33-f3b8-4e02-b87d-d583b4763d55
NEW Accounts Payable Manager | New York, NY | 2026-08-26 | https://ats.rippling.com/webull/jobs/9f695386-2780-4c1e-bebe-386055433364
NEW Associate Director, Treasury & Cash Management | Saint Petersburg, FL | 2026-09-15 | https://ats.rippling.com/webull/jobs/bad78fda-0aad-4efe-bee5-364a52a384b5
NEW Associate Director, Treasury & Cash Management | New York, NY | 2026-09-15 | https://ats.rippling.com/webull/jobs/e9999bb1-4658-43d4-92cf-2e66c6a86d40
NEW Director, Finance - Webull Pay (Crypto) | Saint Petersburg, FL | 2026-07-22 | https://ats.rippling.com/webull/jobs/260d5b6f-c930-4e0e-9c79-bb4f35454d99
NEW Director, Finance – Webull Pay (Crypto)  | New York, NY | 2026-07-22 | https://ats.rippling.com/webull/jobs/bbc6977a-e383-47ab-ae06-dc2d7db86a46
NEW Finance, Controller | New York, NY | 2026-08-19 | https://ats.rippling.com/webull/jobs/e0238b50-e54d-4988-9d90-65a32e9e1ebb
NEW Institutional Financial Operations, Associate Director/Sr. Associate Director | Saint Petersburg, FL | 2026-05-27 | https://ats.rippling.com/webull/jobs/16009459-24c0-4e74-b6f3-fff9de68574f
NEW Institutional Financial Operations, Associate Director/Sr. Associate Director | New York, NY | 2026-05-27 | https://ats.rippling.com/webull/jobs/0755a2ab-9420-462a-90f8-1c3fbbc9f8e9
NEW Senior Broker-Dealer Accountant | New York, NY | 2026-09-17 | https://ats.rippling.com/webull/jobs/0d074b52-d185-4016-94c4-7f259b5be94b
NEW Director of Futures & Prediction Markets Clearing Operations | Saint Petersburg, FL | 2026-05-27 | https://ats.rippling.com/webull/jobs/f357bfc1-c296-48e4-9a24-ae62bd6d098b
NEW Director of Futures & Prediction Markets Clearing Operations | New York, NY | 2026-09-10 | https://ats.rippling.com/webull/jobs/4a1a445b-a6ea-48bc-932f-5ab93e77c1ed
NEW Risk Officer, Derivatives  | New York, NY | 2026-09-15 | https://ats.rippling.com/webull/jobs/196c15a7-b7da-4d68-8814-0e4d5702b7fe
NEW General Interest Application | Saint Petersburg, FL | 2024-02-15 | https://ats.rippling.com/webull/jobs/3feff76e-d588-4582-a81f-bd8d62dcb10c
NEW Recruiter | Saint Petersburg, FL | 2026-08-24 | https://ats.rippling.com/webull/jobs/c383b33b-f1a5-4ab8-8cd8-e80a06a3a6fa
NEW Production Engineer  | Saint Petersburg, FL | 2026-09-21 | https://ats.rippling.com/webull/jobs/4ebf7248-2c86-4f5b-9227-6a1f8662b4bf
NEW Product Manager, API Solutions | Saint Petersburg, FL | 2026-09-15 | https://ats.rippling.com/webull/jobs/8f267aa4-3f96-4a42-ae9a-0d7d02f30303
NEW Product Manager, Advisor Services | Saint Petersburg, FL | 2026-09-15 | https://ats.rippling.com/webull/jobs/dd4a8725-d892-4f83-9a94-4ec4169bc961
NEW Product Manager, Market Data  | Saint Petersburg, FL | 2026-09-15 | https://ats.rippling.com/webull/jobs/c6b6cb21-8228-4960-9d3b-bb837adb85b6
NEW … and 4 more (newposts.jsonl)
(2026-09-27T12:52:48)

Webull board-watch 2026-09-29: +0 new, -1 gone (28 active [webull_us_fulltime])
GONE Accounts Payable Manager (first seen 2026-09-27)
(2026-09-29T13:37:48)

