WuXi AppTec board-watch 2026-10-01: +35 new, -0 gone (35 active [wuxiapptec_us_fulltime])
NEW Associate Business Development Director, TIDES | United States | 2026-09-14 | https://www.wuxiappteccareers.com/job/328/associate-business-development-director-tides-business-development-us/
NEW Associate Director, CMC Project Management | United States | 2026-09-29 — 25 applicants | https://www.wuxiappteccareers.com/job/344/associate-director-cmc-project-management-client-delivery-us/
NEW Associate Director CMC Project Management TIDES, Development | United States | 2026-07-17 — 64 applicants | https://www.wuxiappteccareers.com/job/269/associate-director-cmc-project-management-tides-development-client-delivery-us/
NEW Automation Lead | Middletown, DE | 2026-09-09 — 25 applicants | https://www.wuxiappteccareers.com/job/326/automation-lead-engineering-us-de-middletown/
NEW Business Development Director | United States | 2026-07-29 — 29 applicants | https://www.wuxiappteccareers.com/job/284/business-development-director-business-development-us/
NEW Business Development Manager | United States | 2026-09-28 — 25 applicants | https://www.wuxiappteccareers.com/job/342/business-development-manager-business-development-us/
NEW Chemical and Industrial Hygiene Manager | Cranbury, NJ | 2026-09-14 — 25 applicants | https://www.wuxiappteccareers.com/job/332/chemical-and-industrial-hygiene-manager-facilities-us-nj-cranbury-6-cedarbrook-dr/
NEW Digitalization Lead, MES/ SAP | Middletown, DE | 2026-08-14 — 25 applicants | https://www.wuxiappteccareers.com/job/299/digitalization-lead-mes-sap-engineering-us-de-middletown/
NEW Engineer - Aseptic Filling | Middletown, DE | 2026-09-08 — 25 applicants | https://www.wuxiappteccareers.com/job/324/engineer-aseptic-filling-engineering-us-de-middletown/
NEW Facilities Technician II | San Diego, CA | 2026-07-21 | https://www.wuxiappteccareers.com/job/271/facilities-technician-ii-research-associate-us-ca-san-diego-6114-nancy-ridge-dr-building-d/
NEW Facilities Technician II | San Diego, CA | 2026-08-31 | https://www.wuxiappteccareers.com/job/313/facilities-technician-ii-research-associate-us-ca-san-diego-6114-nancy-ridge-dr-building-d/
NEW Global CRM Systems Manager | United States | 2026-07-27 — 126 applicants | https://www.wuxiappteccareers.com/job/278/global-crm-systems-manager-marketing-us/
NEW Lead Facilities Maintenance Technician | Middletown, DE | 2026-08-03 — 25 applicants | https://www.wuxiappteccareers.com/job/288/lead-facilities-maintenance-technician-research-associate-us-de-middletown/
NEW Lead Instrumentation and Electrical Technician | Middletown, DE | 2026-08-04 | https://www.wuxiappteccareers.com/job/289/lead-instrumentation-and-electrical-technician-research-associate-us-de-middletown/
NEW Lead Maintenance Mechanic | Middletown, DE | 2026-08-05 | https://www.wuxiappteccareers.com/job/292/lead-maintenance-mechanic-research-associate-us-de-middletown/
NEW Operations Supervisor | Middletown, DE | 2026-09-21 — 26 applicants | https://www.wuxiappteccareers.com/job/334/operations-supervisor-biotech-manufacturing-us-de-middletown/
NEW Principal Pathologist | United States | 2026-09-01 | https://www.wuxiappteccareers.com/job/316/principal-pathologist-research-scientist-us/
NEW QC Microbiology Scientist | Middletown, DE | 2026-08-18 — 45 applicants | https://www.wuxiappteccareers.com/job/304/qc-microbiology-scientist-qa-and-qc-us-de-middletown/
NEW QC Raw Material Scientist | Middletown, DE | 2026-08-26 — 47 applicants | https://www.wuxiappteccareers.com/job/311/qc-raw-material-scientist-qa-and-qc-us-de-middletown/
NEW Research Associate III | San Diego, CA | 2026-10-01 — 200 applicants | https://www.wuxiappteccareers.com/job/346/research-associate-iii-research-scientist-us-ca-san-diego-6122-nancy-ridge-dr/
NEW Research Associate III | San Diego, CA | 2026-02-21 — 200 applicants | https://www.wuxiappteccareers.com/job/70/research-associate-iii-research-scientist-us-ca-san-diego-6122-nancy-ridge-dr/
NEW Scientist I | San Diego, CA | 2026-09-08 — 58 applicants | https://www.wuxiappteccareers.com/job/325/scientist-i-research-scientist-us-ca-san-diego-6122-nancy-ridge-dr/
NEW Scientist II | San Diego, CA | 2026-08-14 — 29 applicants | https://www.wuxiappteccareers.com/job/300/scientist-ii-research-scientist-us-ca-san-diego-6122-nancy-ridge-dr/
NEW Security Engineer | United States | 2026-09-23 | https://www.wuxiappteccareers.com/job/336/security-engineer-it-us/
NEW Senior Business Development Manager | United States | 2026-08-31 — 51 applicants | https://www.wuxiappteccareers.com/job/315/senior-business-development-manager-business-development-us/
NEW … and 10 more (newposts.jsonl)
(2026-10-01T14:34:09)

WuXi AppTec board-watch 2026-10-02: +1 new, -0 gone (36 active [wuxiapptec_us_fulltime])
NEW Engineer - Formulation | Middletown, DE | 2026-09-09 | https://www.wuxiappteccareers.com/job/327/engineer-formulation-engineering-us-de-middletown/
(2026-10-02T14:49:21)

WuXi AppTec board-watch 2026-10-02: +0 new, -1 gone (35 active [wuxiapptec_us_fulltime])
GONE Scientist II (first seen 2026-10-01)
(2026-10-02T16:44:59)

WuXi AppTec board-watch 2026-10-05: +2 new, -0 gone (37 active [wuxiapptec_us_fulltime])
NEW Engineer – Inspection and Packaging | Middletown, DE | 2026-10-05 — 25 applicants | https://www.wuxiappteccareers.com/job/347/engineer-inspection-and-packaging-engineering-us-de-middletown/
NEW Scientific Director, Immune Diseases and Inflammation, In Vitro Pharmacology | United States | 2026-10-05 | https://www.wuxiappteccareers.com/job/348/scientific-director-immune-diseases-and-inflammation-in-vitro-pharmacology-research-associate-us/
(2026-10-05T15:32:25)

WuXi AppTec board-watch 2026-10-06: +0 new, -2 gone (35 active [wuxiapptec_us_fulltime])
GONE Facilities Technician II (first seen 2026-10-01)
GONE Facilities Technician II (first seen 2026-10-01)
(2026-10-06T13:59:15)

WuXi AppTec board-watch 2026-10-06: +0 new, -1 gone (34 active [wuxiapptec_us_fulltime])
GONE Production Operator (first seen 2026-10-01)
(2026-10-06T17:06:38)

WuXi AppTec board-watch 2026-10-07: +0 new, -2 gone (32 active [wuxiapptec_us_fulltime])
GONE Global CRM Systems Manager (first seen 2026-10-01)
GONE Senior Scientist I, Bioanalytical (first seen 2026-10-01)
(2026-10-07T01:16:51)

WuXi AppTec board-watch 2026-10-08: +1 new, -3 gone (30 active [wuxiapptec_us_fulltime])
NEW EHS Specialist II | Middletown, DE | 2026-08-31 — 25 applicants | https://www.wuxiappteccareers.com/job/314/ehs-specialist-ii-facilities-us-de-middletown/
GONE Associate Business Development Director, TIDES (first seen 2026-10-01)
GONE Engineer - Aseptic Filling (first seen 2026-10-01)
GONE Senior Manager CMC Project Management (first seen 2026-10-01)
(2026-10-08T14:28:34)

WuXi AppTec board-watch 2026-10-09: +1 new, -0 gone (31 active [wuxiapptec_us_fulltime])
NEW Scientist III | Cranbury, NJ | 2026-10-08 — 25 applicants | https://www.wuxiappteccareers.com/job/350/scientist-iii-bioanalytical-scientist-us-nj-cranbury-6-cedarbrook-dr/
(2026-10-09T04:18:59)

WuXi AppTec board-watch 2026-10-09: +1 new, -0 gone (32 active [wuxiapptec_us_fulltime])
NEW Research Associate I | San Diego, CA | 2026-10-09 | https://www.wuxiappteccareers.com/job/353/research-associate-i-research-scientist-us-ca-san-diego-6122-nancy-ridge-dr/
(2026-10-09T14:06:22)

