WuXi Biologics board-watch 2026-09-30: +61 new, -0 gone (61 active [wuxibio_us_fulltime])
NEW Lead Technician, Process Mechanic | United States | 2026-05-08 | https://www.wuxibiologics.com/join-us-lead-technician-process-mechanic/
NEW Senior Director, CMC | United States | 2026-05-08 — 25 applicants | https://www.wuxibiologics.com/join-us-senior-director-cmc-2/
NEW Scientist II, Drug Product Manufacturing | United States | 2026-05-08 | https://www.wuxibiologics.com/join-us-scientist-ii-drug-product-manufacturing/
NEW Quality Control Manager, PCT &#038; CQV | United States | 2026-05-08 | https://www.wuxibiologics.com/join-us-quality-control-manager-pct-cqv/
NEW Lab Operations &#038; Inventory Assistant (Contractor) | United States | 2026-05-08 | https://www.wuxibiologics.com/join-us-lab-operations-inventory-assistant-contractor/
NEW Senior Technician, Process Mechanic | United States | 2026-05-08 — 25 applicants | https://www.wuxibiologics.com/join-us-senior-technician-process-mechanic/
NEW Bioprocessing Associate II, MFG DSP | United States | 2026-05-08 — 25 applicants | https://www.wuxibiologics.com/join-us-bioprocessing-associate-ii-mfg-dsp-2/
NEW Scientist ll &#8211; SR Senior Scientist Ex Vivo &#038; 3D Model Assays | United States | 2026-05-05 | https://www.wuxibiologics.com/join-us-scientist-ll-sr-senior-scientist-ex-vivo-3d-model-assays/
NEW WBS Leader | United States | 2026-05-01 | https://www.wuxibiologics.com/join-us-wbs-leader/
NEW Drug Product Manufacturing Intern | United States | 2026-04-30 | https://www.wuxibiologics.com/join-us-drug-product-manufacturing-intern/
NEW Technician II, Drug Product Manufacturing | United States | 2026-04-30 | https://www.wuxibiologics.com/join-us-technician-ii-drug-product-manufacturing/
NEW Senior Engineer I, Validation | United States | 2026-04-30 | https://www.wuxibiologics.com/join-us-senior-engineer-i-validation/
NEW Technician II, Calibration | United States | 2026-04-30 | https://www.wuxibiologics.com/join-us-technician-ii-calibration/
NEW Technician II, Facilities (GMP Cleaner) | United States | 2026-04-29 | https://www.wuxibiologics.com/join-us-technician-ii-facilities-gmp-cleaner-2/
NEW Principal Scientist, Global Downstream Production | United States | 2026-04-28 | https://www.wuxibiologics.com/join-us-principal-scientist-global-downstream-production/
NEW Senior Director, Key Accounts | United States | 2026-04-28 — 193 applicants | https://www.wuxibiologics.com/join-us-senior-director-key-accounts/
NEW Principal Scientist, Global Downstream Production | United States | 2026-04-27 | https://www.wuxibiologics.com/join-us-principal-scientist-global-downstream-production-2/
NEW Principal Scientist, Global Upstream Production | United States | 2026-04-27 | https://www.wuxibiologics.com/join-us-principal-scientist-global-upstream-production/
NEW Principal Scientist, Global Upstream Production | United States | 2026-04-27 | https://www.wuxibiologics.com/join-us-principal-scientist-global-upstream-production-2/
NEW Senior Scientist II, Technology Transfer | United States | 2026-04-27 | https://www.wuxibiologics.com/join-us-senior-scientist-ii-technology-transfer/
NEW Senior Scientist II, Technology Transfer | United States | 2026-04-27 | https://www.wuxibiologics.com/join-us-senior-scientist-ii-technology-transfer-2/
NEW Specialist II, Manufacturing Production | United States | 2026-04-27 | https://www.wuxibiologics.com/join-us-specialist-ii-manufacturing-production/
NEW Specialist II, Manufacturing Production | United States | 2026-04-27 | https://www.wuxibiologics.com/join-us-specialist-ii-manufacturing-production-2/
NEW Specialist II, Manufacturing Production | United States | 2026-04-27 | https://www.wuxibiologics.com/join-us-specialist-ii-manufacturing-production-3/
NEW Specialist II, Manufacturing Production | United States | 2026-04-27 | https://www.wuxibiologics.com/join-us-specialist-ii-manufacturing-production-4/
NEW … and 36 more (newposts.jsonl)
(2026-09-30T13:44:41)

