board-watch xiaohongshu_us_fulltime FAILED: list fetch crashed (TimeoutError: The read operation timed out)
(2026-09-25T00:06:46)

board-watch xiaohongshu_us_fulltime EGRESS-BLOCKED: list fetch unreachable from THIS egress (declared egress_restricted='gha_us'; URLError: <urlopen error _ssl.c:993: The handshake operation timed out>) — EGRESS-BLOCKED, not failed; state untouched; auto-recovers if the block lifts
(2026-09-25T00:27:10)

board-watch xiaohongshu_us_fulltime EGRESS-BLOCKED: list fetch unreachable from THIS egress (declared egress_restricted='gha_us'; URLError: <urlopen error [Errno 101] Network is unreachable>) — EGRESS-BLOCKED, state untouched; streak 1/14
(2026-09-27T12:34:51)

board-watch xiaohongshu_us_fulltime EGRESS-BLOCKED: list fetch unreachable from THIS egress (declared egress_restricted='gha_us'; URLError: <urlopen error _ssl.c:993: The handshake operation timed out>) — EGRESS-BLOCKED, state untouched; streak 2/14
(2026-09-27T12:58:42)

board-watch xiaohongshu_us_fulltime EGRESS-BLOCKED: list fetch unreachable from THIS egress (declared egress_restricted='gha_us'; URLError: <urlopen error [Errno 101] Network is unreachable>) — EGRESS-BLOCKED, state untouched; streak 3/14
(2026-09-27T13:17:09)

board-watch xiaohongshu_us_fulltime EGRESS-BLOCKED: list fetch unreachable from THIS egress (declared egress_restricted='gha_us'; URLError: <urlopen error _ssl.c:993: The handshake operation timed out>) — EGRESS-BLOCKED, state untouched; streak 4/14
(2026-09-27T13:33:23)

board-watch xiaohongshu_us_fulltime EGRESS-BLOCKED: list fetch unreachable from THIS egress (declared egress_restricted='gha_us'; URLError: <urlopen error [Errno 101] Network is unreachable>) — EGRESS-BLOCKED, state untouched; streak 1/14
(2026-10-01T14:06:26)

board-watch xiaohongshu_us_fulltime EGRESS-BLOCKED: list fetch unreachable from THIS egress (declared egress_restricted='gha_us'; URLError: <urlopen error _ssl.c:993: The handshake operation timed out>) — EGRESS-BLOCKED, state untouched; streak 1/14
(2026-10-02T04:12:44)

board-watch xiaohongshu_us_fulltime EGRESS-BLOCKED: list fetch unreachable from THIS egress (declared egress_restricted='gha_us'; TimeoutError: The read operation timed out) — EGRESS-BLOCKED, state untouched; streak 1/14
(2026-10-02T15:21:32)

board-watch xiaohongshu_us_fulltime EGRESS-BLOCKED: list fetch unreachable from THIS egress (declared egress_restricted='gha_us'; URLError: <urlopen error _ssl.c:993: The handshake operation timed out>) — EGRESS-BLOCKED, state untouched; streak 1/14
(2026-10-02T17:06:24)

board-watch xiaohongshu_us_fulltime EGRESS-BLOCKED: list fetch unreachable from THIS egress (declared egress_restricted='gha_us'; TimeoutError: The read operation timed out) — EGRESS-BLOCKED, state untouched; streak 1/14
(2026-10-06T13:50:00)

